Archive member included to satisfy reference by file (symbol)

lib/librrf/librrf.a(CRC16.cpp.obj)
                              CMakeFiles/paneldue.elf.dir/src/Hardware/SerialIo.cpp.obj (CRC16::CRC16())
lib/librrf/librrf.a(SafeStrtod.cpp.obj)
                              CMakeFiles/paneldue.elf.dir/src/PanelDue.cpp.obj (SafeStrtof(char const*, char const**))
lib/librrf/librrf.a(SafeVsnprintf.cpp.obj)
                              CMakeFiles/paneldue.elf.dir/src/Hardware/SerialIo.cpp.obj (vuprintf(function_ref_noexcept<bool (char) noexcept>, char const*, std::__va_list))
lib/librrf/librrf.a(StringFunctions.cpp.obj)
                              CMakeFiles/paneldue.elf.dir/src/FileManager.cpp.obj (StringEqualsIgnoreCase(char const*, char const*))
lib/librrf/librrf.a(StringRef.cpp.obj)
                              CMakeFiles/paneldue.elf.dir/src/FileManager.cpp.obj (StringRef::vprintf(char const*, std::__va_list) const)
lib/librrf/librrf.a(Strnlen.cpp.obj)
                              CMakeFiles/paneldue.elf.dir/src/FileManager.cpp.obj (Strnlen(char const*, unsigned int))
lib/librrf/librrf.a(NumericConverter.cpp.obj)
                              lib/librrf/librrf.a(SafeStrtod.cpp.obj) (NumericConverter::FitsInInt32() const)
c:/program files (x86)/gnu arm embedded toolchain/10 2021.10/bin/../lib/gcc/arm-none-eabi/10.3.1/../../../../arm-none-eabi/lib/thumb/v7e-m/nofp\libm.a(lib_a-s_llrint.o)
                              lib/librrf/librrf.a(SafeVsnprintf.cpp.obj) (llrint)
c:/program files (x86)/gnu arm embedded toolchain/10 2021.10/bin/../lib/gcc/arm-none-eabi/10.3.1/thumb/v7e-m/nofp\libgcc.a(_arm_muldf3.o)
                              lib/librrf/librrf.a(SafeVsnprintf.cpp.obj) (__aeabi_dmul)
c:/program files (x86)/gnu arm embedded toolchain/10 2021.10/bin/../lib/gcc/arm-none-eabi/10.3.1/thumb/v7e-m/nofp\libgcc.a(_arm_mulsf3.o)
                              CMakeFiles/paneldue.elf.dir/src/PanelDue.cpp.obj (__aeabi_fmul)
c:/program files (x86)/gnu arm embedded toolchain/10 2021.10/bin/../lib/gcc/arm-none-eabi/10.3.1/thumb/v7e-m/nofp\libgcc.a(_arm_addsubdf3.o)
                              c:/program files (x86)/gnu arm embedded toolchain/10 2021.10/bin/../lib/gcc/arm-none-eabi/10.3.1/../../../../arm-none-eabi/lib/thumb/v7e-m/nofp\libm.a(lib_a-s_llrint.o) (__aeabi_dsub)
c:/program files (x86)/gnu arm embedded toolchain/10 2021.10/bin/../lib/gcc/arm-none-eabi/10.3.1/thumb/v7e-m/nofp\libgcc.a(_arm_muldivdf3.o)
                              CMakeFiles/paneldue.elf.dir/src/UI/UserInterface.cpp.obj (__aeabi_ddiv)
c:/program files (x86)/gnu arm embedded toolchain/10 2021.10/bin/../lib/gcc/arm-none-eabi/10.3.1/thumb/v7e-m/nofp\libgcc.a(_arm_cmpdf2.o)
                              lib/librrf/librrf.a(SafeVsnprintf.cpp.obj) (__aeabi_dcmpeq)
c:/program files (x86)/gnu arm embedded toolchain/10 2021.10/bin/../lib/gcc/arm-none-eabi/10.3.1/thumb/v7e-m/nofp\libgcc.a(_arm_unorddf2.o)
                              lib/librrf/librrf.a(SafeVsnprintf.cpp.obj) (__aeabi_dcmpun)
c:/program files (x86)/gnu arm embedded toolchain/10 2021.10/bin/../lib/gcc/arm-none-eabi/10.3.1/thumb/v7e-m/nofp\libgcc.a(_arm_truncdfsf2.o)
                              lib/librrf/librrf.a(NumericConverter.cpp.obj) (__aeabi_d2f)
c:/program files (x86)/gnu arm embedded toolchain/10 2021.10/bin/../lib/gcc/arm-none-eabi/10.3.1/thumb/v7e-m/nofp\libgcc.a(_arm_addsubsf3.o)
                              CMakeFiles/paneldue.elf.dir/src/PanelDue.cpp.obj (__aeabi_fsub)
c:/program files (x86)/gnu arm embedded toolchain/10 2021.10/bin/../lib/gcc/arm-none-eabi/10.3.1/thumb/v7e-m/nofp\libgcc.a(_arm_muldivsf3.o)
                              CMakeFiles/paneldue.elf.dir/src/PanelDue.cpp.obj (__aeabi_fdiv)
c:/program files (x86)/gnu arm embedded toolchain/10 2021.10/bin/../lib/gcc/arm-none-eabi/10.3.1/thumb/v7e-m/nofp\libgcc.a(_arm_cmpsf2.o)
                              CMakeFiles/paneldue.elf.dir/src/UI/UserInterface.cpp.obj (__aeabi_fcmpeq)
c:/program files (x86)/gnu arm embedded toolchain/10 2021.10/bin/../lib/gcc/arm-none-eabi/10.3.1/thumb/v7e-m/nofp\libgcc.a(_arm_unordsf2.o)
                              CMakeFiles/paneldue.elf.dir/src/UI/UserInterface.cpp.obj (__aeabi_fcmpun)
c:/program files (x86)/gnu arm embedded toolchain/10 2021.10/bin/../lib/gcc/arm-none-eabi/10.3.1/thumb/v7e-m/nofp\libgcc.a(_arm_fixsfsi.o)
                              CMakeFiles/paneldue.elf.dir/src/PanelDue.cpp.obj (__aeabi_f2iz)
c:/program files (x86)/gnu arm embedded toolchain/10 2021.10/bin/../lib/gcc/arm-none-eabi/10.3.1/thumb/v7e-m/nofp\libgcc.a(_arm_fixunssfsi.o)
                              CMakeFiles/paneldue.elf.dir/src/PanelDue.cpp.obj (__aeabi_f2uiz)
c:/program files (x86)/gnu arm embedded toolchain/10 2021.10/bin/../lib/gcc/arm-none-eabi/10.3.1/thumb/v7e-m/nofp\libgcc.a(_aeabi_ldivmod.o)
                              lib/librrf/librrf.a(SafeVsnprintf.cpp.obj) (__aeabi_ldivmod)
[...]
Memory Configuration

Name             Origin             Length             Attributes
rom              0x00400000         0x00040000         xr
ram              0x20000000         0x00010000         xrw
*default*        0x00000000         0xffffffff

Linker script and memory map

LOAD c:/program files (x86)/gnu arm embedded toolchain/10 2021.10/bin/../lib/gcc/arm-none-eabi/10.3.1/thumb/v7e-m/nofp/crti.o
LOAD c:/program files (x86)/gnu arm embedded toolchain/10 2021.10/bin/../lib/gcc/arm-none-eabi/10.3.1/thumb/v7e-m/nofp/crtbegin.o
LOAD c:/program files (x86)/gnu arm embedded toolchain/10 2021.10/bin/../lib/gcc/arm-none-eabi/10.3.1/../../../../arm-none-eabi/lib/thumb/v7e-m/nofp/crt0.o
                0x00001000                __stack_size__ = 0x1000
LOAD CMakeFiles/paneldue.elf.dir/src/ASF/sam/utils/cmsis/sam4s/source/templates/system_sam4s.c.obj
LOAD CMakeFiles/paneldue.elf.dir/src/ASF/sam/utils/cmsis/sam4s/source/templates/gcc/startup_sam4s.c.obj
LOAD CMakeFiles/paneldue.elf.dir/src/ASF/common/services/clock/sam4s/sysclk.c.obj
LOAD CMakeFiles/paneldue.elf.dir/src/ASF/common/boards/user_board/init.c.obj
LOAD CMakeFiles/paneldue.elf.dir/src/ASF/common/services/delay/sam/cycle_counter.c.obj
LOAD CMakeFiles/paneldue.elf.dir/src/ASF/common/utils/interrupt/interrupt_sam_nvic.c.obj
LOAD CMakeFiles/paneldue.elf.dir/src/ASF/sam/drivers/chipid/chipid.c.obj
LOAD CMakeFiles/paneldue.elf.dir/src/ASF/sam/drivers/efc/efc.c.obj
LOAD CMakeFiles/paneldue.elf.dir/src/ASF/sam/drivers/matrix/matrix.c.obj
LOAD CMakeFiles/paneldue.elf.dir/src/ASF/sam/drivers/pio/pio.c.obj
LOAD CMakeFiles/paneldue.elf.dir/src/ASF/sam/drivers/pio/pio_handler.c.obj
LOAD CMakeFiles/paneldue.elf.dir/src/ASF/sam/drivers/pmc/pmc.c.obj
LOAD CMakeFiles/paneldue.elf.dir/src/ASF/sam/drivers/pwm/pwm.c.obj
LOAD CMakeFiles/paneldue.elf.dir/src/ASF/sam/drivers/rstc/rstc.c.obj
LOAD CMakeFiles/paneldue.elf.dir/src/ASF/sam/drivers/uart/uart.c.obj
LOAD CMakeFiles/paneldue.elf.dir/src/ASF/sam/drivers/wdt/wdt.c.obj
LOAD CMakeFiles/paneldue.elf.dir/src/ASF/sam/services/flash_efc/flash_efc.c.obj
LOAD CMakeFiles/paneldue.elf.dir/src/ASF/sam/utils/syscalls/gcc/syscalls.c.obj
LOAD CMakeFiles/paneldue.elf.dir/src/FileManager.cpp.obj
LOAD CMakeFiles/paneldue.elf.dir/src/FlashData.cpp.obj
LOAD CMakeFiles/paneldue.elf.dir/src/Fonts/glcd19x21.cpp.obj
LOAD CMakeFiles/paneldue.elf.dir/src/Fonts/glcd28x32.cpp.obj
LOAD CMakeFiles/paneldue.elf.dir/src/Hardware/Backlight.cpp.obj
LOAD CMakeFiles/paneldue.elf.dir/src/Hardware/Buzzer.cpp.obj
LOAD CMakeFiles/paneldue.elf.dir/src/Hardware/FlashStorage.cpp.obj
LOAD CMakeFiles/paneldue.elf.dir/src/Hardware/Mem.cpp.obj
LOAD CMakeFiles/paneldue.elf.dir/src/Hardware/OneBitPort.cpp.obj
LOAD CMakeFiles/paneldue.elf.dir/src/Hardware/Reset.cpp.obj
LOAD CMakeFiles/paneldue.elf.dir/src/Hardware/RotaryEncoder.cpp.obj
LOAD CMakeFiles/paneldue.elf.dir/src/Hardware/SerialIo.cpp.obj
LOAD CMakeFiles/paneldue.elf.dir/src/Hardware/SysTick.cpp.obj
LOAD CMakeFiles/paneldue.elf.dir/src/Hardware/UTFT.cpp.obj
LOAD CMakeFiles/paneldue.elf.dir/src/Hardware/UTouch.cpp.obj
LOAD CMakeFiles/paneldue.elf.dir/src/Icons/HomeIcons.cpp.obj
LOAD CMakeFiles/paneldue.elf.dir/src/Icons/KeyIcons.cpp.obj
LOAD CMakeFiles/paneldue.elf.dir/src/Icons/MiscIcons.cpp.obj
LOAD CMakeFiles/paneldue.elf.dir/src/Icons/NozzleIcons.cpp.obj
LOAD CMakeFiles/paneldue.elf.dir/src/Library/Misc.cpp.obj
LOAD CMakeFiles/paneldue.elf.dir/src/Library/Thumbnail.cpp.obj
LOAD CMakeFiles/paneldue.elf.dir/src/ObjectModel/Axis.cpp.obj
LOAD CMakeFiles/paneldue.elf.dir/src/ObjectModel/BedOrChamber.cpp.obj
LOAD CMakeFiles/paneldue.elf.dir/src/ObjectModel/Spindle.cpp.obj
LOAD CMakeFiles/paneldue.elf.dir/src/ObjectModel/Tool.cpp.obj
LOAD CMakeFiles/paneldue.elf.dir/src/ObjectModel/Utils.cpp.obj
LOAD CMakeFiles/paneldue.elf.dir/src/PanelDue.cpp.obj
LOAD CMakeFiles/paneldue.elf.dir/src/RequestTimer.cpp.obj
LOAD CMakeFiles/paneldue.elf.dir/src/UI/ColourSchemes.cpp.obj
LOAD CMakeFiles/paneldue.elf.dir/src/UI/Display.cpp.obj
LOAD CMakeFiles/paneldue.elf.dir/src/UI/MessageLog.cpp.obj
LOAD CMakeFiles/paneldue.elf.dir/src/UI/Popup.cpp.obj
LOAD CMakeFiles/paneldue.elf.dir/src/UI/UserInterface.cpp.obj
LOAD CMakeFiles/paneldue.elf.dir/lib/base64/base64.c.obj
LOAD lib/librrf/librrf.a
LOAD c:/program files (x86)/gnu arm embedded toolchain/10 2021.10/bin/../lib/gcc/arm-none-eabi/10.3.1/../../../../arm-none-eabi/lib/thumb/v7e-m/nofp\libstdc++_nano.a
LOAD c:/program files (x86)/gnu arm embedded toolchain/10 2021.10/bin/../lib/gcc/arm-none-eabi/10.3.1/../../../../arm-none-eabi/lib/thumb/v7e-m/nofp\libm.a
START GROUP
LOAD c:/program files (x86)/gnu arm embedded toolchain/10 2021.10/bin/../lib/gcc/arm-none-eabi/10.3.1/thumb/v7e-m/nofp\libgcc.a
LOAD c:/program files (x86)/gnu arm embedded toolchain/10 2021.10/bin/../lib/gcc/arm-none-eabi/10.3.1/../../../../arm-none-eabi/lib/thumb/v7e-m/nofp\libg_nano.a
LOAD c:/program files (x86)/gnu arm embedded toolchain/10 2021.10/bin/../lib/gcc/arm-none-eabi/10.3.1/../../../../arm-none-eabi/lib/thumb/v7e-m/nofp\libc_nano.a
END GROUP
START GROUP
LOAD c:/program files (x86)/gnu arm embedded toolchain/10 2021.10/bin/../lib/gcc/arm-none-eabi/10.3.1/thumb/v7e-m/nofp\libgcc.a
LOAD c:/program files (x86)/gnu arm embedded toolchain/10 2021.10/bin/../lib/gcc/arm-none-eabi/10.3.1/../../../../arm-none-eabi/lib/thumb/v7e-m/nofp\libc_nano.a
END GROUP
LOAD c:/program files (x86)/gnu arm embedded toolchain/10 2021.10/bin/../lib/gcc/arm-none-eabi/10.3.1/thumb/v7e-m/nofp/crtend.o
LOAD c:/program files (x86)/gnu arm embedded toolchain/10 2021.10/bin/../lib/gcc/arm-none-eabi/10.3.1/thumb/v7e-m/nofp/crtn.o
                0x20000000                __ram_start__ = ORIGIN (ram)
                0x2000fffc                __ram_end__ = ((ORIGIN (ram) + LENGTH (ram)) - 0x4)
                0x00400000                __flash_start__ = ORIGIN (rom)
                0x00440000                __flash_end__ = (ORIGIN (rom) + LENGTH (rom))

.text           0x00400000    0x3993c
                0x00400000                . = ALIGN (0x4)
                0x00400000                _sfixed = .
 *(.vectors .vectors.*)
 .vectors       0x00400000       0xcc CMakeFiles/paneldue.elf.dir/src/ASF/sam/utils/cmsis/sam4s/source/templates/gcc/startup_sam4s.c.obj
                0x00400000                exception_table
 *(.text .text.* .gnu.linkonce.t.*)
 .text          0x004000cc       0x40 c:/program files (x86)/gnu arm embedded toolchain/10 2021.10/bin/../lib/gcc/arm-none-eabi/10.3.1/thumb/v7e-m/nofp/crtbegin.o
 .text.SystemInit
                0x0040010c        0x8 CMakeFiles/paneldue.elf.dir/src/ASF/sam/utils/cmsis/sam4s/source/templates/system_sam4s.c.obj
                0x0040010c                SystemInit
 .text.SystemCoreClockUpdate
                0x00400114       0xcc CMakeFiles/paneldue.elf.dir/src/ASF/sam/utils/cmsis/sam4s/source/templates/system_sam4s.c.obj
                0x00400114                SystemCoreClockUpdate
 .text.system_init_flash
                0x004001e0       0x54 CMakeFiles/paneldue.elf.dir/src/ASF/sam/utils/cmsis/sam4s/source/templates/system_sam4s.c.obj
                0x004001e0                system_init_flash
 .text.Dummy_Handler
                0x00400234        0x2 CMakeFiles/paneldue.elf.dir/src/ASF/sam/utils/cmsis/sam4s/source/templates/gcc/startup_sam4s.c.obj
                0x00400234                DACC_Handler
                0x00400234                DebugMon_Handler
                0x00400234                HardFault_Handler
                0x00400234                TC2_Handler
                0x00400234                SPI_Handler
                0x00400234                TWI1_Handler
                0x00400234                PendSV_Handler
                0x00400234                NMI_Handler
                0x00400234                ADC_Handler
                0x00400234                CRCCU_Handler
                0x00400234                USART0_Handler
                0x00400234                RTT_Handler
                0x00400234                RTC_Handler
                0x00400234                UsageFault_Handler
                0x00400234                WDT_Handler
                0x00400234                TC1_Handler
                0x00400234                HSMCI_Handler
                0x00400234                UART1_Handler
                0x00400234                Dummy_Handler
                0x00400234                TWI0_Handler
                0x00400234                USART1_Handler
                0x00400234                SSC_Handler
                0x00400234                EFC0_Handler
                0x00400234                ACC_Handler
                0x00400234                PMC_Handler
                0x00400234                PWM_Handler
                0x00400234                MemManage_Handler
                0x00400234                SUPC_Handler
                0x00400234                SVC_Handler
                0x00400234                UDP_Handler
                0x00400234                BusFault_Handler
                0x00400234                RSTC_Handler
                0x00400234                TC0_Handler
 *fill*         0x00400236        0x2 
 .text.Reset_Handler
                0x00400238       0x78 CMakeFiles/paneldue.elf.dir/src/ASF/sam/utils/cmsis/sam4s/source/templates/gcc/startup_sam4s.c.obj
                0x00400238                Reset_Handler
 .text.osc_enable
                0x004002b0       0x48 CMakeFiles/paneldue.elf.dir/src/ASF/common/services/clock/sam4s/sysclk.c.obj
 .text.osc_wait_ready.constprop.0
                0x004002f8       0x10 CMakeFiles/paneldue.elf.dir/src/ASF/common/services/clock/sam4s/sysclk.c.obj
 .text.sysclk_init
                0x00400308       0x64 CMakeFiles/paneldue.elf.dir/src/ASF/common/services/clock/sam4s/sysclk.c.obj
                0x00400308                sysclk_init
 .text.efc_get_result
                0x0040036c        0x4 CMakeFiles/paneldue.elf.dir/src/ASF/sam/drivers/efc/efc.c.obj
                0x0040036c                efc_get_result
 .text.efc_perform_command
                0x00400370       0x28 CMakeFiles/paneldue.elf.dir/src/ASF/sam/drivers/efc/efc.c.obj
                0x00400370                efc_perform_command
 .text.matrix_set_system_io
                0x00400398        0xc CMakeFiles/paneldue.elf.dir/src/ASF/sam/drivers/matrix/matrix.c.obj
                0x00400398                matrix_set_system_io
 .text.pio_set_peripheral
                0x004003a4       0x6e CMakeFiles/paneldue.elf.dir/src/ASF/sam/drivers/pio/pio.c.obj
                0x004003a4                pio_set_peripheral
 .text.pio_set_input
                0x00400412       0x2c CMakeFiles/paneldue.elf.dir/src/ASF/sam/drivers/pio/pio.c.obj
                0x00400412                pio_set_input
 .text.pio_set_output
                0x0040043e       0x24 CMakeFiles/paneldue.elf.dir/src/ASF/sam/drivers/pio/pio.c.obj
                0x0040043e                pio_set_output
 *fill*         0x00400462        0x2 
 .text.pio_configure
                0x00400464       0x84 CMakeFiles/paneldue.elf.dir/src/ASF/sam/drivers/pio/pio.c.obj
                0x00400464                pio_configure
 .text.pio_enable_output_write
                0x004004e8        0x6 CMakeFiles/paneldue.elf.dir/src/ASF/sam/drivers/pio/pio.c.obj
                0x004004e8                pio_enable_output_write
 .text.pio_get_interrupt_status
                0x004004ee        0x4 CMakeFiles/paneldue.elf.dir/src/ASF/sam/drivers/pio/pio.c.obj
                0x004004ee                pio_get_interrupt_status
 .text.pio_get_interrupt_mask
                0x004004f2        0x4 CMakeFiles/paneldue.elf.dir/src/ASF/sam/drivers/pio/pio.c.obj
                0x004004f2                pio_get_interrupt_mask
 *fill*         0x004004f6        0x2 
 .text.pio_handler_process
                0x004004f8       0x6c CMakeFiles/paneldue.elf.dir/src/ASF/sam/drivers/pio/pio_handler.c.obj
                0x004004f8                pio_handler_process
 .text.PIOA_Handler
                0x00400564       0x10 CMakeFiles/paneldue.elf.dir/src/ASF/sam/drivers/pio/pio_handler.c.obj
                0x00400564                PIOA_Handler
 .text.PIOB_Handler
                0x00400574       0x10 CMakeFiles/paneldue.elf.dir/src/ASF/sam/drivers/pio/pio_handler.c.obj
                0x00400574                PIOB_Handler
 .text.pmc_switch_mck_to_pllack
                0x00400584       0x44 CMakeFiles/paneldue.elf.dir/src/ASF/sam/drivers/pmc/pmc.c.obj
                0x00400584                pmc_switch_mck_to_pllack
 .text.pmc_switch_sclk_to_32kxtal
                0x004005c8       0x20 CMakeFiles/paneldue.elf.dir/src/ASF/sam/drivers/pmc/pmc.c.obj
                0x004005c8                pmc_switch_sclk_to_32kxtal
 .text.pmc_switch_mainck_to_fastrc
                0x004005e8       0x44 CMakeFiles/paneldue.elf.dir/src/ASF/sam/drivers/pmc/pmc.c.obj
                0x004005e8                pmc_switch_mainck_to_fastrc
 .text.pmc_switch_mainck_to_xtal
                0x0040062c       0x4c CMakeFiles/paneldue.elf.dir/src/ASF/sam/drivers/pmc/pmc.c.obj
                0x0040062c                pmc_switch_mainck_to_xtal
 .text.pmc_osc_is_ready_mainck
                0x00400678       0x10 CMakeFiles/paneldue.elf.dir/src/ASF/sam/drivers/pmc/pmc.c.obj
                0x00400678                pmc_osc_is_ready_mainck
 .text.pmc_disable_pllack
                0x00400688       0x10 CMakeFiles/paneldue.elf.dir/src/ASF/sam/drivers/pmc/pmc.c.obj
                0x00400688                pmc_disable_pllack
 .text.pmc_is_locked_pllack
                0x00400698       0x10 CMakeFiles/paneldue.elf.dir/src/ASF/sam/drivers/pmc/pmc.c.obj
                0x00400698                pmc_is_locked_pllack
 .text.pmc_enable_periph_clk
                0x004006a8       0x40 CMakeFiles/paneldue.elf.dir/src/ASF/sam/drivers/pmc/pmc.c.obj
                0x004006a8                pmc_enable_periph_clk
 .text.pwm_clocks_generate
                0x004006e8       0x4c CMakeFiles/paneldue.elf.dir/src/ASF/sam/drivers/pwm/pwm.c.obj
 .text.pwm_init
                0x00400734       0x44 CMakeFiles/paneldue.elf.dir/src/ASF/sam/drivers/pwm/pwm.c.obj
                0x00400734                pwm_init
 .text.pwm_channel_init
                0x00400778       0xdc CMakeFiles/paneldue.elf.dir/src/ASF/sam/drivers/pwm/pwm.c.obj
                0x00400778                pwm_channel_init
 .text.pwm_channel_enable
                0x00400854        0x8 CMakeFiles/paneldue.elf.dir/src/ASF/sam/drivers/pwm/pwm.c.obj
                0x00400854                pwm_channel_enable
 .text.pwm_channel_disable
                0x0040085c        0x8 CMakeFiles/paneldue.elf.dir/src/ASF/sam/drivers/pwm/pwm.c.obj
                0x0040085c                pwm_channel_disable
 .text.rstc_start_software_reset
                0x00400864        0xc CMakeFiles/paneldue.elf.dir/src/ASF/sam/drivers/rstc/rstc.c.obj
                0x00400864                rstc_start_software_reset
 .text.rstc_get_reset_cause
                0x00400870        0x8 CMakeFiles/paneldue.elf.dir/src/ASF/sam/drivers/rstc/rstc.c.obj
                0x00400870                rstc_get_reset_cause
 .text.uart_init
                0x00400878       0x34 CMakeFiles/paneldue.elf.dir/src/ASF/sam/drivers/uart/uart.c.obj
                0x00400878                uart_init
 .text.uart_enable_interrupt
                0x004008ac        0x4 CMakeFiles/paneldue.elf.dir/src/ASF/sam/drivers/uart/uart.c.obj
                0x004008ac                uart_enable_interrupt
 .text.uart_disable_interrupt
                0x004008b0        0x4 CMakeFiles/paneldue.elf.dir/src/ASF/sam/drivers/uart/uart.c.obj
                0x004008b0                uart_disable_interrupt
 .text.uart_write
                0x004008b4        0xe CMakeFiles/paneldue.elf.dir/src/ASF/sam/drivers/uart/uart.c.obj
                0x004008b4                uart_write
 *fill*         0x004008c2        0x2 
 .text.wdt_init
                0x004008c4       0x18 CMakeFiles/paneldue.elf.dir/src/ASF/sam/drivers/wdt/wdt.c.obj
                0x004008c4                wdt_init
 .text.wdt_restart
                0x004008dc       0x18 CMakeFiles/paneldue.elf.dir/src/ASF/sam/drivers/wdt/wdt.c.obj
                0x004008dc                wdt_restart
 .text.flash_unlock
                0x004008f4       0x54 CMakeFiles/paneldue.elf.dir/src/ASF/sam/services/flash_efc/flash_efc.c.obj
                0x004008f4                flash_unlock
 .text.flash_is_gpnvm_set
                0x00400948       0x40 CMakeFiles/paneldue.elf.dir/src/ASF/sam/services/flash_efc/flash_efc.c.obj
                0x00400948                flash_is_gpnvm_set
 .text.flash_clear_gpnvm
                0x00400988       0x34 CMakeFiles/paneldue.elf.dir/src/ASF/sam/services/flash_efc/flash_efc.c.obj
                0x00400988                flash_clear_gpnvm
 .text.flash_read_user_signature
                0x004009bc       0x28 CMakeFiles/paneldue.elf.dir/src/ASF/sam/services/flash_efc/flash_efc.c.obj
                0x004009bc                flash_read_user_signature
 .text.flash_write_user_signature
                0x004009e4       0x50 CMakeFiles/paneldue.elf.dir/src/ASF/sam/services/flash_efc/flash_efc.c.obj
                0x004009e4                flash_write_user_signature
 .text.flash_erase_user_signature
                0x00400a34       0x14 CMakeFiles/paneldue.elf.dir/src/ASF/sam/services/flash_efc/flash_efc.c.obj
                0x00400a34                flash_erase_user_signature
 .text._ZN21function_ref_noexceptIDoFbPKcS1_EE11callback_fnIZN11FileManager18EndReceivedMessageEvEUlT_T0_E_EEbPvS1_S1_
                0x00400a48       0x18 CMakeFiles/paneldue.elf.dir/src/FileManager.cpp.obj
 .text._ZN6StringILj100EE3catEc.isra.0
                0x00400a60       0x18 CMakeFiles/paneldue.elf.dir/src/FileManager.cpp.obj
 .text._ZN6StringILj100EE4copyEPKc.isra.0
                0x00400a78       0x18 CMakeFiles/paneldue.elf.dir/src/FileManager.cpp.obj
 .text._ZN11FileManager7FileSetC2EPKcjb
                0x00400a90       0x58 CMakeFiles/paneldue.elf.dir/src/FileManager.cpp.obj
                0x00400a90                FileManager::FileSet::FileSet(char const*, unsigned int, bool)
                0x00400a90                FileManager::FileSet::FileSet(char const*, unsigned int, bool)
 .text._ZN11FileManager7FileSet20ReloadMacroShortListEi
                0x00400ae8       0x40 CMakeFiles/paneldue.elf.dir/src/FileManager.cpp.obj
                0x00400ae8                FileManager::FileSet::ReloadMacroShortList(int)
 .text._ZN11FileManager7FileSet10SetPendingEv
                0x00400b28       0x48 CMakeFiles/paneldue.elf.dir/src/FileManager.cpp.obj
                0x00400b28                FileManager::FileSet::SetPending()
 .text._ZN11FileManager7FileSet13SetupRootPathEv
                0x00400b70       0x34 CMakeFiles/paneldue.elf.dir/src/FileManager.cpp.obj
                0x00400b70                FileManager::FileSet::SetupRootPath()
 .text._ZN11FileManager15BeginNewMessageEv
                0x00400ba4       0x1c CMakeFiles/paneldue.elf.dir/src/FileManager.cpp.obj
                0x00400ba4                FileManager::BeginNewMessage()
 .text._ZN11FileManager19BeginReceivingFilesEv
                0x00400bc0       0x24 CMakeFiles/paneldue.elf.dir/src/FileManager.cpp.obj
                0x00400bc0                FileManager::BeginReceivingFiles()
 .text._ZN11FileManager11ReceiveFileEPKc
                0x00400be4       0x64 CMakeFiles/paneldue.elf.dir/src/FileManager.cpp.obj
                0x00400be4                FileManager::ReceiveFile(char const*)
 .text._ZN11FileManager20ReceiveDirectoryNameEPKc
                0x00400c48       0x10 CMakeFiles/paneldue.elf.dir/src/FileManager.cpp.obj
                0x00400c48                FileManager::ReceiveDirectoryName(char const*)
 .text._ZN11FileManager16ReceiveErrorCodeEi
                0x00400c58       0x14 CMakeFiles/paneldue.elf.dir/src/FileManager.cpp.obj
                0x00400c58                FileManager::ReceiveErrorCode(int)
 .text._ZN11FileManager11GetFilesDirEv
                0x00400c6c        0x8 CMakeFiles/paneldue.elf.dir/src/FileManager.cpp.obj
                0x00400c6c                FileManager::GetFilesDir()
 .text._ZN11FileManager12GetMacrosDirEv
                0x00400c74        0x8 CMakeFiles/paneldue.elf.dir/src/FileManager.cpp.obj
                0x00400c74                FileManager::GetMacrosDir()
 .text._ZN11FileManager16GetMacrosRootDirEv
                0x00400c7c        0xc CMakeFiles/paneldue.elf.dir/src/FileManager.cpp.obj
                0x00400c7c                FileManager::GetMacrosRootDir()
 .text._ZN11FileManager16RefreshFilesListEv
                0x00400c88       0x10 CMakeFiles/paneldue.elf.dir/src/FileManager.cpp.obj
                0x00400c88                FileManager::RefreshFilesList()
 .text._ZN11FileManager17RefreshMacrosListEv
                0x00400c98       0x10 CMakeFiles/paneldue.elf.dir/src/FileManager.cpp.obj
                0x00400c98                FileManager::RefreshMacrosList()
 .text._ZN11FileManager13ProcessTimersEv
                0x00400ca8       0x24 CMakeFiles/paneldue.elf.dir/src/FileManager.cpp.obj
                0x00400ca8                FileManager::ProcessTimers()
 .text._ZN11FileManager13SetNumVolumesEj
                0x00400ccc       0x10 CMakeFiles/paneldue.elf.dir/src/FileManager.cpp.obj
                0x00400ccc                FileManager::SetNumVolumes(unsigned int)
 .text._ZN11FileManager23FirmwareFeaturesChangedEv
                0x00400cdc       0x10 CMakeFiles/paneldue.elf.dir/src/FileManager.cpp.obj
                0x00400cdc                FileManager::FirmwareFeaturesChanged()
 .text._ZNK6StringILj100EE6strlenEv
                0x00400cec        0xc CMakeFiles/paneldue.elf.dir/src/FileManager.cpp.obj
                0x00400cec                String<100u>::strlen() const
 .text._ZNK11FileManager7FileSet10IsInSubdirEv
                0x00400cf8       0x70 CMakeFiles/paneldue.elf.dir/src/FileManager.cpp.obj
                0x00400cf8                FileManager::FileSet::IsInSubdir() const
 .text._ZN11FileManager7FileSet15FileListUpdatedEv
                0x00400d68      0x120 CMakeFiles/paneldue.elf.dir/src/FileManager.cpp.obj
                0x00400d68                FileManager::FileSet::FileListUpdated()
 .text._ZN11FileManager7FileSet6ScrollEi
                0x00400e88       0x14 CMakeFiles/paneldue.elf.dir/src/FileManager.cpp.obj
                0x00400e88                FileManager::FileSet::Scroll(int)
 .text._ZN11FileManager11ScrollFilesEi
                0x00400e9c       0x10 CMakeFiles/paneldue.elf.dir/src/FileManager.cpp.obj
                0x00400e9c                FileManager::ScrollFiles(int)
 .text._ZN11FileManager12ScrollMacrosEi
                0x00400eac       0x10 CMakeFiles/paneldue.elf.dir/src/FileManager.cpp.obj
                0x00400eac                FileManager::ScrollMacros(int)
 .text._ZN11FileManager7FileSet7DisplayEv
                0x00400ebc       0x40 CMakeFiles/paneldue.elf.dir/src/FileManager.cpp.obj
                0x00400ebc                FileManager::FileSet::Display()
 .text._ZN11FileManager16DisplayFilesListEv
                0x00400efc       0x10 CMakeFiles/paneldue.elf.dir/src/FileManager.cpp.obj
                0x00400efc                FileManager::DisplayFilesList()
 .text._ZN11FileManager17DisplayMacrosListEv
                0x00400f0c       0x10 CMakeFiles/paneldue.elf.dir/src/FileManager.cpp.obj
                0x00400f0c                FileManager::DisplayMacrosList()
 .text._ZN11FileManager7FileSet20StatusJobPageUpdatedEv
                0x00400f1c       0xb4 CMakeFiles/paneldue.elf.dir/src/FileManager.cpp.obj
                0x00400f1c                FileManager::FileSet::StatusJobPageUpdated()
 .text._ZN11FileManager7FileSet19ScrollStatusJobPageEi
                0x00400fd0       0x14 CMakeFiles/paneldue.elf.dir/src/FileManager.cpp.obj
                0x00400fd0                FileManager::FileSet::ScrollStatusJobPage(int)
 .text._ZN11FileManager15ScrollFilesPageEi
                0x00400fe4       0x10 CMakeFiles/paneldue.elf.dir/src/FileManager.cpp.obj
                0x00400fe4                FileManager::ScrollFilesPage(int)
 .text._ZN11FileManager7FileSet20DisplayStatusJobPageEv
                0x00400ff4       0x1c CMakeFiles/paneldue.elf.dir/src/FileManager.cpp.obj
                0x00400ff4                FileManager::FileSet::DisplayStatusJobPage()
 .text._ZN11FileManager16DisplayFilesPageEv
                0x00401010       0x10 CMakeFiles/paneldue.elf.dir/src/FileManager.cpp.obj
                0x00401010                FileManager::DisplayFilesPage()
 .text._ZN11FileManager7FileSet24ControlMacrosPageUpdatedEv
                0x00401020       0xb4 CMakeFiles/paneldue.elf.dir/src/FileManager.cpp.obj
                0x00401020                FileManager::FileSet::ControlMacrosPageUpdated()
 .text._ZN11FileManager7FileSet23ScrollControlMacrosPageEi
                0x004010d4       0x14 CMakeFiles/paneldue.elf.dir/src/FileManager.cpp.obj
                0x004010d4                FileManager::FileSet::ScrollControlMacrosPage(int)
 .text._ZN11FileManager23ScrollControlMacrosPageEi
                0x004010e8       0x10 CMakeFiles/paneldue.elf.dir/src/FileManager.cpp.obj
                0x004010e8                FileManager::ScrollControlMacrosPage(int)
 .text._ZN11FileManager7FileSet24DisplayControlMacrosPageEv
                0x004010f8       0x1c CMakeFiles/paneldue.elf.dir/src/FileManager.cpp.obj
                0x004010f8                FileManager::FileSet::DisplayControlMacrosPage()
 .text._ZN11FileManager24DisplayControlMacrosPageEv
                0x00401114       0x10 CMakeFiles/paneldue.elf.dir/src/FileManager.cpp.obj
                0x00401114                FileManager::DisplayControlMacrosPage()
 .text._ZN11FileManager7FileSet6ReloadERK6StringILj100EEi
                0x00401124       0x5c CMakeFiles/paneldue.elf.dir/src/FileManager.cpp.obj
                0x00401124                FileManager::FileSet::Reload(String<100u> const&, int)
 .text._ZN11FileManager7FileSet25RequestStatusJobParentDirEv
                0x00401180       0x70 CMakeFiles/paneldue.elf.dir/src/FileManager.cpp.obj
                0x00401180                FileManager::FileSet::RequestStatusJobParentDir()
 .text._ZN11FileManager25RequestFilesPageParentDirEv
                0x004011f0       0x10 CMakeFiles/paneldue.elf.dir/src/FileManager.cpp.obj
                0x004011f0                FileManager::RequestFilesPageParentDir()
 .text._ZN11FileManager7FileSet29RequestControlMacrosParentDirEv
                0x00401200       0x70 CMakeFiles/paneldue.elf.dir/src/FileManager.cpp.obj
                0x00401200                FileManager::FileSet::RequestControlMacrosParentDir()
 .text._ZN11FileManager29RequestControlMacrosParentDirEv
                0x00401270       0x10 CMakeFiles/paneldue.elf.dir/src/FileManager.cpp.obj
                0x00401270                FileManager::RequestControlMacrosParentDir()
 .text._ZN11FileManager7FileSet16RequestParentDirEv
                0x00401280       0x6c CMakeFiles/paneldue.elf.dir/src/FileManager.cpp.obj
                0x00401280                FileManager::FileSet::RequestParentDir()
 .text._ZN11FileManager21RequestFilesParentDirEv
                0x004012ec       0x10 CMakeFiles/paneldue.elf.dir/src/FileManager.cpp.obj
                0x004012ec                FileManager::RequestFilesParentDir()
 .text._ZN11FileManager22RequestMacrosParentDirEv
                0x004012fc       0x10 CMakeFiles/paneldue.elf.dir/src/FileManager.cpp.obj
                0x004012fc                FileManager::RequestMacrosParentDir()
 .text._ZN11FileManager7FileSet22RequestStatusJobSubdirEPKc
                0x0040130c       0x70 CMakeFiles/paneldue.elf.dir/src/FileManager.cpp.obj
                0x0040130c                FileManager::FileSet::RequestStatusJobSubdir(char const*)
 .text._ZN11FileManager22RequestFilesPageSubdirEPKc
                0x0040137c       0x10 CMakeFiles/paneldue.elf.dir/src/FileManager.cpp.obj
                0x0040137c                FileManager::RequestFilesPageSubdir(char const*)
 .text._ZN11FileManager7FileSet26RequestControlMacrosSubdirEPKc
                0x0040138c       0x70 CMakeFiles/paneldue.elf.dir/src/FileManager.cpp.obj
                0x0040138c                FileManager::FileSet::RequestControlMacrosSubdir(char const*)
 .text._ZN11FileManager26RequestControlMacrosSubdirEPKc
                0x004013fc       0x10 CMakeFiles/paneldue.elf.dir/src/FileManager.cpp.obj
                0x004013fc                FileManager::RequestControlMacrosSubdir(char const*)
 .text._ZN11FileManager7FileSet13RequestSubdirEPKc
                0x0040140c       0x6c CMakeFiles/paneldue.elf.dir/src/FileManager.cpp.obj
                0x0040140c                FileManager::FileSet::RequestSubdir(char const*)
 .text._ZN11FileManager18RequestFilesSubdirEPKc
                0x00401478       0x10 CMakeFiles/paneldue.elf.dir/src/FileManager.cpp.obj
                0x00401478                FileManager::RequestFilesSubdir(char const*)
 .text._ZN11FileManager19RequestMacrosSubdirEPKc
                0x00401488       0x10 CMakeFiles/paneldue.elf.dir/src/FileManager.cpp.obj
                0x00401488                FileManager::RequestMacrosSubdir(char const*)
 .text._ZN11FileManager18EndReceivedMessageEv
                0x00401498      0x278 CMakeFiles/paneldue.elf.dir/src/FileManager.cpp.obj
                0x00401498                FileManager::EndReceivedMessage()
 .text._ZN6StringILj100EE6printfEPKcz
                0x00401710       0x28 CMakeFiles/paneldue.elf.dir/src/FileManager.cpp.obj
                0x00401710                String<100u>::printf(char const*, ...)
 .text._ZN11FileManager7FileSet10SelectCardEj
                0x00401738       0x7c CMakeFiles/paneldue.elf.dir/src/FileManager.cpp.obj
                0x00401738                FileManager::FileSet::SelectCard(unsigned int)
 .text._ZN11FileManager7FileSet8NextCardEv
                0x004017b4       0x2c CMakeFiles/paneldue.elf.dir/src/FileManager.cpp.obj
                0x004017b4                FileManager::FileSet::NextCard()
 .text._ZN11FileManager8NextCardEv
                0x004017e0       0x10 CMakeFiles/paneldue.elf.dir/src/FileManager.cpp.obj
                0x004017e0                FileManager::NextCard()
 .text.startup._GLOBAL__sub_I__ZN11FileManager9filesRootE
                0x004017f0       0x7c CMakeFiles/paneldue.elf.dir/src/FileManager.cpp.obj
 .text._ZNK9FlashData7IsValidEv
                0x0040186c       0x4c CMakeFiles/paneldue.elf.dir/src/FlashData.cpp.obj
                0x0040186c                FlashData::IsValid() const
 .text._ZN9FlashDataeqERKS_
                0x004018b8       0x62 CMakeFiles/paneldue.elf.dir/src/FlashData.cpp.obj
                0x004018b8                FlashData::operator==(FlashData const&)
 *fill*         0x0040191a        0x2 
 .text._ZN9FlashData11SetDefaultsEv
                0x0040191c       0x48 CMakeFiles/paneldue.elf.dir/src/FlashData.cpp.obj
                0x0040191c                FlashData::SetDefaults()
 .text._ZN9FlashData4LoadEv
                0x00401964       0x10 CMakeFiles/paneldue.elf.dir/src/FlashData.cpp.obj
                0x00401964                FlashData::Load()
 .text._ZNK9FlashData4SaveEv
                0x00401974       0x1c CMakeFiles/paneldue.elf.dir/src/FlashData.cpp.obj
                0x00401974                FlashData::Save() const
 .text._ZN9FlashData12IsSaveNeededEv
                0x00401990       0x20 CMakeFiles/paneldue.elf.dir/src/FlashData.cpp.obj
                0x00401990                FlashData::IsSaveNeeded()
 .text._ZN9FlashData15SetColourSchemeEh
                0x004019b0       0x14 CMakeFiles/paneldue.elf.dir/src/FlashData.cpp.obj
                0x004019b0                FlashData::SetColourScheme(unsigned char)
 .text.startup._GLOBAL__sub_I_nvData
                0x004019c4       0x28 CMakeFiles/paneldue.elf.dir/src/FlashData.cpp.obj
 .text._ZN9BacklightC2EP13pwm_channel_tmmmmmm
                0x004019ec       0x6c CMakeFiles/paneldue.elf.dir/src/Hardware/Backlight.cpp.obj
                0x004019ec                Backlight::Backlight(pwm_channel_t*, unsigned long, unsigned long, unsigned long, unsigned long, unsigned long, unsigned long)
                0x004019ec                Backlight::Backlight(pwm_channel_t*, unsigned long, unsigned long, unsigned long, unsigned long, unsigned long, unsigned long)
 .text._ZN9Backlight16UpdateBrightnessEm
                0x00401a58       0x48 CMakeFiles/paneldue.elf.dir/src/Hardware/Backlight.cpp.obj
                0x00401a58                Backlight::UpdateBrightness(unsigned long)
 .text._ZN9Backlight8SetStateE14BacklightState
                0x00401aa0       0x28 CMakeFiles/paneldue.elf.dir/src/Hardware/Backlight.cpp.obj
                0x00401aa0                Backlight::SetState(BacklightState)
 .text._ZN6Buzzer4InitEv
                0x00401ac8       0x2c CMakeFiles/paneldue.elf.dir/src/Hardware/Buzzer.cpp.obj
                0x00401ac8                Buzzer::Init()
 .text._ZN6Buzzer4BeepEmmm
                0x00401af4       0xc8 CMakeFiles/paneldue.elf.dir/src/Hardware/Buzzer.cpp.obj
                0x00401af4                Buzzer::Beep(unsigned long, unsigned long, unsigned long)
 .text._ZN6Buzzer4TickEv
                0x00401bbc       0x4c CMakeFiles/paneldue.elf.dir/src/Hardware/Buzzer.cpp.obj
                0x00401bbc                Buzzer::Tick()
 .text._ZN6Buzzer5NoisyEv
                0x00401c08       0x10 CMakeFiles/paneldue.elf.dir/src/Hardware/Buzzer.cpp.obj
                0x00401c08                Buzzer::Noisy()
 .text._Z10InitMemoryv
                0x00401c18       0x34 CMakeFiles/paneldue.elf.dir/src/Hardware/Mem.cpp.obj
                0x00401c18                InitMemory()
 .text._Znwj    0x00401c4c       0x24 CMakeFiles/paneldue.elf.dir/src/Hardware/Mem.cpp.obj
                0x00401c4c                operator new(unsigned int)
 .text._Z13GetFreeMemoryv
                0x00401c70       0x10 CMakeFiles/paneldue.elf.dir/src/Hardware/Mem.cpp.obj
                0x00401c70                GetFreeMemory()
 .text._ZN10OneBitPortC2Ej
                0x00401c80       0x24 CMakeFiles/paneldue.elf.dir/src/Hardware/OneBitPort.cpp.obj
                0x00401c80                OneBitPort::OneBitPort(unsigned int)
                0x00401c80                OneBitPort::OneBitPort(unsigned int)
 .text._ZNK10OneBitPort7setModeENS_8PortModeE
                0x00401ca4       0x28 CMakeFiles/paneldue.elf.dir/src/Hardware/OneBitPort.cpp.obj
                0x00401ca4                OneBitPort::setMode(OneBitPort::PortMode) const
 .text._ZN10OneBitPort5delayEh
                0x00401ccc        0xc CMakeFiles/paneldue.elf.dir/src/Hardware/OneBitPort.cpp.obj
                0x00401ccc                OneBitPort::delay(unsigned char)
 .text.Reset    0x00401cd8       0x10 CMakeFiles/paneldue.elf.dir/src/Hardware/Reset.cpp.obj
                0x00401cd8                Reset
 .text.EraseAndReset
                0x00401ce8       0x70 CMakeFiles/paneldue.elf.dir/src/Hardware/Reset.cpp.obj
                0x00401ce8                EraseAndReset
 .text._ZN8SerialIoL11RawSendCharEc
                0x00401d58       0x1c CMakeFiles/paneldue.elf.dir/src/Hardware/SerialIo.cpp.obj
 .text._ZN21function_ref_noexceptIDoFbcEE11callback_fnIZN8SerialIo8SendCharEcEUlcE_EEbPvc
                0x00401d74       0x14 CMakeFiles/paneldue.elf.dir/src/Hardware/SerialIo.cpp.obj
 .text._ZN8SerialIoL19SendCharAndChecksumEc
                0x00401d88       0x4c CMakeFiles/paneldue.elf.dir/src/Hardware/SerialIo.cpp.obj
 .text._ZN8SerialIoL12ProcessFieldEv
                0x00401dd4       0x5c CMakeFiles/paneldue.elf.dir/src/Hardware/SerialIo.cpp.obj
 .text._ZN8SerialIoL15EndArrayElementEPKcj.constprop.0
                0x00401e30       0x1c CMakeFiles/paneldue.elf.dir/src/Hardware/SerialIo.cpp.obj
 .text._ZN8SerialIo4InitEmPNS_11SerialIoCbsE
                0x00401e4c       0x84 CMakeFiles/paneldue.elf.dir/src/Hardware/SerialIo.cpp.obj
                0x00401e4c                SerialIo::Init(unsigned long, SerialIo::SerialIoCbs*)
 .text._ZN8SerialIo11SetBaudRateEm
                0x00401ed0       0x10 CMakeFiles/paneldue.elf.dir/src/Hardware/SerialIo.cpp.obj
                0x00401ed0                SerialIo::SetBaudRate(unsigned long)
 .text._ZN8SerialIo5SendfEPKcz
                0x00401ee0       0x30 CMakeFiles/paneldue.elf.dir/src/Hardware/SerialIo.cpp.obj
                0x00401ee0                SerialIo::Sendf(char const*, ...)
 .text._ZN8SerialIo8SendCharEc
                0x00401f10       0xe0 CMakeFiles/paneldue.elf.dir/src/Hardware/SerialIo.cpp.obj
                0x00401f10                SerialIo::SendChar(char)
 .text._ZN21function_ref_noexceptIDoFbcEE11callback_fnIZN8SerialIo5SendfEPKczEUlcE_EEbPvc
                0x00401ff0       0x14 CMakeFiles/paneldue.elf.dir/src/Hardware/SerialIo.cpp.obj
 .text._ZN8SerialIo12SendFilenameEPKcS1_
                0x00402004       0x58 CMakeFiles/paneldue.elf.dir/src/Hardware/SerialIo.cpp.obj
                0x00402004                SerialIo::SendFilename(char const*, char const*)
 .text._ZN8SerialIo11receiveCharEc
                0x0040205c       0x58 CMakeFiles/paneldue.elf.dir/src/Hardware/SerialIo.cpp.obj
                0x0040205c                SerialIo::receiveChar(char)
 .text._ZN8SerialIo15SerialLineQuietEv
                0x004020b4       0x20 CMakeFiles/paneldue.elf.dir/src/Hardware/SerialIo.cpp.obj
                0x004020b4                SerialIo::SerialLineQuiet()
 .text.UART0_Handler
                0x004020d4       0x34 CMakeFiles/paneldue.elf.dir/src/Hardware/SerialIo.cpp.obj
                0x004020d4                UART0_Handler
 .text._ZNK6StringILj150EE6strlenEv
                0x00402108        0xc CMakeFiles/paneldue.elf.dir/src/Hardware/SerialIo.cpp.obj
                0x00402108                String<150u>::strlen() const
 .text._ZN8SerialIoL7InArrayEv
                0x00402114       0x28 CMakeFiles/paneldue.elf.dir/src/Hardware/SerialIo.cpp.obj
 .text._ZN8SerialIoL12RemoveLastIdEv
                0x0040213c       0x30 CMakeFiles/paneldue.elf.dir/src/Hardware/SerialIo.cpp.obj
 .text._ZN8SerialIoL16RemoveLastIdCharEv
                0x0040216c       0x24 CMakeFiles/paneldue.elf.dir/src/Hardware/SerialIo.cpp.obj
 .text._ZN8SerialIoL8EndArrayEv
                0x00402190       0x3c CMakeFiles/paneldue.elf.dir/src/Hardware/SerialIo.cpp.obj
 .text._ZN8SerialIoL19CheckValueCompletedEcb
                0x004021cc      0x110 CMakeFiles/paneldue.elf.dir/src/Hardware/SerialIo.cpp.obj
 .text._ZN6StringILj1028EE3catEc
                0x004022dc       0x1c CMakeFiles/paneldue.elf.dir/src/Hardware/SerialIo.cpp.obj
                0x004022dc                String<1028u>::cat(char)
 .text._ZN8SerialIo10CheckInputEv
                0x004022f8      0x528 CMakeFiles/paneldue.elf.dir/src/Hardware/SerialIo.cpp.obj
                0x004022f8                SerialIo::CheckInput()
 .text.startup._GLOBAL__sub_I__ZN8SerialIo8numCharsE
                0x00402820       0x24 CMakeFiles/paneldue.elf.dir/src/Hardware/SerialIo.cpp.obj
 .text._ZN10SystemTick12GetTickCountEv
                0x00402844        0xc CMakeFiles/paneldue.elf.dir/src/Hardware/SysTick.cpp.obj
                0x00402844                SystemTick::GetTickCount()
 .text.SysTick_Handler
                0x00402850       0x30 CMakeFiles/paneldue.elf.dir/src/Hardware/SysTick.cpp.obj
                0x00402850                SysTick_Handler
 .text._ZN4UTFT15LCD_Write_AgainEm
                0x00402880       0x24 CMakeFiles/paneldue.elf.dir/src/Hardware/UTFT.cpp.obj
                0x00402880                UTFT::LCD_Write_Again(unsigned long)
 .text._ZN4UTFTC2E11DisplayTypejjjjj
                0x004028a4       0xc8 CMakeFiles/paneldue.elf.dir/src/Hardware/UTFT.cpp.obj
                0x004028a4                UTFT::UTFT(DisplayType, unsigned int, unsigned int, unsigned int, unsigned int, unsigned int)
                0x004028a4                UTFT::UTFT(DisplayType, unsigned int, unsigned int, unsigned int, unsigned int, unsigned int)
 .text._ZN4UTFT13LCD_Write_BusEt
                0x0040296c       0x28 CMakeFiles/paneldue.elf.dir/src/Hardware/UTFT.cpp.obj
                0x0040296c                UTFT::LCD_Write_Bus(unsigned short)
 .text._ZN4UTFT13LCD_Write_COMEh
                0x00402994       0x14 CMakeFiles/paneldue.elf.dir/src/Hardware/UTFT.cpp.obj
                0x00402994                UTFT::LCD_Write_COM(unsigned char)
 .text._ZN4UTFT16LCD_Write_DATA16Et
                0x004029a8       0x14 CMakeFiles/paneldue.elf.dir/src/Hardware/UTFT.cpp.obj
                0x004029a8                UTFT::LCD_Write_DATA16(unsigned short)
 .text._ZN4UTFT25LCD_Write_Repeated_DATA16Etm
                0x004029bc       0x24 CMakeFiles/paneldue.elf.dir/src/Hardware/UTFT.cpp.obj
                0x004029bc                UTFT::LCD_Write_Repeated_DATA16(unsigned short, unsigned long)
 .text._ZN4UTFT15LCD_Write_DATA8Eh
                0x004029e0       0x14 CMakeFiles/paneldue.elf.dir/src/Hardware/UTFT.cpp.obj
                0x004029e0                UTFT::LCD_Write_DATA8(unsigned char)
 .text._ZN4UTFT20LCD_Write_COM_DATA16Eht
                0x004029f4       0x1c CMakeFiles/paneldue.elf.dir/src/Hardware/UTFT.cpp.obj
                0x004029f4                UTFT::LCD_Write_COM_DATA16(unsigned char, unsigned short)
 .text._ZN4UTFT14setOrientationE18DisplayOrientationbb
                0x00402a10       0xb0 CMakeFiles/paneldue.elf.dir/src/Hardware/UTFT.cpp.obj
                0x00402a10                UTFT::setOrientation(DisplayOrientation, bool, bool)
 .text._ZN4UTFT5setXYEtttt
                0x00402ac0       0xec CMakeFiles/paneldue.elf.dir/src/Hardware/UTFT.cpp.obj
                0x00402ac0                UTFT::setXY(unsigned short, unsigned short, unsigned short, unsigned short)
 .text._ZN4UTFT7InitLCDE18DisplayOrientationbb
                0x00402bac      0x380 CMakeFiles/paneldue.elf.dir/src/Hardware/UTFT.cpp.obj
                0x00402bac                UTFT::InitLCD(DisplayOrientation, bool, bool)
 .text._ZN4UTFT10drawCircleEiii
                0x00402f2c      0x1bc CMakeFiles/paneldue.elf.dir/src/Hardware/UTFT.cpp.obj
                0x00402f2c                UTFT::drawCircle(int, int, int)
 .text._ZN4UTFT10fillCircleEiii
                0x004030e8      0x164 CMakeFiles/paneldue.elf.dir/src/Hardware/UTFT.cpp.obj
                0x004030e8                UTFT::fillCircle(int, int, int)
 .text._ZN4UTFT9drawPixelEii
                0x0040324c       0x30 CMakeFiles/paneldue.elf.dir/src/Hardware/UTFT.cpp.obj
                0x0040324c                UTFT::drawPixel(int, int)
 .text._ZN4UTFT9drawHLineEiii
                0x0040327c       0x3c CMakeFiles/paneldue.elf.dir/src/Hardware/UTFT.cpp.obj
                0x0040327c                UTFT::drawHLine(int, int, int)
 .text._ZN4UTFT13fillRoundRectEiiiith
                0x004032b8      0x11c CMakeFiles/paneldue.elf.dir/src/Hardware/UTFT.cpp.obj
                0x004032b8                UTFT::fillRoundRect(int, int, int, int, unsigned short, unsigned char)
 .text._ZN4UTFT9drawVLineEiii
                0x004033d4       0x3c CMakeFiles/paneldue.elf.dir/src/Hardware/UTFT.cpp.obj
                0x004033d4                UTFT::drawVLine(int, int, int)
 .text._ZN4UTFT8drawRectEiiii
                0x00403410       0x6c CMakeFiles/paneldue.elf.dir/src/Hardware/UTFT.cpp.obj
                0x00403410                UTFT::drawRect(int, int, int, int)
 .text._ZN4UTFT13drawRoundRectEiiii
                0x0040347c       0xc4 CMakeFiles/paneldue.elf.dir/src/Hardware/UTFT.cpp.obj
                0x0040347c                UTFT::drawRoundRect(int, int, int, int)
 .text._ZN4UTFT8fillRectEiiiith
                0x00403540       0xb0 CMakeFiles/paneldue.elf.dir/src/Hardware/UTFT.cpp.obj
                0x00403540                UTFT::fillRect(int, int, int, int, unsigned short, unsigned char)
 .text._ZN4UTFT8drawLineEiiii
                0x004035f0       0xf8 CMakeFiles/paneldue.elf.dir/src/Hardware/UTFT.cpp.obj
                0x004035f0                UTFT::drawLine(int, int, int, int)
 .text._ZN4UTFT6printfEPKcz
                0x004036e8       0x34 CMakeFiles/paneldue.elf.dir/src/Hardware/UTFT.cpp.obj
                0x004036e8                UTFT::printf(char const*, ...)
 .text._ZN4UTFT7setFontEPKh
                0x0040371c       0x24 CMakeFiles/paneldue.elf.dir/src/Hardware/UTFT.cpp.obj
                0x0040371c                UTFT::setFont(unsigned char const*)
 .text._ZN4UTFT19drawBitmap565StreamEiiiiiPKtj
                0x00403740       0xac CMakeFiles/paneldue.elf.dir/src/Hardware/UTFT.cpp.obj
                0x00403740                UTFT::drawBitmap565Stream(int, int, int, int, int, unsigned short const*, unsigned int)
 .text._ZN4UTFT11drawBitmap4EiiiiPKhPKtib
                0x004037ec      0x138 CMakeFiles/paneldue.elf.dir/src/Hardware/UTFT.cpp.obj
                0x004037ec                UTFT::drawBitmap4(int, int, int, int, unsigned char const*, unsigned short const*, int, bool)
 .text._ZN4UTFT31drawCompressedBitmapBottomToTopEiiiiPKt
                0x00403924       0xbc CMakeFiles/paneldue.elf.dir/src/Hardware/UTFT.cpp.obj
                0x00403924                UTFT::drawCompressedBitmapBottomToTop(int, int, int, int, unsigned short const*)
 .text._ZNK4UTFT15getDisplayXSizeEv
                0x004039e0       0x10 CMakeFiles/paneldue.elf.dir/src/Hardware/UTFT.cpp.obj
                0x004039e0                UTFT::getDisplayXSize() const
 .text._ZN4UTFT10setTextPosEttt
                0x004039f0       0x28 CMakeFiles/paneldue.elf.dir/src/Hardware/UTFT.cpp.obj
                0x004039f0                UTFT::setTextPos(unsigned short, unsigned short, unsigned short)
 .text._ZNK4UTFT15getDisplayYSizeEv
                0x00403a18       0x10 CMakeFiles/paneldue.elf.dir/src/Hardware/UTFT.cpp.obj
                0x00403a18                UTFT::getDisplayYSize() const
 .text._ZN4UTFT7fillScrEtt
                0x00403a28       0x68 CMakeFiles/paneldue.elf.dir/src/Hardware/UTFT.cpp.obj
                0x00403a28                UTFT::fillScr(unsigned short, unsigned short)
 .text._ZN4UTFT13clearToMarginEv
                0x00403a90       0x6c CMakeFiles/paneldue.elf.dir/src/Hardware/UTFT.cpp.obj
                0x00403a90                UTFT::clearToMargin()
 .text._ZN4UTFT11writeNativeEt
                0x00403afc      0x250 CMakeFiles/paneldue.elf.dir/src/Hardware/UTFT.cpp.obj
                0x00403afc                UTFT::writeNative(unsigned short)
 .text._ZN4UTFT5writeEh
                0x00403d4c       0xb0 CMakeFiles/paneldue.elf.dir/src/Hardware/UTFT.cpp.obj
                0x00403d4c                UTFT::write(unsigned char)
 .text._ZN21function_ref_noexceptIDoFbcEE11callback_fnIZN4UTFT6printfEPKczEUlcE_EEbPvc
                0x00403dfc       0x1c CMakeFiles/paneldue.elf.dir/src/Hardware/UTFT.cpp.obj
 .text._ZN6UTouchC2Ejjjjj
                0x00403e18       0x34 CMakeFiles/paneldue.elf.dir/src/Hardware/UTouch.cpp.obj
                0x00403e18                UTouch::UTouch(unsigned int, unsigned int, unsigned int, unsigned int, unsigned int)
                0x00403e18                UTouch::UTouch(unsigned int, unsigned int, unsigned int, unsigned int, unsigned int)
 .text._ZN6UTouch4initEtt18DisplayOrientation
                0x00403e4c       0x6c CMakeFiles/paneldue.elf.dir/src/Hardware/UTouch.cpp.obj
                0x00403e4c                UTouch::init(unsigned short, unsigned short, DisplayOrientation)
 .text._ZN6UTouch18touch_WriteCommandEh
                0x00403eb8       0x38 CMakeFiles/paneldue.elf.dir/src/Hardware/UTouch.cpp.obj
                0x00403eb8                UTouch::touch_WriteCommand(unsigned char)
 .text._ZN6UTouch14touch_ReadDataEh
                0x00403ef0       0x64 CMakeFiles/paneldue.elf.dir/src/Hardware/UTouch.cpp.obj
                0x00403ef0                UTouch::touch_ReadData(unsigned char)
 .text._ZN6UTouch12getTouchDataEbRt
                0x00403f54       0xb4 CMakeFiles/paneldue.elf.dir/src/Hardware/UTouch.cpp.obj
                0x00403f54                UTouch::getTouchData(bool, unsigned short&)
 .text._ZN6UTouch4readERtS0_RbPtS2_
                0x00404008      0x130 CMakeFiles/paneldue.elf.dir/src/Hardware/UTouch.cpp.obj
                0x00404008                UTouch::read(unsigned short&, unsigned short&, bool&, unsigned short*, unsigned short*)
 .text._ZN6UTouch9calibrateEttttt
                0x00404138       0x44 CMakeFiles/paneldue.elf.dir/src/Hardware/UTouch.cpp.obj
                0x00404138                UTouch::calibrate(unsigned short, unsigned short, unsigned short, unsigned short, unsigned short)
 .text._Z23SkipDigitsAndUnderscorePKc
                0x0040417c       0x22 CMakeFiles/paneldue.elf.dir/src/Library/Misc.cpp.obj
                0x0040417c                SkipDigitsAndUnderscore(char const*)
 .text._ZL11qoi_read_32PKhPi
                0x0040419e       0x2a CMakeFiles/paneldue.elf.dir/src/Library/Thumbnail.cpp.obj
 .text.qoi_decode_init
                0x004041c8       0x1c CMakeFiles/paneldue.elf.dir/src/Library/Thumbnail.cpp.obj
                0x004041c8                qoi_decode_init
 .text.qoi_decode_header
                0x004041e4       0xa0 CMakeFiles/paneldue.elf.dir/src/Library/Thumbnail.cpp.obj
                0x004041e4                qoi_decode_header
 .text.qoi_decode_body
                0x00404284      0x238 CMakeFiles/paneldue.elf.dir/src/Library/Thumbnail.cpp.obj
                0x00404284                qoi_decode_body
 .text.qoi_decode_body_last
                0x004044bc       0xa0 CMakeFiles/paneldue.elf.dir/src/Library/Thumbnail.cpp.obj
                0x004044bc                qoi_decode_body_last
 .text.qoi_decode_chunked
                0x0040455c       0x64 CMakeFiles/paneldue.elf.dir/src/Library/Thumbnail.cpp.obj
                0x0040455c                qoi_decode_chunked
 .text._Z16ThumbnailIsValidR9Thumbnail
                0x004045c0       0x18 CMakeFiles/paneldue.elf.dir/src/Library/Thumbnail.cpp.obj
                0x004045c0                ThumbnailIsValid(Thumbnail&)
 .text._Z20ThumbnailDataIsValidR13ThumbnailData
                0x004045d8        0xa CMakeFiles/paneldue.elf.dir/src/Library/Thumbnail.cpp.obj
                0x004045d8                ThumbnailDataIsValid(ThumbnailData&)
 *fill*         0x004045e2        0x2 
 .text._Z13ThumbnailInitR9Thumbnail
                0x004045e4       0x14 CMakeFiles/paneldue.elf.dir/src/Library/Thumbnail.cpp.obj
                0x004045e4                ThumbnailInit(Thumbnail&)
 .text._Z20ThumbnailDecodeChunkR9ThumbnailR13ThumbnailDataPFbRKS_mPK10qoi_rgba_tjE
                0x004045f8       0xd4 CMakeFiles/paneldue.elf.dir/src/Library/Thumbnail.cpp.obj
                0x004045f8                ThumbnailDecodeChunk(Thumbnail&, ThumbnailData&, bool (*)(Thumbnail const&, unsigned long, qoi_rgba_t const*, unsigned int))
 .text._ZN21function_ref_noexceptIDoFbPN2OM4AxisES2_EE11callback_fnIZ11GetOrCreateI6VectorIS2_Lj15EES1_EPT0_RT_jbEUlS2_S2_E_EEbPvS2_S2_
                0x004046cc        0xe CMakeFiles/paneldue.elf.dir/src/ObjectModel/Axis.cpp.obj
                0x004046cc                bool function_ref_noexcept<bool (OM::Axis*, OM::Axis*) noexcept>::callback_fn<GetOrCreate<Vector<OM::Axis*, 15u>, OM::Axis>(Vector<OM::Axis*, 15u>&, unsigned int, bool)::{lambda(OM::Axis*, OM::Axis*)#1}>(void*, OM::Axis*, OM::Axis*)
 .text._ZN21function_ref_noexceptIDoFbRPN2OM4AxisEjEE11callback_fnI12function_refIFbS3_jEEEEbPvS3_j
                0x004046da        0x6 CMakeFiles/paneldue.elf.dir/src/ObjectModel/Axis.cpp.obj
                0x004046da                bool function_ref_noexcept<bool (OM::Axis*&, unsigned int) noexcept>::callback_fn<function_ref<bool (OM::Axis*&, unsigned int)> >(void*, OM::Axis*&, unsigned int)
 .text._ZN2OM4Axis5ResetEv
                0x004046e0       0x24 CMakeFiles/paneldue.elf.dir/src/ObjectModel/Axis.cpp.obj
                0x004046e0                OM::Axis::Reset()
 .text._ZN2OM16IterateAxesWhileE12function_refIFbRPNS_4AxisEjEEj
                0x00404704       0x48 CMakeFiles/paneldue.elf.dir/src/ObjectModel/Axis.cpp.obj
                0x00404704                OM::IterateAxesWhile(function_ref<bool (OM::Axis*&, unsigned int)>, unsigned int)
 .text._ZN2OM10RemoveAxisEjb
                0x0040474c       0x84 CMakeFiles/paneldue.elf.dir/src/ObjectModel/Axis.cpp.obj
                0x0040474c                OM::RemoveAxis(unsigned int, bool)
 .text._Z11GetOrCreateI6VectorIPN2OM4AxisELj15EES2_EPT0_RT_jb
                0x004047d0       0xcc CMakeFiles/paneldue.elf.dir/src/ObjectModel/Axis.cpp.obj
                0x004047d0                OM::Axis* GetOrCreate<Vector<OM::Axis*, 15u>, OM::Axis>(Vector<OM::Axis*, 15u>&, unsigned int, bool)
 .text._ZN2OM7GetAxisEj
                0x0040489c       0x20 CMakeFiles/paneldue.elf.dir/src/ObjectModel/Axis.cpp.obj
                0x0040489c                OM::GetAxis(unsigned int)
 .text._ZN2OM15GetOrCreateAxisEj
                0x004048bc       0x20 CMakeFiles/paneldue.elf.dir/src/ObjectModel/Axis.cpp.obj
                0x004048bc                OM::GetOrCreateAxis(unsigned int)
 .text.startup._GLOBAL__sub_I__ZN2OM4Axis5ResetEv
                0x004048dc        0xc CMakeFiles/paneldue.elf.dir/src/ObjectModel/Axis.cpp.obj
 .text._ZN12function_refIFbPN2OM12BedOrChamberEEE11callback_fnIZNS0_11GetFirstBedEvEUlS2_E_EEbPvS2_
                0x004048e8        0xa CMakeFiles/paneldue.elf.dir/src/ObjectModel/BedOrChamber.cpp.obj
 .text._ZN21function_ref_noexceptIDoFbPN2OM12BedOrChamberES2_EE11callback_fnIZ11GetOrCreateI6VectorIS2_Lj7EES1_EPT0_RT_jbEUlS2_S2_E_EEbPvS2_S2_
                0x004048f2        0xe CMakeFiles/paneldue.elf.dir/src/ObjectModel/BedOrChamber.cpp.obj
                0x004048f2                bool function_ref_noexcept<bool (OM::BedOrChamber*, OM::BedOrChamber*) noexcept>::callback_fn<GetOrCreate<Vector<OM::BedOrChamber*, 7u>, OM::BedOrChamber>(Vector<OM::BedOrChamber*, 7u>&, unsigned int, bool)::{lambda(OM::BedOrChamber*, OM::BedOrChamber*)#1}>(void*, OM::BedOrChamber*, OM::BedOrChamber*)
 .text._ZN21function_ref_noexceptIDoFbRPN2OM12BedOrChamberEjEE11callback_fnI12function_refIFbS3_jEEEEbPvS3_j
                0x00404900        0x6 CMakeFiles/paneldue.elf.dir/src/ObjectModel/BedOrChamber.cpp.obj
                0x00404900                bool function_ref_noexcept<bool (OM::BedOrChamber*&, unsigned int) noexcept>::callback_fn<function_ref<bool (OM::BedOrChamber*&, unsigned int)> >(void*, OM::BedOrChamber*&, unsigned int)
 .text._ZN12function_refIFbPN2OM12BedOrChamberEEE11callback_fnIZNS0_15GetFirstChamberEvEUlS2_E_EEbPvS2_
                0x00404906        0xa CMakeFiles/paneldue.elf.dir/src/ObjectModel/BedOrChamber.cpp.obj
 .text._ZN2OM11GetBedCountEv
                0x00404910        0xc CMakeFiles/paneldue.elf.dir/src/ObjectModel/BedOrChamber.cpp.obj
                0x00404910                OM::GetBedCount()
 .text._ZN2OM15GetChamberCountEv
                0x0040491c        0xc CMakeFiles/paneldue.elf.dir/src/ObjectModel/BedOrChamber.cpp.obj
                0x0040491c                OM::GetChamberCount()
 .text._Z11GetOrCreateI6VectorIPN2OM12BedOrChamberELj7EES2_EPT0_RT_jb
                0x00404928       0xd0 CMakeFiles/paneldue.elf.dir/src/ObjectModel/BedOrChamber.cpp.obj
                0x00404928                OM::BedOrChamber* GetOrCreate<Vector<OM::BedOrChamber*, 7u>, OM::BedOrChamber>(Vector<OM::BedOrChamber*, 7u>&, unsigned int, bool)
 .text._ZN2OM6GetBedEj
                0x004049f8       0x18 CMakeFiles/paneldue.elf.dir/src/ObjectModel/BedOrChamber.cpp.obj
                0x004049f8                OM::GetBed(unsigned int)
 .text._ZN2OM14GetOrCreateBedEj
                0x00404a10       0x18 CMakeFiles/paneldue.elf.dir/src/ObjectModel/BedOrChamber.cpp.obj
                0x00404a10                OM::GetOrCreateBed(unsigned int)
 .text._ZN2OM10GetChamberEj
                0x00404a28       0x18 CMakeFiles/paneldue.elf.dir/src/ObjectModel/BedOrChamber.cpp.obj
                0x00404a28                OM::GetChamber(unsigned int)
 .text._ZN2OM18GetOrCreateChamberEj
                0x00404a40       0x18 CMakeFiles/paneldue.elf.dir/src/ObjectModel/BedOrChamber.cpp.obj
                0x00404a40                OM::GetOrCreateChamber(unsigned int)
 .text._Z4FindI6VectorIPN2OM12BedOrChamberELj7EES2_EPT0_RT_12function_refIFbS6_EE
                0x00404a58       0x2e CMakeFiles/paneldue.elf.dir/src/ObjectModel/BedOrChamber.cpp.obj
                0x00404a58                OM::BedOrChamber* Find<Vector<OM::BedOrChamber*, 7u>, OM::BedOrChamber>(Vector<OM::BedOrChamber*, 7u>&, function_ref<bool (OM::BedOrChamber*)>)
 *fill*         0x00404a86        0x2 
 .text._ZN2OM11GetFirstBedEv
                0x00404a88       0x28 CMakeFiles/paneldue.elf.dir/src/ObjectModel/BedOrChamber.cpp.obj
                0x00404a88                OM::GetFirstBed()
 .text._ZN2OM15GetFirstChamberEv
                0x00404ab0       0x28 CMakeFiles/paneldue.elf.dir/src/ObjectModel/BedOrChamber.cpp.obj
                0x00404ab0                OM::GetFirstChamber()
 .text._ZN6VectorIPN2OM12BedOrChamberELj7EE12IterateWhileE21function_ref_noexceptIDoFbRS2_jEEj
                0x00404ad8       0x32 CMakeFiles/paneldue.elf.dir/src/ObjectModel/BedOrChamber.cpp.obj
                0x00404ad8                Vector<OM::BedOrChamber*, 7u>::IterateWhile(function_ref_noexcept<bool (OM::BedOrChamber*&, unsigned int) noexcept>, unsigned int)
 *fill*         0x00404b0a        0x2 
 .text._ZN2OM16IterateBedsWhileE12function_refIFbRPNS_12BedOrChamberEjEEj
                0x00404b0c       0x2c CMakeFiles/paneldue.elf.dir/src/ObjectModel/BedOrChamber.cpp.obj
                0x00404b0c                OM::IterateBedsWhile(function_ref<bool (OM::BedOrChamber*&, unsigned int)>, unsigned int)
 .text._ZN2OM20IterateChambersWhileE12function_refIFbRPNS_12BedOrChamberEjEEj
                0x00404b38       0x2c CMakeFiles/paneldue.elf.dir/src/ObjectModel/BedOrChamber.cpp.obj
                0x00404b38                OM::IterateChambersWhile(function_ref<bool (OM::BedOrChamber*&, unsigned int)>, unsigned int)
 .text._Z6RemoveI6VectorIPN2OM12BedOrChamberELj7EES2_EjRT_jb
                0x00404b64       0x7c CMakeFiles/paneldue.elf.dir/src/ObjectModel/BedOrChamber.cpp.obj
                0x00404b64                unsigned int Remove<Vector<OM::BedOrChamber*, 7u>, OM::BedOrChamber>(Vector<OM::BedOrChamber*, 7u>&, unsigned int, bool)
 .text._ZN2OM9RemoveBedEjb
                0x00404be0       0x18 CMakeFiles/paneldue.elf.dir/src/ObjectModel/BedOrChamber.cpp.obj
                0x00404be0                OM::RemoveBed(unsigned int, bool)
 .text._ZN2OM13RemoveChamberEjb
                0x00404bf8       0x18 CMakeFiles/paneldue.elf.dir/src/ObjectModel/BedOrChamber.cpp.obj
                0x00404bf8                OM::RemoveChamber(unsigned int, bool)
 .text.startup._GLOBAL__sub_I__ZN2OM12BedOrChamber5ResetEv
                0x00404c10       0x14 CMakeFiles/paneldue.elf.dir/src/ObjectModel/BedOrChamber.cpp.obj
 .text._ZN21function_ref_noexceptIDoFbPN2OM7SpindleES2_EE11callback_fnIZ11GetOrCreateI6VectorIS2_Lj7EES1_EPT0_RT_jbEUlS2_S2_E_EEbPvS2_S2_
                0x00404c24        0xe CMakeFiles/paneldue.elf.dir/src/ObjectModel/Spindle.cpp.obj
                0x00404c24                bool function_ref_noexcept<bool (OM::Spindle*, OM::Spindle*) noexcept>::callback_fn<GetOrCreate<Vector<OM::Spindle*, 7u>, OM::Spindle>(Vector<OM::Spindle*, 7u>&, unsigned int, bool)::{lambda(OM::Spindle*, OM::Spindle*)#1}>(void*, OM::Spindle*, OM::Spindle*)
 .text._ZN2OM7Spindle5ResetEv
                0x00404c32       0x14 CMakeFiles/paneldue.elf.dir/src/ObjectModel/Spindle.cpp.obj
                0x00404c32                OM::Spindle::Reset()
 *fill*         0x00404c46        0x2 
 .text._ZN2OM13RemoveSpindleEjb
                0x00404c48       0x84 CMakeFiles/paneldue.elf.dir/src/ObjectModel/Spindle.cpp.obj
                0x00404c48                OM::RemoveSpindle(unsigned int, bool)
 .text._Z11GetOrCreateI6VectorIPN2OM7SpindleELj7EES2_EPT0_RT_jb
                0x00404ccc       0xcc CMakeFiles/paneldue.elf.dir/src/ObjectModel/Spindle.cpp.obj
                0x00404ccc                OM::Spindle* GetOrCreate<Vector<OM::Spindle*, 7u>, OM::Spindle>(Vector<OM::Spindle*, 7u>&, unsigned int, bool)
 .text._ZN2OM10GetSpindleEj
                0x00404d98       0x18 CMakeFiles/paneldue.elf.dir/src/ObjectModel/Spindle.cpp.obj
                0x00404d98                OM::GetSpindle(unsigned int)
 .text._ZN2OM18GetOrCreateSpindleEj
                0x00404db0       0x18 CMakeFiles/paneldue.elf.dir/src/ObjectModel/Spindle.cpp.obj
                0x00404db0                OM::GetOrCreateSpindle(unsigned int)
 .text.startup._GLOBAL__sub_I__ZN2OM7Spindle5ResetEv
                0x00404dc8        0xc CMakeFiles/paneldue.elf.dir/src/ObjectModel/Spindle.cpp.obj
 .text._ZN21function_ref_noexceptIDoFbPN2OM4ToolES2_EE11callback_fnIZ11GetOrCreateI6VectorIS2_Lj7EES1_EPT0_RT_jbEUlS2_S2_E_EEbPvS2_S2_
                0x00404dd4        0xe CMakeFiles/paneldue.elf.dir/src/ObjectModel/Tool.cpp.obj
                0x00404dd4                bool function_ref_noexcept<bool (OM::Tool*, OM::Tool*) noexcept>::callback_fn<GetOrCreate<Vector<OM::Tool*, 7u>, OM::Tool>(Vector<OM::Tool*, 7u>&, unsigned int, bool)::{lambda(OM::Tool*, OM::Tool*)#1}>(void*, OM::Tool*, OM::Tool*)
 .text._ZN21function_ref_noexceptIDoFbRPN2OM4ToolEjEE11callback_fnI12function_refIFbS3_jEEEEbPvS3_j
                0x00404de2        0x6 CMakeFiles/paneldue.elf.dir/src/ObjectModel/Tool.cpp.obj
                0x00404de2                bool function_ref_noexcept<bool (OM::Tool*&, unsigned int) noexcept>::callback_fn<function_ref<bool (OM::Tool*&, unsigned int)> >(void*, OM::Tool*&, unsigned int)
 .text._ZN2OM4TooldlEPv
                0x00404de8       0x2c CMakeFiles/paneldue.elf.dir/src/ObjectModel/Tool.cpp.obj
                0x00404de8                OM::Tool::operator delete(void*)
 .text._ZN2OM4Tool17GetOrCreateHeaterEh
                0x00404e14       0x38 CMakeFiles/paneldue.elf.dir/src/ObjectModel/Tool.cpp.obj
                0x00404e14                OM::Tool::GetOrCreateHeater(unsigned char)
 .text._ZN2OM4Tool14GetHeaterTempsERK9StringRefb
                0x00404e4c       0x5c CMakeFiles/paneldue.elf.dir/src/ObjectModel/Tool.cpp.obj
                0x00404e4c                OM::Tool::GetHeaterTemps(StringRef const&, bool)
 .text._ZN2OM4Tool14IterateHeatersE12function_refIFvPNS_10ToolHeaterEjEEj
                0x00404ea8       0x26 CMakeFiles/paneldue.elf.dir/src/ObjectModel/Tool.cpp.obj
                0x00404ea8                OM::Tool::IterateHeaters(function_ref<void (OM::ToolHeater*, unsigned int)>, unsigned int)
 *fill*         0x00404ece        0x2 
 .text._ZN2OM4Tool17RemoveHeatersFromEh
                0x00404ed0       0x30 CMakeFiles/paneldue.elf.dir/src/ObjectModel/Tool.cpp.obj
                0x00404ed0                OM::Tool::RemoveHeatersFrom(unsigned char)
 .text._ZN2OM4Tool10UpdateTempEhlb
                0x00404f00       0x1c CMakeFiles/paneldue.elf.dir/src/ObjectModel/Tool.cpp.obj
                0x00404f00                OM::Tool::UpdateTemp(unsigned char, long, bool)
 .text._ZN2OM4Tool5ResetEv
                0x00404f1c       0x34 CMakeFiles/paneldue.elf.dir/src/ObjectModel/Tool.cpp.obj
                0x00404f1c                OM::Tool::Reset()
 .text._ZN2OM17IterateToolsWhileE12function_refIFbRPNS_4ToolEjEEj
                0x00404f50       0x48 CMakeFiles/paneldue.elf.dir/src/ObjectModel/Tool.cpp.obj
                0x00404f50                OM::IterateToolsWhile(function_ref<bool (OM::Tool*&, unsigned int)>, unsigned int)
 .text._ZN2OM10RemoveToolEjb
                0x00404f98       0x80 CMakeFiles/paneldue.elf.dir/src/ObjectModel/Tool.cpp.obj
                0x00404f98                OM::RemoveTool(unsigned int, bool)
 .text._Z11GetOrCreateI6VectorIPN2OM4ToolELj7EES2_EPT0_RT_jb
                0x00405018       0xd4 CMakeFiles/paneldue.elf.dir/src/ObjectModel/Tool.cpp.obj
                0x00405018                OM::Tool* GetOrCreate<Vector<OM::Tool*, 7u>, OM::Tool>(Vector<OM::Tool*, 7u>&, unsigned int, bool)
 .text._ZN2OM7GetToolEj
                0x004050ec       0x18 CMakeFiles/paneldue.elf.dir/src/ObjectModel/Tool.cpp.obj
                0x004050ec                OM::GetTool(unsigned int)
 .text._ZN2OM15GetOrCreateToolEj
                0x00405104       0x18 CMakeFiles/paneldue.elf.dir/src/ObjectModel/Tool.cpp.obj
                0x00405104                OM::GetOrCreateTool(unsigned int)
 .text.startup._GLOBAL__sub_I__ZN2OM10ToolHeater5ResetEv
                0x0040511c        0xc CMakeFiles/paneldue.elf.dir/src/ObjectModel/Tool.cpp.obj
 .text._ZN6VectorIhLj7EE3AddERKh.isra.0
                0x00405128       0x10 CMakeFiles/paneldue.elf.dir/src/ObjectModel/Utils.cpp.obj
 .text._ZN12function_refIFbRPN2OM12BedOrChamberEjEE11callback_fnIZNS0_14GetHeaterSlotsEjR6VectorIhLj7EEbbbEUlS3_jE_EEbPvS3_j
                0x00405138       0x30 CMakeFiles/paneldue.elf.dir/src/ObjectModel/Utils.cpp.obj
 .text._ZN12function_refIFbRPN2OM12BedOrChamberEjEE11callback_fnIZNS0_14GetHeaterSlotsEjR6VectorIhLj7EEbbbEUlS3_jE0_EEbPvS3_j
                0x00405168       0x30 CMakeFiles/paneldue.elf.dir/src/ObjectModel/Utils.cpp.obj
 .text._ZN12function_refIFbRPN2OM4ToolEjEE11callback_fnIZNS0_14GetHeaterSlotsEjR6VectorIhLj7EEbbbEUlS3_jE1_EEbPvS3_j
                0x00405198       0x70 CMakeFiles/paneldue.elf.dir/src/ObjectModel/Utils.cpp.obj
 .text._ZN12function_refIFvPN2OM10ToolHeaterEjEE11callback_fnIZZNS0_14GetHeaterSlotsEjR6VectorIhLj7EEbbbENKUlRPNS0_4ToolEjE1_clESB_jEUlS2_jE_EEvPvS2_j
                0x00405208       0x30 CMakeFiles/paneldue.elf.dir/src/ObjectModel/Utils.cpp.obj
 .text._ZN2OM14GetHeaterSlotsEjR6VectorIhLj7EEbbb
                0x00405238       0x78 CMakeFiles/paneldue.elf.dir/src/ObjectModel/Utils.cpp.obj
                0x00405238                OM::GetHeaterSlots(unsigned int, Vector<unsigned char, 7u>&, bool, bool, bool)
 .text._Z7compareI15FieldTableEntryEiPKvS2_
                0x004052b0        0xc CMakeFiles/paneldue.elf.dir/src/PanelDue.cpp.obj
                0x004052b0                int compare<FieldTableEntry>(void const*, void const*)
 .text._Z7compareI22ControlCommandMapEntryEiPKvS2_
                0x004052bc        0xc CMakeFiles/paneldue.elf.dir/src/PanelDue.cpp.obj
                0x004052bc                int compare<ControlCommandMapEntry>(void const*, void const*)
 .text._Z7compareIN2OM18ToolStatusMapEntryEEiPKvS3_
                0x004052c8        0xc CMakeFiles/paneldue.elf.dir/src/PanelDue.cpp.obj
                0x004052c8                int compare<OM::ToolStatusMapEntry>(void const*, void const*)
 .text._Z7compareIN2OM21PrinterStatusMapEntryEEiPKvS3_
                0x004052d4        0xc CMakeFiles/paneldue.elf.dir/src/PanelDue.cpp.obj
                0x004052d4                int compare<OM::PrinterStatusMapEntry>(void const*, void const*)
 .text._Z7compareIN2OM20SpindleStateMapEntryEEiPKvS3_
                0x004052e0        0xc CMakeFiles/paneldue.elf.dir/src/PanelDue.cpp.obj
                0x004052e0                int compare<OM::SpindleStateMapEntry>(void const*, void const*)
 .text._Z7compareIN2OM20HeaterStatusMapEntryEEiPKvS3_
                0x004052ec        0xc CMakeFiles/paneldue.elf.dir/src/PanelDue.cpp.obj
                0x004052ec                int compare<OM::HeaterStatusMapEntry>(void const*, void const*)
 .text._ZL22ParserErrorEncounterediPKci
                0x004052f8       0x28 CMakeFiles/paneldue.elf.dir/src/PanelDue.cpp.obj
 .text._ZL15ProcessArrayEndPKcPKj
                0x00405320      0x27c CMakeFiles/paneldue.elf.dir/src/PanelDue.cpp.obj
 .text._ZL9SetStatusN2OM13PrinterStatusE
                0x0040559c       0x38 CMakeFiles/paneldue.elf.dir/src/PanelDue.cpp.obj
 .text._ZL9Reconnectv
                0x004055d4       0x78 CMakeFiles/paneldue.elf.dir/src/PanelDue.cpp.obj
 .text._ZL18EndReceivedMessagev
                0x0040564c      0x104 CMakeFiles/paneldue.elf.dir/src/PanelDue.cpp.obj
 .text._ZL14UpdatePollRateb.part.0
                0x00405750       0x2c CMakeFiles/paneldue.elf.dir/src/PanelDue.cpp.obj
 .text._ZL7GetBoolPKcRb
                0x0040577c       0x28 CMakeFiles/paneldue.elf.dir/src/PanelDue.cpp.obj
 .text._ZL8GetFloatPKcRf
                0x004057a4       0x28 CMakeFiles/paneldue.elf.dir/src/PanelDue.cpp.obj
 .text._ZL10GetIntegerPKcRl
                0x004057cc       0x6c CMakeFiles/paneldue.elf.dir/src/PanelDue.cpp.obj
 .text._ZL18GetUnsignedIntegerPKcRm
                0x00405838       0x28 CMakeFiles/paneldue.elf.dir/src/PanelDue.cpp.obj
 .text._ZL22ProcessArrayElementEndPKcj
                0x00405860       0x88 CMakeFiles/paneldue.elf.dir/src/PanelDue.cpp.obj
 .text._ZN5Alert5ResetEv
                0x004058e8       0x40 CMakeFiles/paneldue.elf.dir/src/PanelDue.cpp.obj
                0x004058e8                Alert::Reset()
 .text._ZL20StartReceivedMessagev
                0x00405928       0x94 CMakeFiles/paneldue.elf.dir/src/PanelDue.cpp.obj
 .text._Z19GetFirmwareFeaturesv
                0x004059bc        0xc CMakeFiles/paneldue.elf.dir/src/PanelDue.cpp.obj
                0x004059bc                GetFirmwareFeatures()
 .text._Z14CondStripDrivePKc
                0x004059c8       0x20 CMakeFiles/paneldue.elf.dir/src/PanelDue.cpp.obj
                0x004059c8                CondStripDrive(char const*)
 .text._Z5Delaym
                0x004059e8       0x18 CMakeFiles/paneldue.elf.dir/src/PanelDue.cpp.obj
                0x004059e8                Delay(unsigned long)
 .text._Z16IsPrintingStatusN2OM13PrinterStatusE
                0x00405a00       0x1c CMakeFiles/paneldue.elf.dir/src/PanelDue.cpp.obj
                0x00405a00                IsPrintingStatus(OM::PrinterStatus)
 .text._Z15PrintInProgressv
                0x00405a1c       0x10 CMakeFiles/paneldue.elf.dir/src/PanelDue.cpp.obj
                0x00405a1c                PrintInProgress()
 .text._Z9GetStatusv
                0x00405a2c        0xc CMakeFiles/paneldue.elf.dir/src/PanelDue.cpp.obj
                0x00405a2c                GetStatus()
 .text._Z9TouchBeepv
                0x00405a38       0x18 CMakeFiles/paneldue.elf.dir/src/PanelDue.cpp.obj
                0x00405a38                TouchBeep()
 .text._Z9ErrorBeepv
                0x00405a50       0x28 CMakeFiles/paneldue.elf.dir/src/PanelDue.cpp.obj
                0x00405a50                ErrorBeep()
 .text._Z12DoTouchCalibttttbRt
                0x00405a78       0xcc CMakeFiles/paneldue.elf.dir/src/PanelDue.cpp.obj
                0x00405a78                DoTouchCalib(unsigned short, unsigned short, unsigned short, unsigned short, bool, unsigned short&)
 .text._Z13MirrorDisplayv
                0x00405b44       0x28 CMakeFiles/paneldue.elf.dir/src/PanelDue.cpp.obj
                0x00405b44                MirrorDisplay()
 .text._Z13InvertDisplayv
                0x00405b6c       0x28 CMakeFiles/paneldue.elf.dir/src/PanelDue.cpp.obj
                0x00405b6c                InvertDisplay()
 .text._Z11SetBaudRatem
                0x00405b94       0x10 CMakeFiles/paneldue.elf.dir/src/PanelDue.cpp.obj
                0x00405b94                SetBaudRate(unsigned long)
 .text._Z13DimDisplayNowv
                0x00405ba4       0x1c CMakeFiles/paneldue.elf.dir/src/PanelDue.cpp.obj
                0x00405ba4                DimDisplayNow()
 .text._Z13SetBrightnessi
                0x00405bc0       0x40 CMakeFiles/paneldue.elf.dir/src/PanelDue.cpp.obj
                0x00405bc0                SetBrightness(int)
 .text._Z21CurrentAlertModeClearv
                0x00405c00       0x14 CMakeFiles/paneldue.elf.dir/src/PanelDue.cpp.obj
                0x00405c00                CurrentAlertModeClear()
 .text._Z12FactoryResetv
                0x00405c14       0x60 CMakeFiles/paneldue.elf.dir/src/PanelDue.cpp.obj
                0x00405c14                FactoryReset()
 .text._Z12SaveSettingsv
                0x00405c74       0x30 CMakeFiles/paneldue.elf.dir/src/PanelDue.cpp.obj
                0x00405c74                SaveSettings()
 .text._Z25HandleOutOfBufferResponsev
                0x00405ca4       0x78 CMakeFiles/paneldue.elf.dir/src/PanelDue.cpp.obj
                0x00405ca4                HandleOutOfBufferResponse()
 .text._ZL20ProcessReceivedValue9StringRefPKcPKj
                0x00405d1c     0x11cc CMakeFiles/paneldue.elf.dir/src/PanelDue.cpp.obj
 .text._Z15UpdateDebugInfov
                0x00406ee8       0x24 CMakeFiles/paneldue.elf.dir/src/PanelDue.cpp.obj
                0x00406ee8                UpdateDebugInfo()
 .text.__cxa_pure_virtual
                0x00406f0c        0x2 CMakeFiles/paneldue.elf.dir/src/PanelDue.cpp.obj
                0x00406f0c                __cxa_pure_virtual
 *fill*         0x00406f0e        0x2 
 .text.startup._GLOBAL__sub_I_lcd
                0x00406f10       0x7c CMakeFiles/paneldue.elf.dir/src/PanelDue.cpp.obj
 .text._Z14CalibrateTouchv
                0x00406f8c      0x11c CMakeFiles/paneldue.elf.dir/src/PanelDue.cpp.obj
                0x00406f8c                CalibrateTouch()
 .text.startup.main
                0x004070a8      0x7a4 CMakeFiles/paneldue.elf.dir/src/PanelDue.cpp.obj
                0x004070a8                main
 .text._ZN12RequestTimerC2EmPKcS1_
                0x0040784c       0x24 CMakeFiles/paneldue.elf.dir/src/RequestTimer.cpp.obj
                0x0040784c                RequestTimer::RequestTimer(unsigned long, char const*, char const*)
                0x0040784c                RequestTimer::RequestTimer(unsigned long, char const*, char const*)
 .text._ZN12RequestTimer7ProcessEv
                0x00407870       0x70 CMakeFiles/paneldue.elf.dir/src/RequestTimer.cpp.obj
                0x00407870                RequestTimer::Process()
 .text._ZN12DisplayField10CheckEventEttRiR11ButtonPress
                0x004078e0        0x2 CMakeFiles/paneldue.elf.dir/src/UI/Display.cpp.obj
                0x004078e0                DisplayField::CheckEvent(unsigned short, unsigned short, int&, ButtonPress&)
 .text._ZNK12DisplayField8IsButtonEv
                0x004078e2        0x4 CMakeFiles/paneldue.elf.dir/src/UI/Display.cpp.obj
                0x004078e2                DisplayField::IsButton() const
 .text._ZNK12DisplayField9IsVisibleEv
                0x004078e6        0x8 CMakeFiles/paneldue.elf.dir/src/UI/Display.cpp.obj
                0x004078e6                DisplayField::IsVisible() const
 .text._ZNK12DisplayField8GetEventEv
                0x004078ee        0x4 CMakeFiles/paneldue.elf.dir/src/UI/Display.cpp.obj
                0x004078ee                DisplayField::GetEvent() const
 .text._ZNK6Window4XposEv
                0x004078f2        0x4 CMakeFiles/paneldue.elf.dir/src/UI/Display.cpp.obj
                0x004078f2                Window::Xpos() const
 .text._ZNK6Window4YposEv
                0x004078f6        0x4 CMakeFiles/paneldue.elf.dir/src/UI/Display.cpp.obj
                0x004078f6                Window::Ypos() const
 .text._ZNK11PopupWindow4XposEv
                0x004078fa        0x4 CMakeFiles/paneldue.elf.dir/src/UI/Display.cpp.obj
                0x004078fa                PopupWindow::Xpos() const
 .text._ZNK11PopupWindow4YposEv
                0x004078fe        0x4 CMakeFiles/paneldue.elf.dir/src/UI/Display.cpp.obj
                0x004078fe                PopupWindow::Ypos() const
 .text._ZNK10ModernCard9GetHeightEv
                0x00407902        0x4 CMakeFiles/paneldue.elf.dir/src/UI/Display.cpp.obj
                0x00407902                ModernCard::GetHeight() const
 .text._ZNK10ButtonBase8GetEventEv
                0x00407906        0x6 CMakeFiles/paneldue.elf.dir/src/UI/Display.cpp.obj
                0x00407906                ButtonBase::GetEvent() const
 .text._ZNK10ButtonBase9GetSParamEj
                0x0040790c        0x4 CMakeFiles/paneldue.elf.dir/src/UI/Display.cpp.obj
                0x0040790c                ButtonBase::GetSParam(unsigned int) const
 .text._ZNK10ButtonBase9GetIParamEj
                0x00407910        0x4 CMakeFiles/paneldue.elf.dir/src/UI/Display.cpp.obj
                0x00407910                ButtonBase::GetIParam(unsigned int) const
 .text._ZN10ButtonBase5PressEbi
                0x00407914        0x2 CMakeFiles/paneldue.elf.dir/src/UI/Display.cpp.obj
                0x00407914                ButtonBase::Press(bool, int)
 .text._ZNK12SingleButton8IsButtonEv
                0x00407916        0x4 CMakeFiles/paneldue.elf.dir/src/UI/Display.cpp.obj
                0x00407916                SingleButton::IsButton() const
 .text._ZNK12SingleButton9GetSParamEj
                0x0040791a        0x4 CMakeFiles/paneldue.elf.dir/src/UI/Display.cpp.obj
                0x0040791a                SingleButton::GetSParam(unsigned int) const
 .text._ZNK12SingleButton9GetIParamEj
                0x0040791e        0x4 CMakeFiles/paneldue.elf.dir/src/UI/Display.cpp.obj
                0x0040791e                SingleButton::GetIParam(unsigned int) const
 .text._ZNK16ModernTextButton9GetHeightEv
                0x00407922        0x4 CMakeFiles/paneldue.elf.dir/src/UI/Display.cpp.obj
                0x00407922                ModernTextButton::GetHeight() const
 .text._ZNK19ModernResourceLabel9GetHeightEv
                0x00407926        0x4 CMakeFiles/paneldue.elf.dir/src/UI/Display.cpp.obj
                0x00407926                ModernResourceLabel::GetHeight() const
 .text._ZNK23ModernTemperatureButton9GetHeightEv
                0x0040792a        0x4 CMakeFiles/paneldue.elf.dir/src/UI/Display.cpp.obj
                0x0040792a                ModernTemperatureButton::GetHeight() const
 .text._ZNK17ModernPowerButton9GetHeightEv
                0x0040792e        0x4 CMakeFiles/paneldue.elf.dir/src/UI/Display.cpp.obj
                0x0040792e                ModernPowerButton::GetHeight() const
 .text._ZNK16ModernIconButton9GetHeightEv
                0x00407932        0x4 CMakeFiles/paneldue.elf.dir/src/UI/Display.cpp.obj
                0x00407932                ModernIconButton::GetHeight() const
 .text._ZNK16ModernHomeButton9GetHeightEv
                0x00407936        0x4 CMakeFiles/paneldue.elf.dir/src/UI/Display.cpp.obj
                0x00407936                ModernHomeButton::GetHeight() const
 .text._ZNK19ModernBedCompButton9GetHeightEv
                0x0040793a        0x4 CMakeFiles/paneldue.elf.dir/src/UI/Display.cpp.obj
                0x0040793a                ModernBedCompButton::GetHeight() const
 .text._ZNK16ModernStopButton9GetHeightEv
                0x0040793e        0x4 CMakeFiles/paneldue.elf.dir/src/UI/Display.cpp.obj
                0x0040793e                ModernStopButton::GetHeight() const
 .text._ZNK20ModernAlertNavButton9GetHeightEv
                0x00407942        0x4 CMakeFiles/paneldue.elf.dir/src/UI/Display.cpp.obj
                0x00407942                ModernAlertNavButton::GetHeight() const
 .text._ZNK21ModernMasterNavButton9GetHeightEv
                0x00407946        0x4 CMakeFiles/paneldue.elf.dir/src/UI/Display.cpp.obj
                0x00407946                ModernMasterNavButton::GetHeight() const
 .text._ZNK13CharButtonRow9GetIParamEj
                0x0040794a        0x6 CMakeFiles/paneldue.elf.dir/src/UI/Display.cpp.obj
                0x0040794a                CharButtonRow::GetIParam(unsigned int) const
 .text._ZNK10TextButton9IsVisibleEv
                0x00407950        0xe CMakeFiles/paneldue.elf.dir/src/UI/Display.cpp.obj
                0x00407950                TextButton::IsVisible() const
 *fill*         0x0040795e        0x2 
 .text._ZNK10IconButton9GetHeightEv
                0x00407960       0x18 CMakeFiles/paneldue.elf.dir/src/UI/Display.cpp.obj
                0x00407960                IconButton::GetHeight() const
 .text._ZNK11ProgressBar9GetHeightEv
                0x00407978        0x4 CMakeFiles/paneldue.elf.dir/src/UI/Display.cpp.obj
                0x00407978                ProgressBar::GetHeight() const
 .text._ZNK10DrawDirect9GetHeightEv
                0x0040797c        0x4 CMakeFiles/paneldue.elf.dir/src/UI/Display.cpp.obj
                0x0040797c                DrawDirect::GetHeight() const
 .text._ZNK10MainWindow8ContainsEtttt
                0x00407980        0x4 CMakeFiles/paneldue.elf.dir/src/UI/Display.cpp.obj
                0x00407980                MainWindow::Contains(unsigned short, unsigned short, unsigned short, unsigned short) const
 .text._ZNK11PopupWindow8ContainsEtttt
                0x00407984       0x34 CMakeFiles/paneldue.elf.dir/src/UI/Display.cpp.obj
                0x00407984                PopupWindow::Contains(unsigned short, unsigned short, unsigned short, unsigned short) const
 .text._ZNK13FieldWithText9GetHeightEv
                0x004079b8       0x26 CMakeFiles/paneldue.elf.dir/src/UI/Display.cpp.obj
                0x004079b8                FieldWithText::GetHeight() const
 .text._ZN12SingleButton5PressEbi
                0x004079de       0x16 CMakeFiles/paneldue.elf.dir/src/UI/Display.cpp.obj
                0x004079de                SingleButton::Press(bool, int)
 .text._ZNK14ButtonWithText9GetHeightEv
                0x004079f4       0x24 CMakeFiles/paneldue.elf.dir/src/UI/Display.cpp.obj
                0x004079f4                ButtonWithText::GetHeight() const
 .text._ZNK17ButtonRowWithText9GetHeightEv
                0x00407a18       0x24 CMakeFiles/paneldue.elf.dir/src/UI/Display.cpp.obj
                0x00407a18                ButtonRowWithText::GetHeight() const
 .text._ZN13CharButtonRow5PressEbi
                0x00407a3c        0xc CMakeFiles/paneldue.elf.dir/src/UI/Display.cpp.obj
                0x00407a3c                CharButtonRow::Press(bool, int)
 .text._ZN10DrawDirect7RefreshEbtt
                0x00407a48       0x1c CMakeFiles/paneldue.elf.dir/src/UI/Display.cpp.obj
                0x00407a48                DrawDirect::Refresh(bool, unsigned short, unsigned short)
 .text._ZNK9TextField9PrintTextEv
                0x00407a64       0x30 CMakeFiles/paneldue.elf.dir/src/UI/Display.cpp.obj
                0x00407a64                TextField::PrintText() const
 .text._ZNK10FloatField9PrintTextEv
                0x00407a94       0x50 CMakeFiles/paneldue.elf.dir/src/UI/Display.cpp.obj
                0x00407a94                FloatField::PrintText() const
 .text._ZNK12IntegerField9PrintTextEv
                0x00407ae4       0x3c CMakeFiles/paneldue.elf.dir/src/UI/Display.cpp.obj
                0x00407ae4                IntegerField::PrintText() const
 .text._ZNK15StaticTextField9PrintTextEv
                0x00407b20       0x1c CMakeFiles/paneldue.elf.dir/src/UI/Display.cpp.obj
                0x00407b20                StaticTextField::PrintText() const
 .text._ZNK10TextButton9PrintTextEj
                0x00407b3c       0x1c CMakeFiles/paneldue.elf.dir/src/UI/Display.cpp.obj
                0x00407b3c                TextButton::PrintText(unsigned int) const
 .text._ZNK13IntegerButton9PrintTextEj
                0x00407b58       0x40 CMakeFiles/paneldue.elf.dir/src/UI/Display.cpp.obj
                0x00407b58                IntegerButton::PrintText(unsigned int) const
 .text._ZL11FillOctagoniii
                0x00407b98       0x68 CMakeFiles/paneldue.elf.dir/src/UI/Display.cpp.obj
 .text._ZN16ModernStopButton7RefreshEbtt
                0x00407c00       0xec CMakeFiles/paneldue.elf.dir/src/UI/Display.cpp.obj
                0x00407c00                ModernStopButton::Refresh(bool, unsigned short, unsigned short)
 .text._ZN10ModernCard7RefreshEbtt
                0x00407cec       0xbc CMakeFiles/paneldue.elf.dir/src/UI/Display.cpp.obj
                0x00407cec                ModernCard::Refresh(bool, unsigned short, unsigned short)
 .text._ZN16ModernTextButton7RefreshEbtt
                0x00407da8      0x188 CMakeFiles/paneldue.elf.dir/src/UI/Display.cpp.obj
                0x00407da8                ModernTextButton::Refresh(bool, unsigned short, unsigned short)
 .text._ZN19ModernBedCompButton7RefreshEbtt
                0x00407f30      0x11c CMakeFiles/paneldue.elf.dir/src/UI/Display.cpp.obj
                0x00407f30                ModernBedCompButton::Refresh(bool, unsigned short, unsigned short)
 .text._ZN11ProgressBar7RefreshEbtt
                0x0040804c      0x154 CMakeFiles/paneldue.elf.dir/src/UI/Display.cpp.obj
                0x0040804c                ProgressBar::Refresh(bool, unsigned short, unsigned short)
 .text._ZN19ModernResourceLabel7RefreshEbtt
                0x004081a0      0x258 CMakeFiles/paneldue.elf.dir/src/UI/Display.cpp.obj
                0x004081a0                ModernResourceLabel::Refresh(bool, unsigned short, unsigned short)
 .text._ZN16ModernHomeButton7RefreshEbtt
                0x004083f8      0x1e8 CMakeFiles/paneldue.elf.dir/src/UI/Display.cpp.obj
                0x004083f8                ModernHomeButton::Refresh(bool, unsigned short, unsigned short)
 .text._ZN13FieldWithText7RefreshEbtt
                0x004085e0      0x198 CMakeFiles/paneldue.elf.dir/src/UI/Display.cpp.obj
                0x004085e0                FieldWithText::Refresh(bool, unsigned short, unsigned short)
 .text._ZN17ModernPowerButton7RefreshEbtt
                0x00408778      0x11c CMakeFiles/paneldue.elf.dir/src/UI/Display.cpp.obj
                0x00408778                ModernPowerButton::Refresh(bool, unsigned short, unsigned short)
 .text._ZN20ModernAlertNavButton7RefreshEbtt
                0x00408894      0x158 CMakeFiles/paneldue.elf.dir/src/UI/Display.cpp.obj
                0x00408894                ModernAlertNavButton::Refresh(bool, unsigned short, unsigned short)
 .text._ZN21ModernMasterNavButton7RefreshEbtt
                0x004089ec      0x1f8 CMakeFiles/paneldue.elf.dir/src/UI/Display.cpp.obj
                0x004089ec                ModernMasterNavButton::Refresh(bool, unsigned short, unsigned short)
 .text._ZN23ModernTemperatureButton7RefreshEbtt
                0x00408be4      0x1b0 CMakeFiles/paneldue.elf.dir/src/UI/Display.cpp.obj
                0x00408be4                ModernTemperatureButton::Refresh(bool, unsigned short, unsigned short)
 .text._ZN16ModernIconButton7RefreshEbtt
                0x00408d94      0x3c0 CMakeFiles/paneldue.elf.dir/src/UI/Display.cpp.obj
                0x00408d94                ModernIconButton::Refresh(bool, unsigned short, unsigned short)
 .text._ZNK13CharButtonRow9PrintTextEj
                0x00409154       0x14 CMakeFiles/paneldue.elf.dir/src/UI/Display.cpp.obj
                0x00409154                CharButtonRow::PrintText(unsigned int) const
 .text._ZNK12DisplayField7GetMaxYEv
                0x00409168       0x12 CMakeFiles/paneldue.elf.dir/src/UI/Display.cpp.obj
                0x00409168                DisplayField::GetMaxY() const
 *fill*         0x0040917a        0x2 
 .text._ZN10ButtonBase10CheckEventEttRiR11ButtonPress
                0x0040917c       0x84 CMakeFiles/paneldue.elf.dir/src/UI/Display.cpp.obj
                0x0040917c                ButtonBase::CheckEvent(unsigned short, unsigned short, int&, ButtonPress&)
 .text._ZN13CharButtonRow10CheckEventEttRiR11ButtonPress
                0x00409200       0xa0 CMakeFiles/paneldue.elf.dir/src/UI/Display.cpp.obj
                0x00409200                CharButtonRow::CheckEvent(unsigned short, unsigned short, int&, ButtonPress&)
 .text._ZN12DisplayFieldC2Ettt
                0x004092a0       0x38 CMakeFiles/paneldue.elf.dir/src/UI/Display.cpp.obj
                0x004092a0                DisplayField::DisplayField(unsigned short, unsigned short, unsigned short)
                0x004092a0                DisplayField::DisplayField(unsigned short, unsigned short, unsigned short)
 .text._ZN12DisplayField11SetTextRowsEPKc
                0x004092d8       0x20 CMakeFiles/paneldue.elf.dir/src/UI/Display.cpp.obj
                0x004092d8                DisplayField::SetTextRows(char const*)
 .text._ZN12DisplayField19SetPositionAndWidthEtt
                0x004092f8       0x1a CMakeFiles/paneldue.elf.dir/src/UI/Display.cpp.obj
                0x004092f8                DisplayField::SetPositionAndWidth(unsigned short, unsigned short)
 .text._ZN12DisplayField11SetPositionEtt
                0x00409312       0x1a CMakeFiles/paneldue.elf.dir/src/UI/Display.cpp.obj
                0x00409312                DisplayField::SetPosition(unsigned short, unsigned short)
 .text._ZN12DisplayField17SetDefaultColoursEttttttPKt
                0x0040932c       0x48 CMakeFiles/paneldue.elf.dir/src/UI/Display.cpp.obj
                0x0040932c                DisplayField::SetDefaultColours(unsigned short, unsigned short, unsigned short, unsigned short, unsigned short, unsigned short, unsigned short const*)
 .text._ZN12DisplayField12GetTextWidthEPKct
                0x00409374       0x48 CMakeFiles/paneldue.elf.dir/src/UI/Display.cpp.obj
                0x00409374                DisplayField::GetTextWidth(char const*, unsigned short)
 .text._ZN12DisplayField12GetTextWidthEPKctj
                0x004093bc       0x38 CMakeFiles/paneldue.elf.dir/src/UI/Display.cpp.obj
                0x004093bc                DisplayField::GetTextWidth(char const*, unsigned short, unsigned int)
 .text._ZN12DisplayField4ShowEb
                0x004093f4       0x16 CMakeFiles/paneldue.elf.dir/src/UI/Display.cpp.obj
                0x004093f4                DisplayField::Show(bool)
 .text._ZN12DisplayField9FindEventEttPS_
                0x0040940a       0x36 CMakeFiles/paneldue.elf.dir/src/UI/Display.cpp.obj
                0x0040940a                DisplayField::FindEvent(unsigned short, unsigned short, DisplayField*)
 .text._ZN12DisplayField10SetColoursEtt
                0x00409440       0x1a CMakeFiles/paneldue.elf.dir/src/UI/Display.cpp.obj
                0x00409440                DisplayField::SetColours(unsigned short, unsigned short)
 .text._ZN11ButtonPressC2Ev
                0x0040945a        0x8 CMakeFiles/paneldue.elf.dir/src/UI/Display.cpp.obj
                0x0040945a                ButtonPress::ButtonPress()
                0x0040945a                ButtonPress::ButtonPress()
 .text._ZN11ButtonPress5ClearEv
                0x00409462        0x8 CMakeFiles/paneldue.elf.dir/src/UI/Display.cpp.obj
                0x00409462                ButtonPress::Clear()
 .text._ZNK11ButtonPress8GetEventEv
                0x0040946a        0x8 CMakeFiles/paneldue.elf.dir/src/UI/Display.cpp.obj
                0x0040946a                ButtonPress::GetEvent() const
 .text._ZNK11ButtonPress9GetIParamEv
                0x00409472        0xc CMakeFiles/paneldue.elf.dir/src/UI/Display.cpp.obj
                0x00409472                ButtonPress::GetIParam() const
 .text._ZNK11ButtonPress9GetSParamEv
                0x0040947e        0xc CMakeFiles/paneldue.elf.dir/src/UI/Display.cpp.obj
                0x0040947e                ButtonPress::GetSParam() const
 .text._ZNK11ButtonPresseqERKS_
                0x0040948a       0x18 CMakeFiles/paneldue.elf.dir/src/UI/Display.cpp.obj
                0x0040948a                ButtonPress::operator==(ButtonPress const&) const
 .text._ZN6Window8AddFieldEP12DisplayField
                0x004094a2        0xa CMakeFiles/paneldue.elf.dir/src/UI/Display.cpp.obj
                0x004094a2                Window::AddField(DisplayField*)
 .text._ZNK6Window15ObscuredByPopupEPK12DisplayField
                0x004094ac       0x6c CMakeFiles/paneldue.elf.dir/src/UI/Display.cpp.obj
                0x004094ac                Window::ObscuredByPopup(DisplayField const*) const
 .text._ZN11PopupWindow7RefreshEb
                0x00409518       0xec CMakeFiles/paneldue.elf.dir/src/UI/Display.cpp.obj
                0x00409518                PopupWindow::Refresh(bool)
 .text._ZNK6Window7VisibleEPK12DisplayField
                0x00409604       0x24 CMakeFiles/paneldue.elf.dir/src/UI/Display.cpp.obj
                0x00409604                Window::Visible(DisplayField const*) const
 .text._ZN10MainWindow7RefreshEb
                0x00409628       0x58 CMakeFiles/paneldue.elf.dir/src/UI/Display.cpp.obj
                0x00409628                MainWindow::Refresh(bool)
 .text._ZN6Window9FindEventEtt
                0x00409680       0x5c CMakeFiles/paneldue.elf.dir/src/UI/Display.cpp.obj
                0x00409680                Window::FindEvent(unsigned short, unsigned short)
 .text._ZN6Window21FindEventOutsidePopupEtt
                0x004096dc       0x44 CMakeFiles/paneldue.elf.dir/src/UI/Display.cpp.obj
                0x004096dc                Window::FindEventOutsidePopup(unsigned short, unsigned short)
 .text._ZN6Window8SetPopupEP11PopupWindowttbtt
                0x00409720       0x6c CMakeFiles/paneldue.elf.dir/src/UI/Display.cpp.obj
                0x00409720                Window::SetPopup(PopupWindow*, unsigned short, unsigned short, bool, unsigned short, unsigned short)
 .text._ZN6Window10ClearPopupEbP11PopupWindow
                0x0040978c       0xd4 CMakeFiles/paneldue.elf.dir/src/UI/Display.cpp.obj
                0x0040978c                Window::ClearPopup(bool, PopupWindow*)
 .text._ZN6Window13IsPopupActiveEPK11PopupWindow
                0x00409860        0xc CMakeFiles/paneldue.elf.dir/src/UI/Display.cpp.obj
                0x00409860                Window::IsPopupActive(PopupWindow const*)
 .text._ZN6Window6RedrawEP12DisplayField
                0x0040986c       0xcc CMakeFiles/paneldue.elf.dir/src/UI/Display.cpp.obj
                0x0040986c                Window::Redraw(DisplayField*)
 .text._ZN6Window4ShowEP12DisplayFieldb
                0x00409938       0xd0 CMakeFiles/paneldue.elf.dir/src/UI/Display.cpp.obj
                0x00409938                Window::Show(DisplayField*, bool)
 .text._ZN6Window5PressE11ButtonPressb
                0x00409a08       0x38 CMakeFiles/paneldue.elf.dir/src/UI/Display.cpp.obj
                0x00409a08                Window::Press(ButtonPress, bool)
 .text._ZN10MainWindowC2Ev
                0x00409a40       0x14 CMakeFiles/paneldue.elf.dir/src/UI/Display.cpp.obj
                0x00409a40                MainWindow::MainWindow()
                0x00409a40                MainWindow::MainWindow()
 .text._ZN10MainWindow4InitEt
                0x00409a54        0x4 CMakeFiles/paneldue.elf.dir/src/UI/Display.cpp.obj
                0x00409a54                MainWindow::Init(unsigned short)
 .text._ZN10MainWindow14ClearAllPopupsEv
                0x00409a58       0x1c CMakeFiles/paneldue.elf.dir/src/UI/Display.cpp.obj