Archive member included to satisfy reference by file (symbol)

lib/librrf/librrf.a(CRC16.cpp.obj)
                              CMakeFiles/paneldue.elf.dir/src/Hardware/SerialIo.cpp.obj (CRC16::CRC16())
lib/librrf/librrf.a(SafeStrtod.cpp.obj)
                              CMakeFiles/paneldue.elf.dir/src/PanelDue.cpp.obj (SafeStrtof(char const*, char const**))
lib/librrf/librrf.a(SafeVsnprintf.cpp.obj)
                              CMakeFiles/paneldue.elf.dir/src/Hardware/SerialIo.cpp.obj (vuprintf(function_ref_noexcept<bool (char) noexcept>, char const*, std::__va_list))
lib/librrf/librrf.a(StringFunctions.cpp.obj)
                              CMakeFiles/paneldue.elf.dir/src/FileManager.cpp.obj (StringEqualsIgnoreCase(char const*, char const*))
lib/librrf/librrf.a(StringRef.cpp.obj)
                              CMakeFiles/paneldue.elf.dir/src/FileManager.cpp.obj (StringRef::vprintf(char const*, std::__va_list) const)
lib/librrf/librrf.a(Strnlen.cpp.obj)
                              CMakeFiles/paneldue.elf.dir/src/FileManager.cpp.obj (Strnlen(char const*, unsigned int))
lib/librrf/librrf.a(NumericConverter.cpp.obj)
                              lib/librrf/librrf.a(SafeStrtod.cpp.obj) (NumericConverter::FitsInInt32() const)
c:/program files (x86)/gnu arm embedded toolchain/10 2021.10/bin/../lib/gcc/arm-none-eabi/10.3.1/../../../../arm-none-eabi/lib/thumb/v7e-m/nofp\libm.a(lib_a-s_llrint.o)
                              lib/librrf/librrf.a(SafeVsnprintf.cpp.obj) (llrint)
c:/program files (x86)/gnu arm embedded toolchain/10 2021.10/bin/../lib/gcc/arm-none-eabi/10.3.1/thumb/v7e-m/nofp\libgcc.a(_arm_muldf3.o)
                              lib/librrf/librrf.a(SafeVsnprintf.cpp.obj) (__aeabi_dmul)
c:/program files (x86)/gnu arm embedded toolchain/10 2021.10/bin/../lib/gcc/arm-none-eabi/10.3.1/thumb/v7e-m/nofp\libgcc.a(_arm_mulsf3.o)
                              CMakeFiles/paneldue.elf.dir/src/PanelDue.cpp.obj (__aeabi_fmul)
c:/program files (x86)/gnu arm embedded toolchain/10 2021.10/bin/../lib/gcc/arm-none-eabi/10.3.1/thumb/v7e-m/nofp\libgcc.a(_arm_addsubdf3.o)
                              c:/program files (x86)/gnu arm embedded toolchain/10 2021.10/bin/../lib/gcc/arm-none-eabi/10.3.1/../../../../arm-none-eabi/lib/thumb/v7e-m/nofp\libm.a(lib_a-s_llrint.o) (__aeabi_dsub)
c:/program files (x86)/gnu arm embedded toolchain/10 2021.10/bin/../lib/gcc/arm-none-eabi/10.3.1/thumb/v7e-m/nofp\libgcc.a(_arm_muldivdf3.o)
                              CMakeFiles/paneldue.elf.dir/src/UI/UserInterface.cpp.obj (__aeabi_ddiv)
c:/program files (x86)/gnu arm embedded toolchain/10 2021.10/bin/../lib/gcc/arm-none-eabi/10.3.1/thumb/v7e-m/nofp\libgcc.a(_arm_cmpdf2.o)
                              lib/librrf/librrf.a(SafeVsnprintf.cpp.obj) (__aeabi_dcmpeq)
c:/program files (x86)/gnu arm embedded toolchain/10 2021.10/bin/../lib/gcc/arm-none-eabi/10.3.1/thumb/v7e-m/nofp\libgcc.a(_arm_unorddf2.o)
                              lib/librrf/librrf.a(SafeVsnprintf.cpp.obj) (__aeabi_dcmpun)
c:/program files (x86)/gnu arm embedded toolchain/10 2021.10/bin/../lib/gcc/arm-none-eabi/10.3.1/thumb/v7e-m/nofp\libgcc.a(_arm_truncdfsf2.o)
                              lib/librrf/librrf.a(NumericConverter.cpp.obj) (__aeabi_d2f)
c:/program files (x86)/gnu arm embedded toolchain/10 2021.10/bin/../lib/gcc/arm-none-eabi/10.3.1/thumb/v7e-m/nofp\libgcc.a(_arm_addsubsf3.o)
                              CMakeFiles/paneldue.elf.dir/src/PanelDue.cpp.obj (__aeabi_fsub)
c:/program files (x86)/gnu arm embedded toolchain/10 2021.10/bin/../lib/gcc/arm-none-eabi/10.3.1/thumb/v7e-m/nofp\libgcc.a(_arm_muldivsf3.o)
                              CMakeFiles/paneldue.elf.dir/src/PanelDue.cpp.obj (__aeabi_fdiv)
c:/program files (x86)/gnu arm embedded toolchain/10 2021.10/bin/../lib/gcc/arm-none-eabi/10.3.1/thumb/v7e-m/nofp\libgcc.a(_arm_cmpsf2.o)
                              CMakeFiles/paneldue.elf.dir/src/UI/UserInterface.cpp.obj (__aeabi_fcmpeq)
c:/program files (x86)/gnu arm embedded toolchain/10 2021.10/bin/../lib/gcc/arm-none-eabi/10.3.1/thumb/v7e-m/nofp\libgcc.a(_arm_unordsf2.o)
                              CMakeFiles/paneldue.elf.dir/src/UI/UserInterface.cpp.obj (__aeabi_fcmpun)
c:/program files (x86)/gnu arm embedded toolchain/10 2021.10/bin/../lib/gcc/arm-none-eabi/10.3.1/thumb/v7e-m/nofp\libgcc.a(_arm_fixsfsi.o)
                              CMakeFiles/paneldue.elf.dir/src/PanelDue.cpp.obj (__aeabi_f2iz)
c:/program files (x86)/gnu arm embedded toolchain/10 2021.10/bin/../lib/gcc/arm-none-eabi/10.3.1/thumb/v7e-m/nofp\libgcc.a(_arm_fixunssfsi.o)
                              CMakeFiles/paneldue.elf.dir/src/PanelDue.cpp.obj (__aeabi_f2uiz)
c:/program files (x86)/gnu arm embedded toolchain/10 2021.10/bin/../lib/gcc/arm-none-eabi/10.3.1/thumb/v7e-m/nofp\libgcc.a(_aeabi_ldivmod.o)
                              lib/librrf/librrf.a(SafeVsnprintf.cpp.obj) (__aeabi_ldivmod)
[...]
Memory Configuration

Name             Origin             Length             Attributes
rom              0x00400000         0x00040000         xr
ram              0x20000000         0x00010000         xrw
*default*        0x00000000         0xffffffff

Linker script and memory map

LOAD c:/program files (x86)/gnu arm embedded toolchain/10 2021.10/bin/../lib/gcc/arm-none-eabi/10.3.1/thumb/v7e-m/nofp/crti.o
LOAD c:/program files (x86)/gnu arm embedded toolchain/10 2021.10/bin/../lib/gcc/arm-none-eabi/10.3.1/thumb/v7e-m/nofp/crtbegin.o
LOAD c:/program files (x86)/gnu arm embedded toolchain/10 2021.10/bin/../lib/gcc/arm-none-eabi/10.3.1/../../../../arm-none-eabi/lib/thumb/v7e-m/nofp/crt0.o
                0x00001000                __stack_size__ = 0x1000
LOAD CMakeFiles/paneldue.elf.dir/src/ASF/sam/utils/cmsis/sam4s/source/templates/system_sam4s.c.obj
LOAD CMakeFiles/paneldue.elf.dir/src/ASF/sam/utils/cmsis/sam4s/source/templates/gcc/startup_sam4s.c.obj
LOAD CMakeFiles/paneldue.elf.dir/src/ASF/common/services/clock/sam4s/sysclk.c.obj
LOAD CMakeFiles/paneldue.elf.dir/src/ASF/common/boards/user_board/init.c.obj
LOAD CMakeFiles/paneldue.elf.dir/src/ASF/common/services/delay/sam/cycle_counter.c.obj
LOAD CMakeFiles/paneldue.elf.dir/src/ASF/common/utils/interrupt/interrupt_sam_nvic.c.obj
LOAD CMakeFiles/paneldue.elf.dir/src/ASF/sam/drivers/chipid/chipid.c.obj
LOAD CMakeFiles/paneldue.elf.dir/src/ASF/sam/drivers/efc/efc.c.obj
LOAD CMakeFiles/paneldue.elf.dir/src/ASF/sam/drivers/matrix/matrix.c.obj
LOAD CMakeFiles/paneldue.elf.dir/src/ASF/sam/drivers/pio/pio.c.obj
LOAD CMakeFiles/paneldue.elf.dir/src/ASF/sam/drivers/pio/pio_handler.c.obj
LOAD CMakeFiles/paneldue.elf.dir/src/ASF/sam/drivers/pmc/pmc.c.obj
LOAD CMakeFiles/paneldue.elf.dir/src/ASF/sam/drivers/pwm/pwm.c.obj
LOAD CMakeFiles/paneldue.elf.dir/src/ASF/sam/drivers/rstc/rstc.c.obj
LOAD CMakeFiles/paneldue.elf.dir/src/ASF/sam/drivers/uart/uart.c.obj
LOAD CMakeFiles/paneldue.elf.dir/src/ASF/sam/drivers/wdt/wdt.c.obj
LOAD CMakeFiles/paneldue.elf.dir/src/ASF/sam/services/flash_efc/flash_efc.c.obj
LOAD CMakeFiles/paneldue.elf.dir/src/ASF/sam/utils/syscalls/gcc/syscalls.c.obj
LOAD CMakeFiles/paneldue.elf.dir/src/FileManager.cpp.obj
LOAD CMakeFiles/paneldue.elf.dir/src/FlashData.cpp.obj
LOAD CMakeFiles/paneldue.elf.dir/src/Fonts/glcd19x21.cpp.obj
LOAD CMakeFiles/paneldue.elf.dir/src/Fonts/glcd28x32.cpp.obj
LOAD CMakeFiles/paneldue.elf.dir/src/Hardware/Backlight.cpp.obj
LOAD CMakeFiles/paneldue.elf.dir/src/Hardware/Buzzer.cpp.obj
LOAD CMakeFiles/paneldue.elf.dir/src/Hardware/FlashStorage.cpp.obj
LOAD CMakeFiles/paneldue.elf.dir/src/Hardware/Mem.cpp.obj
LOAD CMakeFiles/paneldue.elf.dir/src/Hardware/OneBitPort.cpp.obj
LOAD CMakeFiles/paneldue.elf.dir/src/Hardware/Reset.cpp.obj
LOAD CMakeFiles/paneldue.elf.dir/src/Hardware/RotaryEncoder.cpp.obj
LOAD CMakeFiles/paneldue.elf.dir/src/Hardware/SerialIo.cpp.obj
LOAD CMakeFiles/paneldue.elf.dir/src/Hardware/SysTick.cpp.obj
LOAD CMakeFiles/paneldue.elf.dir/src/Hardware/UTFT.cpp.obj
LOAD CMakeFiles/paneldue.elf.dir/src/Hardware/UTouch.cpp.obj
LOAD CMakeFiles/paneldue.elf.dir/src/Icons/HomeIcons.cpp.obj
LOAD CMakeFiles/paneldue.elf.dir/src/Icons/KeyIcons.cpp.obj
LOAD CMakeFiles/paneldue.elf.dir/src/Icons/MiscIcons.cpp.obj
LOAD CMakeFiles/paneldue.elf.dir/src/Icons/NozzleIcons.cpp.obj
LOAD CMakeFiles/paneldue.elf.dir/src/Library/Misc.cpp.obj
LOAD CMakeFiles/paneldue.elf.dir/src/Library/Thumbnail.cpp.obj
LOAD CMakeFiles/paneldue.elf.dir/src/ObjectModel/Axis.cpp.obj
LOAD CMakeFiles/paneldue.elf.dir/src/ObjectModel/BedOrChamber.cpp.obj
LOAD CMakeFiles/paneldue.elf.dir/src/ObjectModel/Spindle.cpp.obj
LOAD CMakeFiles/paneldue.elf.dir/src/ObjectModel/Tool.cpp.obj
LOAD CMakeFiles/paneldue.elf.dir/src/ObjectModel/Utils.cpp.obj
LOAD CMakeFiles/paneldue.elf.dir/src/PanelDue.cpp.obj
LOAD CMakeFiles/paneldue.elf.dir/src/RequestTimer.cpp.obj
LOAD CMakeFiles/paneldue.elf.dir/src/UI/ColourSchemes.cpp.obj
LOAD CMakeFiles/paneldue.elf.dir/src/UI/Display.cpp.obj
LOAD CMakeFiles/paneldue.elf.dir/src/UI/MessageLog.cpp.obj
LOAD CMakeFiles/paneldue.elf.dir/src/UI/Popup.cpp.obj
LOAD CMakeFiles/paneldue.elf.dir/src/UI/UserInterface.cpp.obj
LOAD CMakeFiles/paneldue.elf.dir/lib/base64/base64.c.obj
LOAD lib/librrf/librrf.a
LOAD c:/program files (x86)/gnu arm embedded toolchain/10 2021.10/bin/../lib/gcc/arm-none-eabi/10.3.1/../../../../arm-none-eabi/lib/thumb/v7e-m/nofp\libstdc++_nano.a
LOAD c:/program files (x86)/gnu arm embedded toolchain/10 2021.10/bin/../lib/gcc/arm-none-eabi/10.3.1/../../../../arm-none-eabi/lib/thumb/v7e-m/nofp\libm.a
START GROUP
LOAD c:/program files (x86)/gnu arm embedded toolchain/10 2021.10/bin/../lib/gcc/arm-none-eabi/10.3.1/thumb/v7e-m/nofp\libgcc.a
LOAD c:/program files (x86)/gnu arm embedded toolchain/10 2021.10/bin/../lib/gcc/arm-none-eabi/10.3.1/../../../../arm-none-eabi/lib/thumb/v7e-m/nofp\libg_nano.a
LOAD c:/program files (x86)/gnu arm embedded toolchain/10 2021.10/bin/../lib/gcc/arm-none-eabi/10.3.1/../../../../arm-none-eabi/lib/thumb/v7e-m/nofp\libc_nano.a
END GROUP
START GROUP
LOAD c:/program files (x86)/gnu arm embedded toolchain/10 2021.10/bin/../lib/gcc/arm-none-eabi/10.3.1/thumb/v7e-m/nofp\libgcc.a
LOAD c:/program files (x86)/gnu arm embedded toolchain/10 2021.10/bin/../lib/gcc/arm-none-eabi/10.3.1/../../../../arm-none-eabi/lib/thumb/v7e-m/nofp\libc_nano.a
END GROUP
LOAD c:/program files (x86)/gnu arm embedded toolchain/10 2021.10/bin/../lib/gcc/arm-none-eabi/10.3.1/thumb/v7e-m/nofp/crtend.o
LOAD c:/program files (x86)/gnu arm embedded toolchain/10 2021.10/bin/../lib/gcc/arm-none-eabi/10.3.1/thumb/v7e-m/nofp/crtn.o
                0x20000000                __ram_start__ = ORIGIN (ram)
                0x2000fffc                __ram_end__ = ((ORIGIN (ram) + LENGTH (ram)) - 0x4)
                0x00400000                __flash_start__ = ORIGIN (rom)
                0x00440000                __flash_end__ = (ORIGIN (rom) + LENGTH (rom))

.text           0x00400000    0x3998c
                0x00400000                . = ALIGN (0x4)
                0x00400000                _sfixed = .
 *(.vectors .vectors.*)
 .vectors       0x00400000       0xcc CMakeFiles/paneldue.elf.dir/src/ASF/sam/utils/cmsis/sam4s/source/templates/gcc/startup_sam4s.c.obj
                0x00400000                exception_table
 *(.text .text.* .gnu.linkonce.t.*)
 .text          0x004000cc       0x40 c:/program files (x86)/gnu arm embedded toolchain/10 2021.10/bin/../lib/gcc/arm-none-eabi/10.3.1/thumb/v7e-m/nofp/crtbegin.o
 .text.SystemInit
                0x0040010c        0x8 CMakeFiles/paneldue.elf.dir/src/ASF/sam/utils/cmsis/sam4s/source/templates/system_sam4s.c.obj
                0x0040010c                SystemInit
 .text.SystemCoreClockUpdate
                0x00400114       0xcc CMakeFiles/paneldue.elf.dir/src/ASF/sam/utils/cmsis/sam4s/source/templates/system_sam4s.c.obj
                0x00400114                SystemCoreClockUpdate
 .text.system_init_flash
                0x004001e0       0x54 CMakeFiles/paneldue.elf.dir/src/ASF/sam/utils/cmsis/sam4s/source/templates/system_sam4s.c.obj
                0x004001e0                system_init_flash
 .text.Dummy_Handler
                0x00400234        0x2 CMakeFiles/paneldue.elf.dir/src/ASF/sam/utils/cmsis/sam4s/source/templates/gcc/startup_sam4s.c.obj
                0x00400234                DACC_Handler
                0x00400234                DebugMon_Handler
                0x00400234                HardFault_Handler
                0x00400234                TC2_Handler
                0x00400234                SPI_Handler
                0x00400234                TWI1_Handler
                0x00400234                PendSV_Handler
                0x00400234                NMI_Handler
                0x00400234                ADC_Handler
                0x00400234                CRCCU_Handler
                0x00400234                USART0_Handler
                0x00400234                RTT_Handler
                0x00400234                RTC_Handler
                0x00400234                UsageFault_Handler
                0x00400234                WDT_Handler
                0x00400234                TC1_Handler
                0x00400234                HSMCI_Handler
                0x00400234                UART1_Handler
                0x00400234                Dummy_Handler
                0x00400234                TWI0_Handler
                0x00400234                USART1_Handler
                0x00400234                SSC_Handler
                0x00400234                EFC0_Handler
                0x00400234                ACC_Handler
                0x00400234                PMC_Handler
                0x00400234                PWM_Handler
                0x00400234                MemManage_Handler
                0x00400234                SUPC_Handler
                0x00400234                SVC_Handler
                0x00400234                UDP_Handler
                0x00400234                BusFault_Handler
                0x00400234                RSTC_Handler
                0x00400234                TC0_Handler
 *fill*         0x00400236        0x2 
 .text.Reset_Handler
                0x00400238       0x78 CMakeFiles/paneldue.elf.dir/src/ASF/sam/utils/cmsis/sam4s/source/templates/gcc/startup_sam4s.c.obj
                0x00400238                Reset_Handler
 .text.osc_enable
                0x004002b0       0x48 CMakeFiles/paneldue.elf.dir/src/ASF/common/services/clock/sam4s/sysclk.c.obj
 .text.osc_wait_ready.constprop.0
                0x004002f8       0x10 CMakeFiles/paneldue.elf.dir/src/ASF/common/services/clock/sam4s/sysclk.c.obj
 .text.sysclk_init
                0x00400308       0x64 CMakeFiles/paneldue.elf.dir/src/ASF/common/services/clock/sam4s/sysclk.c.obj
                0x00400308                sysclk_init
 .text.efc_get_result
                0x0040036c        0x4 CMakeFiles/paneldue.elf.dir/src/ASF/sam/drivers/efc/efc.c.obj
                0x0040036c                efc_get_result
 .text.efc_perform_command
                0x00400370       0x28 CMakeFiles/paneldue.elf.dir/src/ASF/sam/drivers/efc/efc.c.obj
                0x00400370                efc_perform_command
 .text.matrix_set_system_io
                0x00400398        0xc CMakeFiles/paneldue.elf.dir/src/ASF/sam/drivers/matrix/matrix.c.obj
                0x00400398                matrix_set_system_io
 .text.pio_get  0x004003a4       0x18 CMakeFiles/paneldue.elf.dir/src/ASF/sam/drivers/pio/pio.c.obj
                0x004003a4                pio_get
 .text.pio_set_peripheral
                0x004003bc       0x6e CMakeFiles/paneldue.elf.dir/src/ASF/sam/drivers/pio/pio.c.obj
                0x004003bc                pio_set_peripheral
 .text.pio_set_input
                0x0040042a       0x2c CMakeFiles/paneldue.elf.dir/src/ASF/sam/drivers/pio/pio.c.obj
                0x0040042a                pio_set_input
 .text.pio_set_output
                0x00400456       0x24 CMakeFiles/paneldue.elf.dir/src/ASF/sam/drivers/pio/pio.c.obj
                0x00400456                pio_set_output
 *fill*         0x0040047a        0x2 
 .text.pio_configure
                0x0040047c       0x84 CMakeFiles/paneldue.elf.dir/src/ASF/sam/drivers/pio/pio.c.obj
                0x0040047c                pio_configure
 .text.pio_enable_output_write
                0x00400500        0x6 CMakeFiles/paneldue.elf.dir/src/ASF/sam/drivers/pio/pio.c.obj
                0x00400500                pio_enable_output_write
 .text.pio_get_interrupt_status
                0x00400506        0x4 CMakeFiles/paneldue.elf.dir/src/ASF/sam/drivers/pio/pio.c.obj
                0x00400506                pio_get_interrupt_status
 .text.pio_get_interrupt_mask
                0x0040050a        0x4 CMakeFiles/paneldue.elf.dir/src/ASF/sam/drivers/pio/pio.c.obj
                0x0040050a                pio_get_interrupt_mask
 *fill*         0x0040050e        0x2 
 .text.pio_handler_process
                0x00400510       0x6c CMakeFiles/paneldue.elf.dir/src/ASF/sam/drivers/pio/pio_handler.c.obj
                0x00400510                pio_handler_process
 .text.PIOA_Handler
                0x0040057c       0x10 CMakeFiles/paneldue.elf.dir/src/ASF/sam/drivers/pio/pio_handler.c.obj
                0x0040057c                PIOA_Handler
 .text.PIOB_Handler
                0x0040058c       0x10 CMakeFiles/paneldue.elf.dir/src/ASF/sam/drivers/pio/pio_handler.c.obj
                0x0040058c                PIOB_Handler
 .text.pmc_switch_mck_to_pllack
                0x0040059c       0x44 CMakeFiles/paneldue.elf.dir/src/ASF/sam/drivers/pmc/pmc.c.obj
                0x0040059c                pmc_switch_mck_to_pllack
 .text.pmc_switch_sclk_to_32kxtal
                0x004005e0       0x20 CMakeFiles/paneldue.elf.dir/src/ASF/sam/drivers/pmc/pmc.c.obj
                0x004005e0                pmc_switch_sclk_to_32kxtal
 .text.pmc_switch_mainck_to_fastrc
                0x00400600       0x44 CMakeFiles/paneldue.elf.dir/src/ASF/sam/drivers/pmc/pmc.c.obj
                0x00400600                pmc_switch_mainck_to_fastrc
 .text.pmc_switch_mainck_to_xtal
                0x00400644       0x4c CMakeFiles/paneldue.elf.dir/src/ASF/sam/drivers/pmc/pmc.c.obj
                0x00400644                pmc_switch_mainck_to_xtal
 .text.pmc_osc_is_ready_mainck
                0x00400690       0x10 CMakeFiles/paneldue.elf.dir/src/ASF/sam/drivers/pmc/pmc.c.obj
                0x00400690                pmc_osc_is_ready_mainck
 .text.pmc_disable_pllack
                0x004006a0       0x10 CMakeFiles/paneldue.elf.dir/src/ASF/sam/drivers/pmc/pmc.c.obj
                0x004006a0                pmc_disable_pllack
 .text.pmc_is_locked_pllack
                0x004006b0       0x10 CMakeFiles/paneldue.elf.dir/src/ASF/sam/drivers/pmc/pmc.c.obj
                0x004006b0                pmc_is_locked_pllack
 .text.pmc_enable_periph_clk
                0x004006c0       0x40 CMakeFiles/paneldue.elf.dir/src/ASF/sam/drivers/pmc/pmc.c.obj
                0x004006c0                pmc_enable_periph_clk
 .text.pwm_clocks_generate
                0x00400700       0x4c CMakeFiles/paneldue.elf.dir/src/ASF/sam/drivers/pwm/pwm.c.obj
 .text.pwm_init
                0x0040074c       0x44 CMakeFiles/paneldue.elf.dir/src/ASF/sam/drivers/pwm/pwm.c.obj
                0x0040074c                pwm_init
 .text.pwm_channel_init
                0x00400790       0xdc CMakeFiles/paneldue.elf.dir/src/ASF/sam/drivers/pwm/pwm.c.obj
                0x00400790                pwm_channel_init
 .text.pwm_channel_enable
                0x0040086c        0x8 CMakeFiles/paneldue.elf.dir/src/ASF/sam/drivers/pwm/pwm.c.obj
                0x0040086c                pwm_channel_enable
 .text.pwm_channel_disable
                0x00400874        0x8 CMakeFiles/paneldue.elf.dir/src/ASF/sam/drivers/pwm/pwm.c.obj
                0x00400874                pwm_channel_disable
 .text.rstc_start_software_reset
                0x0040087c        0xc CMakeFiles/paneldue.elf.dir/src/ASF/sam/drivers/rstc/rstc.c.obj
                0x0040087c                rstc_start_software_reset
 .text.rstc_get_reset_cause
                0x00400888        0x8 CMakeFiles/paneldue.elf.dir/src/ASF/sam/drivers/rstc/rstc.c.obj
                0x00400888                rstc_get_reset_cause
 .text.uart_init
                0x00400890       0x34 CMakeFiles/paneldue.elf.dir/src/ASF/sam/drivers/uart/uart.c.obj
                0x00400890                uart_init
 .text.uart_enable_interrupt
                0x004008c4        0x4 CMakeFiles/paneldue.elf.dir/src/ASF/sam/drivers/uart/uart.c.obj
                0x004008c4                uart_enable_interrupt
 .text.uart_disable_interrupt
                0x004008c8        0x4 CMakeFiles/paneldue.elf.dir/src/ASF/sam/drivers/uart/uart.c.obj
                0x004008c8                uart_disable_interrupt
 .text.uart_write
                0x004008cc        0xe CMakeFiles/paneldue.elf.dir/src/ASF/sam/drivers/uart/uart.c.obj
                0x004008cc                uart_write
 *fill*         0x004008da        0x2 
 .text.wdt_init
                0x004008dc       0x18 CMakeFiles/paneldue.elf.dir/src/ASF/sam/drivers/wdt/wdt.c.obj
                0x004008dc                wdt_init
 .text.wdt_restart
                0x004008f4       0x18 CMakeFiles/paneldue.elf.dir/src/ASF/sam/drivers/wdt/wdt.c.obj
                0x004008f4                wdt_restart
 .text.flash_unlock
                0x0040090c       0x54 CMakeFiles/paneldue.elf.dir/src/ASF/sam/services/flash_efc/flash_efc.c.obj
                0x0040090c                flash_unlock
 .text.flash_is_gpnvm_set
                0x00400960       0x40 CMakeFiles/paneldue.elf.dir/src/ASF/sam/services/flash_efc/flash_efc.c.obj
                0x00400960                flash_is_gpnvm_set
 .text.flash_clear_gpnvm
                0x004009a0       0x34 CMakeFiles/paneldue.elf.dir/src/ASF/sam/services/flash_efc/flash_efc.c.obj
                0x004009a0                flash_clear_gpnvm
 .text.flash_read_user_signature
                0x004009d4       0x28 CMakeFiles/paneldue.elf.dir/src/ASF/sam/services/flash_efc/flash_efc.c.obj
                0x004009d4                flash_read_user_signature
 .text.flash_write_user_signature
                0x004009fc       0x50 CMakeFiles/paneldue.elf.dir/src/ASF/sam/services/flash_efc/flash_efc.c.obj
                0x004009fc                flash_write_user_signature
 .text.flash_erase_user_signature
                0x00400a4c       0x14 CMakeFiles/paneldue.elf.dir/src/ASF/sam/services/flash_efc/flash_efc.c.obj
                0x00400a4c                flash_erase_user_signature
 .text._ZN21function_ref_noexceptIDoFbPKcS1_EE11callback_fnIZN11FileManager18EndReceivedMessageEvEUlT_T0_E_EEbPvS1_S1_
                0x00400a60       0x18 CMakeFiles/paneldue.elf.dir/src/FileManager.cpp.obj
 .text._ZN6StringILj100EE3catEc.isra.0
                0x00400a78       0x18 CMakeFiles/paneldue.elf.dir/src/FileManager.cpp.obj
 .text._ZN6StringILj100EE4copyEPKc.isra.0
                0x00400a90       0x18 CMakeFiles/paneldue.elf.dir/src/FileManager.cpp.obj
 .text._ZN11FileManager7FileSetC2EPKcjb
                0x00400aa8       0x58 CMakeFiles/paneldue.elf.dir/src/FileManager.cpp.obj
                0x00400aa8                FileManager::FileSet::FileSet(char const*, unsigned int, bool)
                0x00400aa8                FileManager::FileSet::FileSet(char const*, unsigned int, bool)
 .text._ZN11FileManager7FileSet20ReloadMacroShortListEi
                0x00400b00       0x40 CMakeFiles/paneldue.elf.dir/src/FileManager.cpp.obj
                0x00400b00                FileManager::FileSet::ReloadMacroShortList(int)
 .text._ZN11FileManager7FileSet10SetPendingEv
                0x00400b40       0x48 CMakeFiles/paneldue.elf.dir/src/FileManager.cpp.obj
                0x00400b40                FileManager::FileSet::SetPending()
 .text._ZN11FileManager7FileSet13SetupRootPathEv
                0x00400b88       0x34 CMakeFiles/paneldue.elf.dir/src/FileManager.cpp.obj
                0x00400b88                FileManager::FileSet::SetupRootPath()
 .text._ZN11FileManager15BeginNewMessageEv
                0x00400bbc       0x1c CMakeFiles/paneldue.elf.dir/src/FileManager.cpp.obj
                0x00400bbc                FileManager::BeginNewMessage()
 .text._ZN11FileManager19BeginReceivingFilesEv
                0x00400bd8       0x24 CMakeFiles/paneldue.elf.dir/src/FileManager.cpp.obj
                0x00400bd8                FileManager::BeginReceivingFiles()
 .text._ZN11FileManager11ReceiveFileEPKc
                0x00400bfc       0x64 CMakeFiles/paneldue.elf.dir/src/FileManager.cpp.obj
                0x00400bfc                FileManager::ReceiveFile(char const*)
 .text._ZN11FileManager20ReceiveDirectoryNameEPKc
                0x00400c60       0x10 CMakeFiles/paneldue.elf.dir/src/FileManager.cpp.obj
                0x00400c60                FileManager::ReceiveDirectoryName(char const*)
 .text._ZN11FileManager16ReceiveErrorCodeEi
                0x00400c70       0x14 CMakeFiles/paneldue.elf.dir/src/FileManager.cpp.obj
                0x00400c70                FileManager::ReceiveErrorCode(int)
 .text._ZN11FileManager11GetFilesDirEv
                0x00400c84        0x8 CMakeFiles/paneldue.elf.dir/src/FileManager.cpp.obj
                0x00400c84                FileManager::GetFilesDir()
 .text._ZN11FileManager12GetMacrosDirEv
                0x00400c8c        0x8 CMakeFiles/paneldue.elf.dir/src/FileManager.cpp.obj
                0x00400c8c                FileManager::GetMacrosDir()
 .text._ZN11FileManager16GetMacrosRootDirEv
                0x00400c94        0xc CMakeFiles/paneldue.elf.dir/src/FileManager.cpp.obj
                0x00400c94                FileManager::GetMacrosRootDir()
 .text._ZN11FileManager16RefreshFilesListEv
                0x00400ca0       0x10 CMakeFiles/paneldue.elf.dir/src/FileManager.cpp.obj
                0x00400ca0                FileManager::RefreshFilesList()
 .text._ZN11FileManager17RefreshMacrosListEv
                0x00400cb0       0x10 CMakeFiles/paneldue.elf.dir/src/FileManager.cpp.obj
                0x00400cb0                FileManager::RefreshMacrosList()
 .text._ZN11FileManager13ProcessTimersEv
                0x00400cc0       0x24 CMakeFiles/paneldue.elf.dir/src/FileManager.cpp.obj
                0x00400cc0                FileManager::ProcessTimers()
 .text._ZN11FileManager13SetNumVolumesEj
                0x00400ce4       0x10 CMakeFiles/paneldue.elf.dir/src/FileManager.cpp.obj
                0x00400ce4                FileManager::SetNumVolumes(unsigned int)
 .text._ZN11FileManager23FirmwareFeaturesChangedEv
                0x00400cf4       0x10 CMakeFiles/paneldue.elf.dir/src/FileManager.cpp.obj
                0x00400cf4                FileManager::FirmwareFeaturesChanged()
 .text._ZNK6StringILj100EE6strlenEv
                0x00400d04        0xc CMakeFiles/paneldue.elf.dir/src/FileManager.cpp.obj
                0x00400d04                String<100u>::strlen() const
 .text._ZNK11FileManager7FileSet10IsInSubdirEv
                0x00400d10       0x70 CMakeFiles/paneldue.elf.dir/src/FileManager.cpp.obj
                0x00400d10                FileManager::FileSet::IsInSubdir() const
 .text._ZN11FileManager7FileSet15FileListUpdatedEv
                0x00400d80      0x120 CMakeFiles/paneldue.elf.dir/src/FileManager.cpp.obj
                0x00400d80                FileManager::FileSet::FileListUpdated()
 .text._ZN11FileManager7FileSet6ScrollEi
                0x00400ea0       0x14 CMakeFiles/paneldue.elf.dir/src/FileManager.cpp.obj
                0x00400ea0                FileManager::FileSet::Scroll(int)
 .text._ZN11FileManager11ScrollFilesEi
                0x00400eb4       0x10 CMakeFiles/paneldue.elf.dir/src/FileManager.cpp.obj
                0x00400eb4                FileManager::ScrollFiles(int)
 .text._ZN11FileManager12ScrollMacrosEi
                0x00400ec4       0x10 CMakeFiles/paneldue.elf.dir/src/FileManager.cpp.obj
                0x00400ec4                FileManager::ScrollMacros(int)
 .text._ZN11FileManager7FileSet7DisplayEv
                0x00400ed4       0x40 CMakeFiles/paneldue.elf.dir/src/FileManager.cpp.obj
                0x00400ed4                FileManager::FileSet::Display()
 .text._ZN11FileManager16DisplayFilesListEv
                0x00400f14       0x10 CMakeFiles/paneldue.elf.dir/src/FileManager.cpp.obj
                0x00400f14                FileManager::DisplayFilesList()
 .text._ZN11FileManager17DisplayMacrosListEv
                0x00400f24       0x10 CMakeFiles/paneldue.elf.dir/src/FileManager.cpp.obj
                0x00400f24                FileManager::DisplayMacrosList()
 .text._ZN11FileManager7FileSet20StatusJobPageUpdatedEv
                0x00400f34       0xb4 CMakeFiles/paneldue.elf.dir/src/FileManager.cpp.obj
                0x00400f34                FileManager::FileSet::StatusJobPageUpdated()
 .text._ZN11FileManager7FileSet19ScrollStatusJobPageEi
                0x00400fe8       0x14 CMakeFiles/paneldue.elf.dir/src/FileManager.cpp.obj
                0x00400fe8                FileManager::FileSet::ScrollStatusJobPage(int)
 .text._ZN11FileManager15ScrollFilesPageEi
                0x00400ffc       0x10 CMakeFiles/paneldue.elf.dir/src/FileManager.cpp.obj
                0x00400ffc                FileManager::ScrollFilesPage(int)
 .text._ZN11FileManager7FileSet20DisplayStatusJobPageEv
                0x0040100c       0x1c CMakeFiles/paneldue.elf.dir/src/FileManager.cpp.obj
                0x0040100c                FileManager::FileSet::DisplayStatusJobPage()
 .text._ZN11FileManager16DisplayFilesPageEv
                0x00401028       0x10 CMakeFiles/paneldue.elf.dir/src/FileManager.cpp.obj
                0x00401028                FileManager::DisplayFilesPage()
 .text._ZN11FileManager7FileSet24ControlMacrosPageUpdatedEv
                0x00401038       0xb4 CMakeFiles/paneldue.elf.dir/src/FileManager.cpp.obj
                0x00401038                FileManager::FileSet::ControlMacrosPageUpdated()
 .text._ZN11FileManager7FileSet23ScrollControlMacrosPageEi
                0x004010ec       0x14 CMakeFiles/paneldue.elf.dir/src/FileManager.cpp.obj
                0x004010ec                FileManager::FileSet::ScrollControlMacrosPage(int)
 .text._ZN11FileManager23ScrollControlMacrosPageEi
                0x00401100       0x10 CMakeFiles/paneldue.elf.dir/src/FileManager.cpp.obj
                0x00401100                FileManager::ScrollControlMacrosPage(int)
 .text._ZN11FileManager7FileSet24DisplayControlMacrosPageEv
                0x00401110       0x1c CMakeFiles/paneldue.elf.dir/src/FileManager.cpp.obj
                0x00401110                FileManager::FileSet::DisplayControlMacrosPage()
 .text._ZN11FileManager24DisplayControlMacrosPageEv
                0x0040112c       0x10 CMakeFiles/paneldue.elf.dir/src/FileManager.cpp.obj
                0x0040112c                FileManager::DisplayControlMacrosPage()
 .text._ZN11FileManager7FileSet6ReloadERK6StringILj100EEi
                0x0040113c       0x5c CMakeFiles/paneldue.elf.dir/src/FileManager.cpp.obj
                0x0040113c                FileManager::FileSet::Reload(String<100u> const&, int)
 .text._ZN11FileManager7FileSet25RequestStatusJobParentDirEv
                0x00401198       0x70 CMakeFiles/paneldue.elf.dir/src/FileManager.cpp.obj
                0x00401198                FileManager::FileSet::RequestStatusJobParentDir()
 .text._ZN11FileManager25RequestFilesPageParentDirEv
                0x00401208       0x10 CMakeFiles/paneldue.elf.dir/src/FileManager.cpp.obj
                0x00401208                FileManager::RequestFilesPageParentDir()
 .text._ZN11FileManager7FileSet29RequestControlMacrosParentDirEv
                0x00401218       0x70 CMakeFiles/paneldue.elf.dir/src/FileManager.cpp.obj
                0x00401218                FileManager::FileSet::RequestControlMacrosParentDir()
 .text._ZN11FileManager29RequestControlMacrosParentDirEv
                0x00401288       0x10 CMakeFiles/paneldue.elf.dir/src/FileManager.cpp.obj
                0x00401288                FileManager::RequestControlMacrosParentDir()
 .text._ZN11FileManager7FileSet16RequestParentDirEv
                0x00401298       0x6c CMakeFiles/paneldue.elf.dir/src/FileManager.cpp.obj
                0x00401298                FileManager::FileSet::RequestParentDir()
 .text._ZN11FileManager21RequestFilesParentDirEv
                0x00401304       0x10 CMakeFiles/paneldue.elf.dir/src/FileManager.cpp.obj
                0x00401304                FileManager::RequestFilesParentDir()
 .text._ZN11FileManager22RequestMacrosParentDirEv
                0x00401314       0x10 CMakeFiles/paneldue.elf.dir/src/FileManager.cpp.obj
                0x00401314                FileManager::RequestMacrosParentDir()
 .text._ZN11FileManager7FileSet22RequestStatusJobSubdirEPKc
                0x00401324       0x70 CMakeFiles/paneldue.elf.dir/src/FileManager.cpp.obj
                0x00401324                FileManager::FileSet::RequestStatusJobSubdir(char const*)
 .text._ZN11FileManager22RequestFilesPageSubdirEPKc
                0x00401394       0x10 CMakeFiles/paneldue.elf.dir/src/FileManager.cpp.obj
                0x00401394                FileManager::RequestFilesPageSubdir(char const*)
 .text._ZN11FileManager7FileSet26RequestControlMacrosSubdirEPKc
                0x004013a4       0x70 CMakeFiles/paneldue.elf.dir/src/FileManager.cpp.obj
                0x004013a4                FileManager::FileSet::RequestControlMacrosSubdir(char const*)
 .text._ZN11FileManager26RequestControlMacrosSubdirEPKc
                0x00401414       0x10 CMakeFiles/paneldue.elf.dir/src/FileManager.cpp.obj
                0x00401414                FileManager::RequestControlMacrosSubdir(char const*)
 .text._ZN11FileManager7FileSet13RequestSubdirEPKc
                0x00401424       0x6c CMakeFiles/paneldue.elf.dir/src/FileManager.cpp.obj
                0x00401424                FileManager::FileSet::RequestSubdir(char const*)
 .text._ZN11FileManager18RequestFilesSubdirEPKc
                0x00401490       0x10 CMakeFiles/paneldue.elf.dir/src/FileManager.cpp.obj
                0x00401490                FileManager::RequestFilesSubdir(char const*)
 .text._ZN11FileManager19RequestMacrosSubdirEPKc
                0x004014a0       0x10 CMakeFiles/paneldue.elf.dir/src/FileManager.cpp.obj
                0x004014a0                FileManager::RequestMacrosSubdir(char const*)
 .text._ZN11FileManager18EndReceivedMessageEv
                0x004014b0      0x278 CMakeFiles/paneldue.elf.dir/src/FileManager.cpp.obj
                0x004014b0                FileManager::EndReceivedMessage()
 .text._ZN6StringILj100EE6printfEPKcz
                0x00401728       0x28 CMakeFiles/paneldue.elf.dir/src/FileManager.cpp.obj
                0x00401728                String<100u>::printf(char const*, ...)
 .text._ZN11FileManager7FileSet10SelectCardEj
                0x00401750       0x7c CMakeFiles/paneldue.elf.dir/src/FileManager.cpp.obj
                0x00401750                FileManager::FileSet::SelectCard(unsigned int)
 .text._ZN11FileManager7FileSet8NextCardEv
                0x004017cc       0x2c CMakeFiles/paneldue.elf.dir/src/FileManager.cpp.obj
                0x004017cc                FileManager::FileSet::NextCard()
 .text._ZN11FileManager8NextCardEv
                0x004017f8       0x10 CMakeFiles/paneldue.elf.dir/src/FileManager.cpp.obj
                0x004017f8                FileManager::NextCard()
 .text.startup._GLOBAL__sub_I__ZN11FileManager9filesRootE
                0x00401808       0x7c CMakeFiles/paneldue.elf.dir/src/FileManager.cpp.obj
 .text._ZNK9FlashData7IsValidEv
                0x00401884       0x4c CMakeFiles/paneldue.elf.dir/src/FlashData.cpp.obj
                0x00401884                FlashData::IsValid() const
 .text._ZN9FlashDataeqERKS_
                0x004018d0       0x62 CMakeFiles/paneldue.elf.dir/src/FlashData.cpp.obj
                0x004018d0                FlashData::operator==(FlashData const&)
 *fill*         0x00401932        0x2 
 .text._ZN9FlashData11SetDefaultsEv
                0x00401934       0x48 CMakeFiles/paneldue.elf.dir/src/FlashData.cpp.obj
                0x00401934                FlashData::SetDefaults()
 .text._ZN9FlashData4LoadEv
                0x0040197c       0x10 CMakeFiles/paneldue.elf.dir/src/FlashData.cpp.obj
                0x0040197c                FlashData::Load()
 .text._ZNK9FlashData4SaveEv
                0x0040198c       0x1c CMakeFiles/paneldue.elf.dir/src/FlashData.cpp.obj
                0x0040198c                FlashData::Save() const
 .text._ZN9FlashData12IsSaveNeededEv
                0x004019a8       0x20 CMakeFiles/paneldue.elf.dir/src/FlashData.cpp.obj
                0x004019a8                FlashData::IsSaveNeeded()
 .text._ZN9FlashData15SetColourSchemeEh
                0x004019c8       0x14 CMakeFiles/paneldue.elf.dir/src/FlashData.cpp.obj
                0x004019c8                FlashData::SetColourScheme(unsigned char)
 .text.startup._GLOBAL__sub_I_nvData
                0x004019dc       0x28 CMakeFiles/paneldue.elf.dir/src/FlashData.cpp.obj
 .text._ZN9BacklightC2EP13pwm_channel_tmmmmmm
                0x00401a04       0x6c CMakeFiles/paneldue.elf.dir/src/Hardware/Backlight.cpp.obj
                0x00401a04                Backlight::Backlight(pwm_channel_t*, unsigned long, unsigned long, unsigned long, unsigned long, unsigned long, unsigned long)
                0x00401a04                Backlight::Backlight(pwm_channel_t*, unsigned long, unsigned long, unsigned long, unsigned long, unsigned long, unsigned long)
 .text._ZN9Backlight16UpdateBrightnessEm
                0x00401a70       0x48 CMakeFiles/paneldue.elf.dir/src/Hardware/Backlight.cpp.obj
                0x00401a70                Backlight::UpdateBrightness(unsigned long)
 .text._ZN9Backlight8SetStateE14BacklightState
                0x00401ab8       0x28 CMakeFiles/paneldue.elf.dir/src/Hardware/Backlight.cpp.obj
                0x00401ab8                Backlight::SetState(BacklightState)
 .text._ZN6Buzzer4InitEv
                0x00401ae0       0x2c CMakeFiles/paneldue.elf.dir/src/Hardware/Buzzer.cpp.obj
                0x00401ae0                Buzzer::Init()
 .text._ZN6Buzzer4BeepEmmm
                0x00401b0c       0xc8 CMakeFiles/paneldue.elf.dir/src/Hardware/Buzzer.cpp.obj
                0x00401b0c                Buzzer::Beep(unsigned long, unsigned long, unsigned long)
 .text._ZN6Buzzer4TickEv
                0x00401bd4       0x4c CMakeFiles/paneldue.elf.dir/src/Hardware/Buzzer.cpp.obj
                0x00401bd4                Buzzer::Tick()
 .text._ZN6Buzzer5NoisyEv
                0x00401c20       0x10 CMakeFiles/paneldue.elf.dir/src/Hardware/Buzzer.cpp.obj
                0x00401c20                Buzzer::Noisy()
 .text._Z10InitMemoryv
                0x00401c30       0x34 CMakeFiles/paneldue.elf.dir/src/Hardware/Mem.cpp.obj
                0x00401c30                InitMemory()
 .text._Znwj    0x00401c64       0x24 CMakeFiles/paneldue.elf.dir/src/Hardware/Mem.cpp.obj
                0x00401c64                operator new(unsigned int)
 .text._Z13GetFreeMemoryv
                0x00401c88       0x10 CMakeFiles/paneldue.elf.dir/src/Hardware/Mem.cpp.obj
                0x00401c88                GetFreeMemory()
 .text._ZN10OneBitPortC2Ej
                0x00401c98       0x24 CMakeFiles/paneldue.elf.dir/src/Hardware/OneBitPort.cpp.obj
                0x00401c98                OneBitPort::OneBitPort(unsigned int)
                0x00401c98                OneBitPort::OneBitPort(unsigned int)
 .text._ZNK10OneBitPort7setModeENS_8PortModeE
                0x00401cbc       0x28 CMakeFiles/paneldue.elf.dir/src/Hardware/OneBitPort.cpp.obj
                0x00401cbc                OneBitPort::setMode(OneBitPort::PortMode) const
 .text._ZN10OneBitPort5delayEh
                0x00401ce4        0xc CMakeFiles/paneldue.elf.dir/src/Hardware/OneBitPort.cpp.obj
                0x00401ce4                OneBitPort::delay(unsigned char)
 .text.Reset    0x00401cf0       0x10 CMakeFiles/paneldue.elf.dir/src/Hardware/Reset.cpp.obj
                0x00401cf0                Reset
 .text.EraseAndReset
                0x00401d00       0x70 CMakeFiles/paneldue.elf.dir/src/Hardware/Reset.cpp.obj
                0x00401d00                EraseAndReset
 .text._ZN8SerialIoL11RawSendCharEc
                0x00401d70       0x1c CMakeFiles/paneldue.elf.dir/src/Hardware/SerialIo.cpp.obj
 .text._ZN21function_ref_noexceptIDoFbcEE11callback_fnIZN8SerialIo8SendCharEcEUlcE_EEbPvc
                0x00401d8c       0x14 CMakeFiles/paneldue.elf.dir/src/Hardware/SerialIo.cpp.obj
 .text._ZN8SerialIoL19SendCharAndChecksumEc
                0x00401da0       0x4c CMakeFiles/paneldue.elf.dir/src/Hardware/SerialIo.cpp.obj
 .text._ZN8SerialIoL12ProcessFieldEv
                0x00401dec       0x5c CMakeFiles/paneldue.elf.dir/src/Hardware/SerialIo.cpp.obj
 .text._ZN8SerialIoL15EndArrayElementEPKcj.constprop.0
                0x00401e48       0x1c CMakeFiles/paneldue.elf.dir/src/Hardware/SerialIo.cpp.obj
 .text._ZN8SerialIo4InitEmPNS_11SerialIoCbsE
                0x00401e64       0x84 CMakeFiles/paneldue.elf.dir/src/Hardware/SerialIo.cpp.obj
                0x00401e64                SerialIo::Init(unsigned long, SerialIo::SerialIoCbs*)
 .text._ZN8SerialIo11SetBaudRateEm
                0x00401ee8       0x10 CMakeFiles/paneldue.elf.dir/src/Hardware/SerialIo.cpp.obj
                0x00401ee8                SerialIo::SetBaudRate(unsigned long)
 .text._ZN8SerialIo5SendfEPKcz
                0x00401ef8       0x30 CMakeFiles/paneldue.elf.dir/src/Hardware/SerialIo.cpp.obj
                0x00401ef8                SerialIo::Sendf(char const*, ...)
 .text._ZN8SerialIo8SendCharEc
                0x00401f28       0xe0 CMakeFiles/paneldue.elf.dir/src/Hardware/SerialIo.cpp.obj
                0x00401f28                SerialIo::SendChar(char)
 .text._ZN21function_ref_noexceptIDoFbcEE11callback_fnIZN8SerialIo5SendfEPKczEUlcE_EEbPvc
                0x00402008       0x14 CMakeFiles/paneldue.elf.dir/src/Hardware/SerialIo.cpp.obj
 .text._ZN8SerialIo12SendFilenameEPKcS1_
                0x0040201c       0x58 CMakeFiles/paneldue.elf.dir/src/Hardware/SerialIo.cpp.obj
                0x0040201c                SerialIo::SendFilename(char const*, char const*)
 .text._ZN8SerialIo11receiveCharEc
                0x00402074       0x58 CMakeFiles/paneldue.elf.dir/src/Hardware/SerialIo.cpp.obj
                0x00402074                SerialIo::receiveChar(char)
 .text._ZN8SerialIo15SerialLineQuietEv
                0x004020cc       0x20 CMakeFiles/paneldue.elf.dir/src/Hardware/SerialIo.cpp.obj
                0x004020cc                SerialIo::SerialLineQuiet()
 .text.UART0_Handler
                0x004020ec       0x34 CMakeFiles/paneldue.elf.dir/src/Hardware/SerialIo.cpp.obj
                0x004020ec                UART0_Handler
 .text._ZNK6StringILj150EE6strlenEv
                0x00402120        0xc CMakeFiles/paneldue.elf.dir/src/Hardware/SerialIo.cpp.obj
                0x00402120                String<150u>::strlen() const
 .text._ZN8SerialIoL7InArrayEv
                0x0040212c       0x28 CMakeFiles/paneldue.elf.dir/src/Hardware/SerialIo.cpp.obj
 .text._ZN8SerialIoL12RemoveLastIdEv
                0x00402154       0x30 CMakeFiles/paneldue.elf.dir/src/Hardware/SerialIo.cpp.obj
 .text._ZN8SerialIoL16RemoveLastIdCharEv
                0x00402184       0x24 CMakeFiles/paneldue.elf.dir/src/Hardware/SerialIo.cpp.obj
 .text._ZN8SerialIoL8EndArrayEv
                0x004021a8       0x3c CMakeFiles/paneldue.elf.dir/src/Hardware/SerialIo.cpp.obj
 .text._ZN8SerialIoL19CheckValueCompletedEcb
                0x004021e4      0x110 CMakeFiles/paneldue.elf.dir/src/Hardware/SerialIo.cpp.obj
 .text._ZN6StringILj1028EE3catEc
                0x004022f4       0x1c CMakeFiles/paneldue.elf.dir/src/Hardware/SerialIo.cpp.obj
                0x004022f4                String<1028u>::cat(char)
 .text._ZN8SerialIo10CheckInputEv
                0x00402310      0x528 CMakeFiles/paneldue.elf.dir/src/Hardware/SerialIo.cpp.obj
                0x00402310                SerialIo::CheckInput()
 .text.startup._GLOBAL__sub_I__ZN8SerialIo8numCharsE
                0x00402838       0x24 CMakeFiles/paneldue.elf.dir/src/Hardware/SerialIo.cpp.obj
 .text._ZN10SystemTick12GetTickCountEv
                0x0040285c        0xc CMakeFiles/paneldue.elf.dir/src/Hardware/SysTick.cpp.obj
                0x0040285c                SystemTick::GetTickCount()
 .text.SysTick_Handler
                0x00402868       0x30 CMakeFiles/paneldue.elf.dir/src/Hardware/SysTick.cpp.obj
                0x00402868                SysTick_Handler
 .text._ZN4UTFT15LCD_Write_AgainEm
                0x00402898       0x24 CMakeFiles/paneldue.elf.dir/src/Hardware/UTFT.cpp.obj
                0x00402898                UTFT::LCD_Write_Again(unsigned long)
 .text._ZN4UTFTC2E11DisplayTypejjjjj
                0x004028bc       0xc8 CMakeFiles/paneldue.elf.dir/src/Hardware/UTFT.cpp.obj
                0x004028bc                UTFT::UTFT(DisplayType, unsigned int, unsigned int, unsigned int, unsigned int, unsigned int)
                0x004028bc                UTFT::UTFT(DisplayType, unsigned int, unsigned int, unsigned int, unsigned int, unsigned int)
 .text._ZN4UTFT13LCD_Write_BusEt
                0x00402984       0x28 CMakeFiles/paneldue.elf.dir/src/Hardware/UTFT.cpp.obj
                0x00402984                UTFT::LCD_Write_Bus(unsigned short)
 .text._ZN4UTFT13LCD_Write_COMEh
                0x004029ac       0x14 CMakeFiles/paneldue.elf.dir/src/Hardware/UTFT.cpp.obj
                0x004029ac                UTFT::LCD_Write_COM(unsigned char)
 .text._ZN4UTFT16LCD_Write_DATA16Et
                0x004029c0       0x14 CMakeFiles/paneldue.elf.dir/src/Hardware/UTFT.cpp.obj
                0x004029c0                UTFT::LCD_Write_DATA16(unsigned short)
 .text._ZN4UTFT25LCD_Write_Repeated_DATA16Etm
                0x004029d4       0x24 CMakeFiles/paneldue.elf.dir/src/Hardware/UTFT.cpp.obj
                0x004029d4                UTFT::LCD_Write_Repeated_DATA16(unsigned short, unsigned long)
 .text._ZN4UTFT15LCD_Write_DATA8Eh
                0x004029f8       0x14 CMakeFiles/paneldue.elf.dir/src/Hardware/UTFT.cpp.obj
                0x004029f8                UTFT::LCD_Write_DATA8(unsigned char)
 .text._ZN4UTFT20LCD_Write_COM_DATA16Eht
                0x00402a0c       0x1c CMakeFiles/paneldue.elf.dir/src/Hardware/UTFT.cpp.obj
                0x00402a0c                UTFT::LCD_Write_COM_DATA16(unsigned char, unsigned short)
 .text._ZN4UTFT14setOrientationE18DisplayOrientationbb
                0x00402a28       0xb0 CMakeFiles/paneldue.elf.dir/src/Hardware/UTFT.cpp.obj
                0x00402a28                UTFT::setOrientation(DisplayOrientation, bool, bool)
 .text._ZN4UTFT5setXYEtttt
                0x00402ad8       0xec CMakeFiles/paneldue.elf.dir/src/Hardware/UTFT.cpp.obj
                0x00402ad8                UTFT::setXY(unsigned short, unsigned short, unsigned short, unsigned short)
 .text._ZN4UTFT7InitLCDE18DisplayOrientationbb
                0x00402bc4      0x380 CMakeFiles/paneldue.elf.dir/src/Hardware/UTFT.cpp.obj
                0x00402bc4                UTFT::InitLCD(DisplayOrientation, bool, bool)
 .text._ZN4UTFT10drawCircleEiii
                0x00402f44      0x1bc CMakeFiles/paneldue.elf.dir/src/Hardware/UTFT.cpp.obj
                0x00402f44                UTFT::drawCircle(int, int, int)
 .text._ZN4UTFT10fillCircleEiii
                0x00403100      0x164 CMakeFiles/paneldue.elf.dir/src/Hardware/UTFT.cpp.obj
                0x00403100                UTFT::fillCircle(int, int, int)
 .text._ZN4UTFT9drawPixelEii
                0x00403264       0x30 CMakeFiles/paneldue.elf.dir/src/Hardware/UTFT.cpp.obj
                0x00403264                UTFT::drawPixel(int, int)
 .text._ZN4UTFT9drawHLineEiii
                0x00403294       0x3c CMakeFiles/paneldue.elf.dir/src/Hardware/UTFT.cpp.obj
                0x00403294                UTFT::drawHLine(int, int, int)
 .text._ZN4UTFT13fillRoundRectEiiiith
                0x004032d0      0x11c CMakeFiles/paneldue.elf.dir/src/Hardware/UTFT.cpp.obj
                0x004032d0                UTFT::fillRoundRect(int, int, int, int, unsigned short, unsigned char)
 .text._ZN4UTFT9drawVLineEiii
                0x004033ec       0x3c CMakeFiles/paneldue.elf.dir/src/Hardware/UTFT.cpp.obj
                0x004033ec                UTFT::drawVLine(int, int, int)
 .text._ZN4UTFT8drawRectEiiii
                0x00403428       0x6c CMakeFiles/paneldue.elf.dir/src/Hardware/UTFT.cpp.obj
                0x00403428                UTFT::drawRect(int, int, int, int)
 .text._ZN4UTFT13drawRoundRectEiiii
                0x00403494       0xc4 CMakeFiles/paneldue.elf.dir/src/Hardware/UTFT.cpp.obj
                0x00403494                UTFT::drawRoundRect(int, int, int, int)
 .text._ZN4UTFT8fillRectEiiiith
                0x00403558       0xb0 CMakeFiles/paneldue.elf.dir/src/Hardware/UTFT.cpp.obj
                0x00403558                UTFT::fillRect(int, int, int, int, unsigned short, unsigned char)
 .text._ZN4UTFT8drawLineEiiii
                0x00403608       0xf8 CMakeFiles/paneldue.elf.dir/src/Hardware/UTFT.cpp.obj
                0x00403608                UTFT::drawLine(int, int, int, int)
 .text._ZN4UTFT6printfEPKcz
                0x00403700       0x34 CMakeFiles/paneldue.elf.dir/src/Hardware/UTFT.cpp.obj
                0x00403700                UTFT::printf(char const*, ...)
 .text._ZN4UTFT7setFontEPKh
                0x00403734       0x24 CMakeFiles/paneldue.elf.dir/src/Hardware/UTFT.cpp.obj
                0x00403734                UTFT::setFont(unsigned char const*)
 .text._ZN4UTFT19drawBitmap565StreamEiiiiiPKtj
                0x00403758       0xac CMakeFiles/paneldue.elf.dir/src/Hardware/UTFT.cpp.obj
                0x00403758                UTFT::drawBitmap565Stream(int, int, int, int, int, unsigned short const*, unsigned int)
 .text._ZN4UTFT11drawBitmap4EiiiiPKhPKtib
                0x00403804      0x138 CMakeFiles/paneldue.elf.dir/src/Hardware/UTFT.cpp.obj
                0x00403804                UTFT::drawBitmap4(int, int, int, int, unsigned char const*, unsigned short const*, int, bool)
 .text._ZN4UTFT31drawCompressedBitmapBottomToTopEiiiiPKt
                0x0040393c       0xbc CMakeFiles/paneldue.elf.dir/src/Hardware/UTFT.cpp.obj
                0x0040393c                UTFT::drawCompressedBitmapBottomToTop(int, int, int, int, unsigned short const*)
 .text._ZNK4UTFT15getDisplayXSizeEv
                0x004039f8       0x10 CMakeFiles/paneldue.elf.dir/src/Hardware/UTFT.cpp.obj
                0x004039f8                UTFT::getDisplayXSize() const
 .text._ZN4UTFT10setTextPosEttt
                0x00403a08       0x28 CMakeFiles/paneldue.elf.dir/src/Hardware/UTFT.cpp.obj
                0x00403a08                UTFT::setTextPos(unsigned short, unsigned short, unsigned short)
 .text._ZNK4UTFT15getDisplayYSizeEv
                0x00403a30       0x10 CMakeFiles/paneldue.elf.dir/src/Hardware/UTFT.cpp.obj
                0x00403a30                UTFT::getDisplayYSize() const
 .text._ZN4UTFT7fillScrEtt
                0x00403a40       0x68 CMakeFiles/paneldue.elf.dir/src/Hardware/UTFT.cpp.obj
                0x00403a40                UTFT::fillScr(unsigned short, unsigned short)
 .text._ZN4UTFT13clearToMarginEv
                0x00403aa8       0x6c CMakeFiles/paneldue.elf.dir/src/Hardware/UTFT.cpp.obj
                0x00403aa8                UTFT::clearToMargin()
 .text._ZN4UTFT11writeNativeEt
                0x00403b14      0x250 CMakeFiles/paneldue.elf.dir/src/Hardware/UTFT.cpp.obj
                0x00403b14                UTFT::writeNative(unsigned short)
 .text._ZN4UTFT5writeEh
                0x00403d64       0xb0 CMakeFiles/paneldue.elf.dir/src/Hardware/UTFT.cpp.obj
                0x00403d64                UTFT::write(unsigned char)
 .text._ZN21function_ref_noexceptIDoFbcEE11callback_fnIZN4UTFT6printfEPKczEUlcE_EEbPvc
                0x00403e14       0x1c CMakeFiles/paneldue.elf.dir/src/Hardware/UTFT.cpp.obj
 .text._ZN6UTouchC2Ejjjjj
                0x00403e30       0x34 CMakeFiles/paneldue.elf.dir/src/Hardware/UTouch.cpp.obj
                0x00403e30                UTouch::UTouch(unsigned int, unsigned int, unsigned int, unsigned int, unsigned int)
                0x00403e30                UTouch::UTouch(unsigned int, unsigned int, unsigned int, unsigned int, unsigned int)
 .text._ZN6UTouch4initEtt18DisplayOrientation
                0x00403e64       0x6c CMakeFiles/paneldue.elf.dir/src/Hardware/UTouch.cpp.obj
                0x00403e64                UTouch::init(unsigned short, unsigned short, DisplayOrientation)
 .text._ZN6UTouch18touch_WriteCommandEh
                0x00403ed0       0x38 CMakeFiles/paneldue.elf.dir/src/Hardware/UTouch.cpp.obj
                0x00403ed0                UTouch::touch_WriteCommand(unsigned char)
 .text._ZN6UTouch14touch_ReadDataEh
                0x00403f08       0x64 CMakeFiles/paneldue.elf.dir/src/Hardware/UTouch.cpp.obj
                0x00403f08                UTouch::touch_ReadData(unsigned char)
 .text._ZN6UTouch12getTouchDataEbRt
                0x00403f6c       0xb4 CMakeFiles/paneldue.elf.dir/src/Hardware/UTouch.cpp.obj
                0x00403f6c                UTouch::getTouchData(bool, unsigned short&)
 .text._ZN6UTouch4readERtS0_RbPtS2_
                0x00404020      0x130 CMakeFiles/paneldue.elf.dir/src/Hardware/UTouch.cpp.obj
                0x00404020                UTouch::read(unsigned short&, unsigned short&, bool&, unsigned short*, unsigned short*)
 .text._ZN6UTouch9calibrateEttttt
                0x00404150       0x44 CMakeFiles/paneldue.elf.dir/src/Hardware/UTouch.cpp.obj
                0x00404150                UTouch::calibrate(unsigned short, unsigned short, unsigned short, unsigned short, unsigned short)
 .text._Z23SkipDigitsAndUnderscorePKc
                0x00404194       0x22 CMakeFiles/paneldue.elf.dir/src/Library/Misc.cpp.obj
                0x00404194                SkipDigitsAndUnderscore(char const*)
 .text._ZL11qoi_read_32PKhPi
                0x004041b6       0x2a CMakeFiles/paneldue.elf.dir/src/Library/Thumbnail.cpp.obj
 .text.qoi_decode_init
                0x004041e0       0x1c CMakeFiles/paneldue.elf.dir/src/Library/Thumbnail.cpp.obj
                0x004041e0                qoi_decode_init
 .text.qoi_decode_header
                0x004041fc       0xa0 CMakeFiles/paneldue.elf.dir/src/Library/Thumbnail.cpp.obj
                0x004041fc                qoi_decode_header
 .text.qoi_decode_body
                0x0040429c      0x238 CMakeFiles/paneldue.elf.dir/src/Library/Thumbnail.cpp.obj
                0x0040429c                qoi_decode_body
 .text.qoi_decode_body_last
                0x004044d4       0xa0 CMakeFiles/paneldue.elf.dir/src/Library/Thumbnail.cpp.obj
                0x004044d4                qoi_decode_body_last
 .text.qoi_decode_chunked
                0x00404574       0x64 CMakeFiles/paneldue.elf.dir/src/Library/Thumbnail.cpp.obj
                0x00404574                qoi_decode_chunked
 .text._Z16ThumbnailIsValidR9Thumbnail
                0x004045d8       0x18 CMakeFiles/paneldue.elf.dir/src/Library/Thumbnail.cpp.obj
                0x004045d8                ThumbnailIsValid(Thumbnail&)
 .text._Z20ThumbnailDataIsValidR13ThumbnailData
                0x004045f0        0xa CMakeFiles/paneldue.elf.dir/src/Library/Thumbnail.cpp.obj
                0x004045f0                ThumbnailDataIsValid(ThumbnailData&)
 *fill*         0x004045fa        0x2 
 .text._Z13ThumbnailInitR9Thumbnail
                0x004045fc       0x14 CMakeFiles/paneldue.elf.dir/src/Library/Thumbnail.cpp.obj
                0x004045fc                ThumbnailInit(Thumbnail&)
 .text._Z20ThumbnailDecodeChunkR9ThumbnailR13ThumbnailDataPFbRKS_mPK10qoi_rgba_tjE
                0x00404610       0xd4 CMakeFiles/paneldue.elf.dir/src/Library/Thumbnail.cpp.obj
                0x00404610                ThumbnailDecodeChunk(Thumbnail&, ThumbnailData&, bool (*)(Thumbnail const&, unsigned long, qoi_rgba_t const*, unsigned int))
 .text._ZN21function_ref_noexceptIDoFbPN2OM4AxisES2_EE11callback_fnIZ11GetOrCreateI6VectorIS2_Lj15EES1_EPT0_RT_jbEUlS2_S2_E_EEbPvS2_S2_
                0x004046e4        0xe CMakeFiles/paneldue.elf.dir/src/ObjectModel/Axis.cpp.obj
                0x004046e4                bool function_ref_noexcept<bool (OM::Axis*, OM::Axis*) noexcept>::callback_fn<GetOrCreate<Vector<OM::Axis*, 15u>, OM::Axis>(Vector<OM::Axis*, 15u>&, unsigned int, bool)::{lambda(OM::Axis*, OM::Axis*)#1}>(void*, OM::Axis*, OM::Axis*)
 .text._ZN21function_ref_noexceptIDoFbRPN2OM4AxisEjEE11callback_fnI12function_refIFbS3_jEEEEbPvS3_j
                0x004046f2        0x6 CMakeFiles/paneldue.elf.dir/src/ObjectModel/Axis.cpp.obj
                0x004046f2                bool function_ref_noexcept<bool (OM::Axis*&, unsigned int) noexcept>::callback_fn<function_ref<bool (OM::Axis*&, unsigned int)> >(void*, OM::Axis*&, unsigned int)
 .text._ZN2OM4Axis5ResetEv
                0x004046f8       0x24 CMakeFiles/paneldue.elf.dir/src/ObjectModel/Axis.cpp.obj
                0x004046f8                OM::Axis::Reset()
 .text._ZN2OM16IterateAxesWhileE12function_refIFbRPNS_4AxisEjEEj
                0x0040471c       0x48 CMakeFiles/paneldue.elf.dir/src/ObjectModel/Axis.cpp.obj
                0x0040471c                OM::IterateAxesWhile(function_ref<bool (OM::Axis*&, unsigned int)>, unsigned int)
 .text._ZN2OM10RemoveAxisEjb
                0x00404764       0x84 CMakeFiles/paneldue.elf.dir/src/ObjectModel/Axis.cpp.obj
                0x00404764                OM::RemoveAxis(unsigned int, bool)
 .text._Z11GetOrCreateI6VectorIPN2OM4AxisELj15EES2_EPT0_RT_jb
                0x004047e8       0xcc CMakeFiles/paneldue.elf.dir/src/ObjectModel/Axis.cpp.obj
                0x004047e8                OM::Axis* GetOrCreate<Vector<OM::Axis*, 15u>, OM::Axis>(Vector<OM::Axis*, 15u>&, unsigned int, bool)
 .text._ZN2OM7GetAxisEj
                0x004048b4       0x20 CMakeFiles/paneldue.elf.dir/src/ObjectModel/Axis.cpp.obj
                0x004048b4                OM::GetAxis(unsigned int)
 .text._ZN2OM15GetOrCreateAxisEj
                0x004048d4       0x20 CMakeFiles/paneldue.elf.dir/src/ObjectModel/Axis.cpp.obj
                0x004048d4                OM::GetOrCreateAxis(unsigned int)
 .text.startup._GLOBAL__sub_I__ZN2OM4Axis5ResetEv
                0x004048f4        0xc CMakeFiles/paneldue.elf.dir/src/ObjectModel/Axis.cpp.obj
 .text._ZN12function_refIFbPN2OM12BedOrChamberEEE11callback_fnIZNS0_11GetFirstBedEvEUlS2_E_EEbPvS2_
                0x00404900        0xa CMakeFiles/paneldue.elf.dir/src/ObjectModel/BedOrChamber.cpp.obj
 .text._ZN21function_ref_noexceptIDoFbPN2OM12BedOrChamberES2_EE11callback_fnIZ11GetOrCreateI6VectorIS2_Lj7EES1_EPT0_RT_jbEUlS2_S2_E_EEbPvS2_S2_
                0x0040490a        0xe CMakeFiles/paneldue.elf.dir/src/ObjectModel/BedOrChamber.cpp.obj
                0x0040490a                bool function_ref_noexcept<bool (OM::BedOrChamber*, OM::BedOrChamber*) noexcept>::callback_fn<GetOrCreate<Vector<OM::BedOrChamber*, 7u>, OM::BedOrChamber>(Vector<OM::BedOrChamber*, 7u>&, unsigned int, bool)::{lambda(OM::BedOrChamber*, OM::BedOrChamber*)#1}>(void*, OM::BedOrChamber*, OM::BedOrChamber*)
 .text._ZN21function_ref_noexceptIDoFbRPN2OM12BedOrChamberEjEE11callback_fnI12function_refIFbS3_jEEEEbPvS3_j
                0x00404918        0x6 CMakeFiles/paneldue.elf.dir/src/ObjectModel/BedOrChamber.cpp.obj
                0x00404918                bool function_ref_noexcept<bool (OM::BedOrChamber*&, unsigned int) noexcept>::callback_fn<function_ref<bool (OM::BedOrChamber*&, unsigned int)> >(void*, OM::BedOrChamber*&, unsigned int)
 .text._ZN12function_refIFbPN2OM12BedOrChamberEEE11callback_fnIZNS0_15GetFirstChamberEvEUlS2_E_EEbPvS2_
                0x0040491e        0xa CMakeFiles/paneldue.elf.dir/src/ObjectModel/BedOrChamber.cpp.obj
 .text._ZN2OM11GetBedCountEv
                0x00404928        0xc CMakeFiles/paneldue.elf.dir/src/ObjectModel/BedOrChamber.cpp.obj
                0x00404928                OM::GetBedCount()
 .text._ZN2OM15GetChamberCountEv
                0x00404934        0xc CMakeFiles/paneldue.elf.dir/src/ObjectModel/BedOrChamber.cpp.obj
                0x00404934                OM::GetChamberCount()
 .text._Z11GetOrCreateI6VectorIPN2OM12BedOrChamberELj7EES2_EPT0_RT_jb
                0x00404940       0xd0 CMakeFiles/paneldue.elf.dir/src/ObjectModel/BedOrChamber.cpp.obj
                0x00404940                OM::BedOrChamber* GetOrCreate<Vector<OM::BedOrChamber*, 7u>, OM::BedOrChamber>(Vector<OM::BedOrChamber*, 7u>&, unsigned int, bool)
 .text._ZN2OM6GetBedEj
                0x00404a10       0x18 CMakeFiles/paneldue.elf.dir/src/ObjectModel/BedOrChamber.cpp.obj
                0x00404a10                OM::GetBed(unsigned int)
 .text._ZN2OM14GetOrCreateBedEj
                0x00404a28       0x18 CMakeFiles/paneldue.elf.dir/src/ObjectModel/BedOrChamber.cpp.obj
                0x00404a28                OM::GetOrCreateBed(unsigned int)
 .text._ZN2OM10GetChamberEj
                0x00404a40       0x18 CMakeFiles/paneldue.elf.dir/src/ObjectModel/BedOrChamber.cpp.obj
                0x00404a40                OM::GetChamber(unsigned int)
 .text._ZN2OM18GetOrCreateChamberEj
                0x00404a58       0x18 CMakeFiles/paneldue.elf.dir/src/ObjectModel/BedOrChamber.cpp.obj
                0x00404a58                OM::GetOrCreateChamber(unsigned int)
 .text._Z4FindI6VectorIPN2OM12BedOrChamberELj7EES2_EPT0_RT_12function_refIFbS6_EE
                0x00404a70       0x2e CMakeFiles/paneldue.elf.dir/src/ObjectModel/BedOrChamber.cpp.obj
                0x00404a70                OM::BedOrChamber* Find<Vector<OM::BedOrChamber*, 7u>, OM::BedOrChamber>(Vector<OM::BedOrChamber*, 7u>&, function_ref<bool (OM::BedOrChamber*)>)
 *fill*         0x00404a9e        0x2 
 .text._ZN2OM11GetFirstBedEv
                0x00404aa0       0x28 CMakeFiles/paneldue.elf.dir/src/ObjectModel/BedOrChamber.cpp.obj
                0x00404aa0                OM::GetFirstBed()
 .text._ZN2OM15GetFirstChamberEv
                0x00404ac8       0x28 CMakeFiles/paneldue.elf.dir/src/ObjectModel/BedOrChamber.cpp.obj
                0x00404ac8                OM::GetFirstChamber()
 .text._ZN6VectorIPN2OM12BedOrChamberELj7EE12IterateWhileE21function_ref_noexceptIDoFbRS2_jEEj
                0x00404af0       0x32 CMakeFiles/paneldue.elf.dir/src/ObjectModel/BedOrChamber.cpp.obj
                0x00404af0                Vector<OM::BedOrChamber*, 7u>::IterateWhile(function_ref_noexcept<bool (OM::BedOrChamber*&, unsigned int) noexcept>, unsigned int)
 *fill*         0x00404b22        0x2 
 .text._ZN2OM16IterateBedsWhileE12function_refIFbRPNS_12BedOrChamberEjEEj
                0x00404b24       0x2c CMakeFiles/paneldue.elf.dir/src/ObjectModel/BedOrChamber.cpp.obj
                0x00404b24                OM::IterateBedsWhile(function_ref<bool (OM::BedOrChamber*&, unsigned int)>, unsigned int)
 .text._ZN2OM20IterateChambersWhileE12function_refIFbRPNS_12BedOrChamberEjEEj
                0x00404b50       0x2c CMakeFiles/paneldue.elf.dir/src/ObjectModel/BedOrChamber.cpp.obj
                0x00404b50                OM::IterateChambersWhile(function_ref<bool (OM::BedOrChamber*&, unsigned int)>, unsigned int)
 .text._Z6RemoveI6VectorIPN2OM12BedOrChamberELj7EES2_EjRT_jb
                0x00404b7c       0x7c CMakeFiles/paneldue.elf.dir/src/ObjectModel/BedOrChamber.cpp.obj
                0x00404b7c                unsigned int Remove<Vector<OM::BedOrChamber*, 7u>, OM::BedOrChamber>(Vector<OM::BedOrChamber*, 7u>&, unsigned int, bool)
 .text._ZN2OM9RemoveBedEjb
                0x00404bf8       0x18 CMakeFiles/paneldue.elf.dir/src/ObjectModel/BedOrChamber.cpp.obj
                0x00404bf8                OM::RemoveBed(unsigned int, bool)
 .text._ZN2OM13RemoveChamberEjb
                0x00404c10       0x18 CMakeFiles/paneldue.elf.dir/src/ObjectModel/BedOrChamber.cpp.obj
                0x00404c10                OM::RemoveChamber(unsigned int, bool)
 .text.startup._GLOBAL__sub_I__ZN2OM12BedOrChamber5ResetEv
                0x00404c28       0x14 CMakeFiles/paneldue.elf.dir/src/ObjectModel/BedOrChamber.cpp.obj
 .text._ZN21function_ref_noexceptIDoFbPN2OM7SpindleES2_EE11callback_fnIZ11GetOrCreateI6VectorIS2_Lj7EES1_EPT0_RT_jbEUlS2_S2_E_EEbPvS2_S2_
                0x00404c3c        0xe CMakeFiles/paneldue.elf.dir/src/ObjectModel/Spindle.cpp.obj
                0x00404c3c                bool function_ref_noexcept<bool (OM::Spindle*, OM::Spindle*) noexcept>::callback_fn<GetOrCreate<Vector<OM::Spindle*, 7u>, OM::Spindle>(Vector<OM::Spindle*, 7u>&, unsigned int, bool)::{lambda(OM::Spindle*, OM::Spindle*)#1}>(void*, OM::Spindle*, OM::Spindle*)
 .text._ZN2OM7Spindle5ResetEv
                0x00404c4a       0x14 CMakeFiles/paneldue.elf.dir/src/ObjectModel/Spindle.cpp.obj
                0x00404c4a                OM::Spindle::Reset()
 *fill*         0x00404c5e        0x2 
 .text._ZN2OM13RemoveSpindleEjb
                0x00404c60       0x84 CMakeFiles/paneldue.elf.dir/src/ObjectModel/Spindle.cpp.obj
                0x00404c60                OM::RemoveSpindle(unsigned int, bool)
 .text._Z11GetOrCreateI6VectorIPN2OM7SpindleELj7EES2_EPT0_RT_jb
                0x00404ce4       0xcc CMakeFiles/paneldue.elf.dir/src/ObjectModel/Spindle.cpp.obj
                0x00404ce4                OM::Spindle* GetOrCreate<Vector<OM::Spindle*, 7u>, OM::Spindle>(Vector<OM::Spindle*, 7u>&, unsigned int, bool)
 .text._ZN2OM10GetSpindleEj
                0x00404db0       0x18 CMakeFiles/paneldue.elf.dir/src/ObjectModel/Spindle.cpp.obj
                0x00404db0                OM::GetSpindle(unsigned int)
 .text._ZN2OM18GetOrCreateSpindleEj
                0x00404dc8       0x18 CMakeFiles/paneldue.elf.dir/src/ObjectModel/Spindle.cpp.obj
                0x00404dc8                OM::GetOrCreateSpindle(unsigned int)
 .text.startup._GLOBAL__sub_I__ZN2OM7Spindle5ResetEv
                0x00404de0        0xc CMakeFiles/paneldue.elf.dir/src/ObjectModel/Spindle.cpp.obj
 .text._ZN21function_ref_noexceptIDoFbPN2OM4ToolES2_EE11callback_fnIZ11GetOrCreateI6VectorIS2_Lj7EES1_EPT0_RT_jbEUlS2_S2_E_EEbPvS2_S2_
                0x00404dec        0xe CMakeFiles/paneldue.elf.dir/src/ObjectModel/Tool.cpp.obj
                0x00404dec                bool function_ref_noexcept<bool (OM::Tool*, OM::Tool*) noexcept>::callback_fn<GetOrCreate<Vector<OM::Tool*, 7u>, OM::Tool>(Vector<OM::Tool*, 7u>&, unsigned int, bool)::{lambda(OM::Tool*, OM::Tool*)#1}>(void*, OM::Tool*, OM::Tool*)
 .text._ZN21function_ref_noexceptIDoFbRPN2OM4ToolEjEE11callback_fnI12function_refIFbS3_jEEEEbPvS3_j
                0x00404dfa        0x6 CMakeFiles/paneldue.elf.dir/src/ObjectModel/Tool.cpp.obj
                0x00404dfa                bool function_ref_noexcept<bool (OM::Tool*&, unsigned int) noexcept>::callback_fn<function_ref<bool (OM::Tool*&, unsigned int)> >(void*, OM::Tool*&, unsigned int)
 .text._ZN2OM4TooldlEPv
                0x00404e00       0x2c CMakeFiles/paneldue.elf.dir/src/ObjectModel/Tool.cpp.obj
                0x00404e00                OM::Tool::operator delete(void*)
 .text._ZN2OM4Tool17GetOrCreateHeaterEh
                0x00404e2c       0x38 CMakeFiles/paneldue.elf.dir/src/ObjectModel/Tool.cpp.obj
                0x00404e2c                OM::Tool::GetOrCreateHeater(unsigned char)
 .text._ZN2OM4Tool14GetHeaterTempsERK9StringRefb
                0x00404e64       0x5c CMakeFiles/paneldue.elf.dir/src/ObjectModel/Tool.cpp.obj
                0x00404e64                OM::Tool::GetHeaterTemps(StringRef const&, bool)
 .text._ZN2OM4Tool14IterateHeatersE12function_refIFvPNS_10ToolHeaterEjEEj
                0x00404ec0       0x26 CMakeFiles/paneldue.elf.dir/src/ObjectModel/Tool.cpp.obj
                0x00404ec0                OM::Tool::IterateHeaters(function_ref<void (OM::ToolHeater*, unsigned int)>, unsigned int)
 *fill*         0x00404ee6        0x2 
 .text._ZN2OM4Tool17RemoveHeatersFromEh
                0x00404ee8       0x30 CMakeFiles/paneldue.elf.dir/src/ObjectModel/Tool.cpp.obj
                0x00404ee8                OM::Tool::RemoveHeatersFrom(unsigned char)
 .text._ZN2OM4Tool10UpdateTempEhlb
                0x00404f18       0x1c CMakeFiles/paneldue.elf.dir/src/ObjectModel/Tool.cpp.obj
                0x00404f18                OM::Tool::UpdateTemp(unsigned char, long, bool)
 .text._ZN2OM4Tool5ResetEv
                0x00404f34       0x34 CMakeFiles/paneldue.elf.dir/src/ObjectModel/Tool.cpp.obj
                0x00404f34                OM::Tool::Reset()
 .text._ZN2OM17IterateToolsWhileE12function_refIFbRPNS_4ToolEjEEj
                0x00404f68       0x48 CMakeFiles/paneldue.elf.dir/src/ObjectModel/Tool.cpp.obj
                0x00404f68                OM::IterateToolsWhile(function_ref<bool (OM::Tool*&, unsigned int)>, unsigned int)
 .text._ZN2OM10RemoveToolEjb
                0x00404fb0       0x80 CMakeFiles/paneldue.elf.dir/src/ObjectModel/Tool.cpp.obj
                0x00404fb0                OM::RemoveTool(unsigned int, bool)
 .text._Z11GetOrCreateI6VectorIPN2OM4ToolELj7EES2_EPT0_RT_jb
                0x00405030       0xd4 CMakeFiles/paneldue.elf.dir/src/ObjectModel/Tool.cpp.obj
                0x00405030                OM::Tool* GetOrCreate<Vector<OM::Tool*, 7u>, OM::Tool>(Vector<OM::Tool*, 7u>&, unsigned int, bool)
 .text._ZN2OM7GetToolEj
                0x00405104       0x18 CMakeFiles/paneldue.elf.dir/src/ObjectModel/Tool.cpp.obj
                0x00405104                OM::GetTool(unsigned int)
 .text._ZN2OM15GetOrCreateToolEj
                0x0040511c       0x18 CMakeFiles/paneldue.elf.dir/src/ObjectModel/Tool.cpp.obj
                0x0040511c                OM::GetOrCreateTool(unsigned int)
 .text.startup._GLOBAL__sub_I__ZN2OM10ToolHeater5ResetEv
                0x00405134        0xc CMakeFiles/paneldue.elf.dir/src/ObjectModel/Tool.cpp.obj
 .text._ZN6VectorIhLj7EE3AddERKh.isra.0
                0x00405140       0x10 CMakeFiles/paneldue.elf.dir/src/ObjectModel/Utils.cpp.obj
 .text._ZN12function_refIFbRPN2OM12BedOrChamberEjEE11callback_fnIZNS0_14GetHeaterSlotsEjR6VectorIhLj7EEbbbEUlS3_jE_EEbPvS3_j
                0x00405150       0x30 CMakeFiles/paneldue.elf.dir/src/ObjectModel/Utils.cpp.obj
 .text._ZN12function_refIFbRPN2OM12BedOrChamberEjEE11callback_fnIZNS0_14GetHeaterSlotsEjR6VectorIhLj7EEbbbEUlS3_jE0_EEbPvS3_j
                0x00405180       0x30 CMakeFiles/paneldue.elf.dir/src/ObjectModel/Utils.cpp.obj
 .text._ZN12function_refIFbRPN2OM4ToolEjEE11callback_fnIZNS0_14GetHeaterSlotsEjR6VectorIhLj7EEbbbEUlS3_jE1_EEbPvS3_j
                0x004051b0       0x70 CMakeFiles/paneldue.elf.dir/src/ObjectModel/Utils.cpp.obj
 .text._ZN12function_refIFvPN2OM10ToolHeaterEjEE11callback_fnIZZNS0_14GetHeaterSlotsEjR6VectorIhLj7EEbbbENKUlRPNS0_4ToolEjE1_clESB_jEUlS2_jE_EEvPvS2_j
                0x00405220       0x30 CMakeFiles/paneldue.elf.dir/src/ObjectModel/Utils.cpp.obj
 .text._ZN2OM14GetHeaterSlotsEjR6VectorIhLj7EEbbb
                0x00405250       0x78 CMakeFiles/paneldue.elf.dir/src/ObjectModel/Utils.cpp.obj
                0x00405250                OM::GetHeaterSlots(unsigned int, Vector<unsigned char, 7u>&, bool, bool, bool)
 .text._Z7compareI15FieldTableEntryEiPKvS2_
                0x004052c8        0xc CMakeFiles/paneldue.elf.dir/src/PanelDue.cpp.obj
                0x004052c8                int compare<FieldTableEntry>(void const*, void const*)
 .text._Z7compareI22ControlCommandMapEntryEiPKvS2_
                0x004052d4        0xc CMakeFiles/paneldue.elf.dir/src/PanelDue.cpp.obj
                0x004052d4                int compare<ControlCommandMapEntry>(void const*, void const*)
 .text._Z7compareIN2OM18ToolStatusMapEntryEEiPKvS3_
                0x004052e0        0xc CMakeFiles/paneldue.elf.dir/src/PanelDue.cpp.obj
                0x004052e0                int compare<OM::ToolStatusMapEntry>(void const*, void const*)
 .text._Z7compareIN2OM21PrinterStatusMapEntryEEiPKvS3_
                0x004052ec        0xc CMakeFiles/paneldue.elf.dir/src/PanelDue.cpp.obj
                0x004052ec                int compare<OM::PrinterStatusMapEntry>(void const*, void const*)
 .text._Z7compareIN2OM20SpindleStateMapEntryEEiPKvS3_
                0x004052f8        0xc CMakeFiles/paneldue.elf.dir/src/PanelDue.cpp.obj
                0x004052f8                int compare<OM::SpindleStateMapEntry>(void const*, void const*)
 .text._Z7compareIN2OM20HeaterStatusMapEntryEEiPKvS3_
                0x00405304        0xc CMakeFiles/paneldue.elf.dir/src/PanelDue.cpp.obj
                0x00405304                int compare<OM::HeaterStatusMapEntry>(void const*, void const*)
 .text._ZL22ParserErrorEncounterediPKci
                0x00405310       0x28 CMakeFiles/paneldue.elf.dir/src/PanelDue.cpp.obj
 .text._ZL15ProcessArrayEndPKcPKj
                0x00405338      0x27c CMakeFiles/paneldue.elf.dir/src/PanelDue.cpp.obj
 .text._ZL9SetStatusN2OM13PrinterStatusE
                0x004055b4       0x38 CMakeFiles/paneldue.elf.dir/src/PanelDue.cpp.obj
 .text._ZL9Reconnectv
                0x004055ec       0x78 CMakeFiles/paneldue.elf.dir/src/PanelDue.cpp.obj
 .text._ZL18EndReceivedMessagev
                0x00405664      0x104 CMakeFiles/paneldue.elf.dir/src/PanelDue.cpp.obj
 .text._ZL14UpdatePollRateb.part.0
                0x00405768       0x2c CMakeFiles/paneldue.elf.dir/src/PanelDue.cpp.obj
 .text._ZL7GetBoolPKcRb
                0x00405794       0x28 CMakeFiles/paneldue.elf.dir/src/PanelDue.cpp.obj
 .text._ZL8GetFloatPKcRf
                0x004057bc       0x28 CMakeFiles/paneldue.elf.dir/src/PanelDue.cpp.obj
 .text._ZL10GetIntegerPKcRl
                0x004057e4       0x6c CMakeFiles/paneldue.elf.dir/src/PanelDue.cpp.obj
 .text._ZL18GetUnsignedIntegerPKcRm
                0x00405850       0x28 CMakeFiles/paneldue.elf.dir/src/PanelDue.cpp.obj
 .text._ZL22ProcessArrayElementEndPKcj
                0x00405878       0x88 CMakeFiles/paneldue.elf.dir/src/PanelDue.cpp.obj
 .text._ZN5Alert5ResetEv
                0x00405900       0x40 CMakeFiles/paneldue.elf.dir/src/PanelDue.cpp.obj
                0x00405900                Alert::Reset()
 .text._ZL20StartReceivedMessagev
                0x00405940       0x94 CMakeFiles/paneldue.elf.dir/src/PanelDue.cpp.obj
 .text._Z19GetFirmwareFeaturesv
                0x004059d4        0xc CMakeFiles/paneldue.elf.dir/src/PanelDue.cpp.obj
                0x004059d4                GetFirmwareFeatures()
 .text._Z14CondStripDrivePKc
                0x004059e0       0x20 CMakeFiles/paneldue.elf.dir/src/PanelDue.cpp.obj
                0x004059e0                CondStripDrive(char const*)
 .text._Z5Delaym
                0x00405a00       0x18 CMakeFiles/paneldue.elf.dir/src/PanelDue.cpp.obj
                0x00405a00                Delay(unsigned long)
 .text._Z16IsPrintingStatusN2OM13PrinterStatusE
                0x00405a18       0x1c CMakeFiles/paneldue.elf.dir/src/PanelDue.cpp.obj
                0x00405a18                IsPrintingStatus(OM::PrinterStatus)
 .text._Z15PrintInProgressv
                0x00405a34       0x10 CMakeFiles/paneldue.elf.dir/src/PanelDue.cpp.obj
                0x00405a34                PrintInProgress()
 .text._Z9GetStatusv
                0x00405a44        0xc CMakeFiles/paneldue.elf.dir/src/PanelDue.cpp.obj
                0x00405a44                GetStatus()
 .text._Z9TouchBeepv
                0x00405a50       0x18 CMakeFiles/paneldue.elf.dir/src/PanelDue.cpp.obj
                0x00405a50                TouchBeep()
 .text._Z9ErrorBeepv
                0x00405a68       0x28 CMakeFiles/paneldue.elf.dir/src/PanelDue.cpp.obj
                0x00405a68                ErrorBeep()
 .text._Z12DoTouchCalibttttbRt
                0x00405a90       0xcc CMakeFiles/paneldue.elf.dir/src/PanelDue.cpp.obj
                0x00405a90                DoTouchCalib(unsigned short, unsigned short, unsigned short, unsigned short, bool, unsigned short&)
 .text._Z13MirrorDisplayv
                0x00405b5c       0x28 CMakeFiles/paneldue.elf.dir/src/PanelDue.cpp.obj
                0x00405b5c                MirrorDisplay()
 .text._Z13InvertDisplayv
                0x00405b84       0x28 CMakeFiles/paneldue.elf.dir/src/PanelDue.cpp.obj
                0x00405b84                InvertDisplay()
 .text._Z11SetBaudRatem
                0x00405bac       0x10 CMakeFiles/paneldue.elf.dir/src/PanelDue.cpp.obj
                0x00405bac                SetBaudRate(unsigned long)
 .text._Z13DimDisplayNowv
                0x00405bbc       0x1c CMakeFiles/paneldue.elf.dir/src/PanelDue.cpp.obj
                0x00405bbc                DimDisplayNow()
 .text._Z13SetBrightnessi
                0x00405bd8       0x40 CMakeFiles/paneldue.elf.dir/src/PanelDue.cpp.obj
                0x00405bd8                SetBrightness(int)
 .text._Z21CurrentAlertModeClearv
                0x00405c18       0x14 CMakeFiles/paneldue.elf.dir/src/PanelDue.cpp.obj
                0x00405c18                CurrentAlertModeClear()
 .text._Z12FactoryResetv
                0x00405c2c       0x60 CMakeFiles/paneldue.elf.dir/src/PanelDue.cpp.obj
                0x00405c2c                FactoryReset()
 .text._Z12SaveSettingsv
                0x00405c8c       0x30 CMakeFiles/paneldue.elf.dir/src/PanelDue.cpp.obj
                0x00405c8c                SaveSettings()
 .text._Z25HandleOutOfBufferResponsev
                0x00405cbc       0x78 CMakeFiles/paneldue.elf.dir/src/PanelDue.cpp.obj
                0x00405cbc                HandleOutOfBufferResponse()
 .text._ZL20ProcessReceivedValue9StringRefPKcPKj
                0x00405d34     0x11cc CMakeFiles/paneldue.elf.dir/src/PanelDue.cpp.obj
 .text._Z15UpdateDebugInfov
                0x00406f00       0x24 CMakeFiles/paneldue.elf.dir/src/PanelDue.cpp.obj
                0x00406f00                UpdateDebugInfo()
 .text.__cxa_pure_virtual
                0x00406f24        0x2 CMakeFiles/paneldue.elf.dir/src/PanelDue.cpp.obj
                0x00406f24                __cxa_pure_virtual
 *fill*         0x00406f26        0x2 
 .text.startup._GLOBAL__sub_I_lcd
                0x00406f28       0x7c CMakeFiles/paneldue.elf.dir/src/PanelDue.cpp.obj
 .text._Z14CalibrateTouchv
                0x00406fa4      0x11c CMakeFiles/paneldue.elf.dir/src/PanelDue.cpp.obj
                0x00406fa4                CalibrateTouch()
 .text.startup.main
                0x004070c0      0x7d8 CMakeFiles/paneldue.elf.dir/src/PanelDue.cpp.obj
                0x004070c0                main
 .text._ZN12RequestTimerC2EmPKcS1_
                0x00407898       0x24 CMakeFiles/paneldue.elf.dir/src/RequestTimer.cpp.obj
                0x00407898                RequestTimer::RequestTimer(unsigned long, char const*, char const*)
                0x00407898                RequestTimer::RequestTimer(unsigned long, char const*, char const*)
 .text._ZN12RequestTimer7ProcessEv
                0x004078bc       0x70 CMakeFiles/paneldue.elf.dir/src/RequestTimer.cpp.obj
                0x004078bc                RequestTimer::Process()
 .text._ZN12DisplayField10CheckEventEttRiR11ButtonPress
                0x0040792c        0x2 CMakeFiles/paneldue.elf.dir/src/UI/Display.cpp.obj
                0x0040792c                DisplayField::CheckEvent(unsigned short, unsigned short, int&, ButtonPress&)
 .text._ZNK12DisplayField8IsButtonEv
                0x0040792e        0x4 CMakeFiles/paneldue.elf.dir/src/UI/Display.cpp.obj
                0x0040792e                DisplayField::IsButton() const
 .text._ZNK12DisplayField9IsVisibleEv
                0x00407932        0x8 CMakeFiles/paneldue.elf.dir/src/UI/Display.cpp.obj
                0x00407932                DisplayField::IsVisible() const
 .text._ZNK12DisplayField8GetEventEv
                0x0040793a        0x4 CMakeFiles/paneldue.elf.dir/src/UI/Display.cpp.obj
                0x0040793a                DisplayField::GetEvent() const
 .text._ZNK6Window4XposEv
                0x0040793e        0x4 CMakeFiles/paneldue.elf.dir/src/UI/Display.cpp.obj
                0x0040793e                Window::Xpos() const
 .text._ZNK6Window4YposEv
                0x00407942        0x4 CMakeFiles/paneldue.elf.dir/src/UI/Display.cpp.obj
                0x00407942                Window::Ypos() const
 .text._ZNK11PopupWindow4XposEv
                0x00407946        0x4 CMakeFiles/paneldue.elf.dir/src/UI/Display.cpp.obj
                0x00407946                PopupWindow::Xpos() const
 .text._ZNK11PopupWindow4YposEv
                0x0040794a        0x4 CMakeFiles/paneldue.elf.dir/src/UI/Display.cpp.obj
                0x0040794a                PopupWindow::Ypos() const
 .text._ZNK10ModernCard9GetHeightEv
                0x0040794e        0x4 CMakeFiles/paneldue.elf.dir/src/UI/Display.cpp.obj
                0x0040794e                ModernCard::GetHeight() const
 .text._ZNK10ButtonBase8GetEventEv
                0x00407952        0x6 CMakeFiles/paneldue.elf.dir/src/UI/Display.cpp.obj
                0x00407952                ButtonBase::GetEvent() const
 .text._ZNK10ButtonBase9GetSParamEj
                0x00407958        0x4 CMakeFiles/paneldue.elf.dir/src/UI/Display.cpp.obj
                0x00407958                ButtonBase::GetSParam(unsigned int) const
 .text._ZNK10ButtonBase9GetIParamEj
                0x0040795c        0x4 CMakeFiles/paneldue.elf.dir/src/UI/Display.cpp.obj
                0x0040795c                ButtonBase::GetIParam(unsigned int) const
 .text._ZN10ButtonBase5PressEbi
                0x00407960        0x2 CMakeFiles/paneldue.elf.dir/src/UI/Display.cpp.obj
                0x00407960                ButtonBase::Press(bool, int)
 .text._ZNK12SingleButton8IsButtonEv
                0x00407962        0x4 CMakeFiles/paneldue.elf.dir/src/UI/Display.cpp.obj
                0x00407962                SingleButton::IsButton() const
 .text._ZNK12SingleButton9GetSParamEj
                0x00407966        0x4 CMakeFiles/paneldue.elf.dir/src/UI/Display.cpp.obj
                0x00407966                SingleButton::GetSParam(unsigned int) const
 .text._ZNK12SingleButton9GetIParamEj
                0x0040796a        0x4 CMakeFiles/paneldue.elf.dir/src/UI/Display.cpp.obj
                0x0040796a                SingleButton::GetIParam(unsigned int) const
 .text._ZNK16ModernTextButton9GetHeightEv
                0x0040796e        0x4 CMakeFiles/paneldue.elf.dir/src/UI/Display.cpp.obj
                0x0040796e                ModernTextButton::GetHeight() const
 .text._ZNK19ModernResourceLabel9GetHeightEv
                0x00407972        0x4 CMakeFiles/paneldue.elf.dir/src/UI/Display.cpp.obj
                0x00407972                ModernResourceLabel::GetHeight() const
 .text._ZNK23ModernTemperatureButton9GetHeightEv
                0x00407976        0x4 CMakeFiles/paneldue.elf.dir/src/UI/Display.cpp.obj
                0x00407976                ModernTemperatureButton::GetHeight() const
 .text._ZNK17ModernPowerButton9GetHeightEv
                0x0040797a        0x4 CMakeFiles/paneldue.elf.dir/src/UI/Display.cpp.obj
                0x0040797a                ModernPowerButton::GetHeight() const
 .text._ZNK16ModernIconButton9GetHeightEv
                0x0040797e        0x4 CMakeFiles/paneldue.elf.dir/src/UI/Display.cpp.obj
                0x0040797e                ModernIconButton::GetHeight() const
 .text._ZNK16ModernHomeButton9GetHeightEv
                0x00407982        0x4 CMakeFiles/paneldue.elf.dir/src/UI/Display.cpp.obj
                0x00407982                ModernHomeButton::GetHeight() const
 .text._ZNK19ModernBedCompButton9GetHeightEv
                0x00407986        0x4 CMakeFiles/paneldue.elf.dir/src/UI/Display.cpp.obj
                0x00407986                ModernBedCompButton::GetHeight() const
 .text._ZNK16ModernStopButton9GetHeightEv
                0x0040798a        0x4 CMakeFiles/paneldue.elf.dir/src/UI/Display.cpp.obj
                0x0040798a                ModernStopButton::GetHeight() const
 .text._ZNK20ModernAlertNavButton9GetHeightEv
                0x0040798e        0x4 CMakeFiles/paneldue.elf.dir/src/UI/Display.cpp.obj
                0x0040798e                ModernAlertNavButton::GetHeight() const
 .text._ZNK21ModernMasterNavButton9GetHeightEv
                0x00407992        0x4 CMakeFiles/paneldue.elf.dir/src/UI/Display.cpp.obj
                0x00407992                ModernMasterNavButton::GetHeight() const
 .text._ZNK13CharButtonRow9GetIParamEj
                0x00407996        0x6 CMakeFiles/paneldue.elf.dir/src/UI/Display.cpp.obj
                0x00407996                CharButtonRow::GetIParam(unsigned int) const
 .text._ZNK10TextButton9IsVisibleEv
                0x0040799c        0xe CMakeFiles/paneldue.elf.dir/src/UI/Display.cpp.obj
                0x0040799c                TextButton::IsVisible() const
 *fill*         0x004079aa        0x2 
 .text._ZNK10IconButton9GetHeightEv
                0x004079ac       0x18 CMakeFiles/paneldue.elf.dir/src/UI/Display.cpp.obj
                0x004079ac                IconButton::GetHeight() const
 .text._ZNK11ProgressBar9GetHeightEv
                0x004079c4        0x4 CMakeFiles/paneldue.elf.dir/src/UI/Display.cpp.obj
                0x004079c4                ProgressBar::GetHeight() const
 .text._ZNK10DrawDirect9GetHeightEv
                0x004079c8        0x4 CMakeFiles/paneldue.elf.dir/src/UI/Display.cpp.obj
                0x004079c8                DrawDirect::GetHeight() const
 .text._ZNK10MainWindow8ContainsEtttt
                0x004079cc        0x4 CMakeFiles/paneldue.elf.dir/src/UI/Display.cpp.obj
                0x004079cc                MainWindow::Contains(unsigned short, unsigned short, unsigned short, unsigned short) const
 .text._ZNK11PopupWindow8ContainsEtttt
                0x004079d0       0x34 CMakeFiles/paneldue.elf.dir/src/UI/Display.cpp.obj
                0x004079d0                PopupWindow::Contains(unsigned short, unsigned short, unsigned short, unsigned short) const
 .text._ZNK13FieldWithText9GetHeightEv
                0x00407a04       0x26 CMakeFiles/paneldue.elf.dir/src/UI/Display.cpp.obj
                0x00407a04                FieldWithText::GetHeight() const
 .text._ZN12SingleButton5PressEbi
                0x00407a2a       0x16 CMakeFiles/paneldue.elf.dir/src/UI/Display.cpp.obj
                0x00407a2a                SingleButton::Press(bool, int)
 .text._ZNK14ButtonWithText9GetHeightEv
                0x00407a40       0x24 CMakeFiles/paneldue.elf.dir/src/UI/Display.cpp.obj
                0x00407a40                ButtonWithText::GetHeight() const
 .text._ZNK17ButtonRowWithText9GetHeightEv
                0x00407a64       0x24 CMakeFiles/paneldue.elf.dir/src/UI/Display.cpp.obj
                0x00407a64                ButtonRowWithText::GetHeight() const
 .text._ZN13CharButtonRow5PressEbi
                0x00407a88        0xc CMakeFiles/paneldue.elf.dir/src/UI/Display.cpp.obj
                0x00407a88                CharButtonRow::Press(bool, int)
 .text._ZN10DrawDirect7RefreshEbtt
                0x00407a94       0x1c CMakeFiles/paneldue.elf.dir/src/UI/Display.cpp.obj
                0x00407a94                DrawDirect::Refresh(bool, unsigned short, unsigned short)
 .text._ZNK9TextField9PrintTextEv
                0x00407ab0       0x30 CMakeFiles/paneldue.elf.dir/src/UI/Display.cpp.obj
                0x00407ab0                TextField::PrintText() const
 .text._ZNK10FloatField9PrintTextEv
                0x00407ae0       0x50 CMakeFiles/paneldue.elf.dir/src/UI/Display.cpp.obj
                0x00407ae0                FloatField::PrintText() const
 .text._ZNK12IntegerField9PrintTextEv
                0x00407b30       0x3c CMakeFiles/paneldue.elf.dir/src/UI/Display.cpp.obj
                0x00407b30                IntegerField::PrintText() const
 .text._ZNK15StaticTextField9PrintTextEv
                0x00407b6c       0x1c CMakeFiles/paneldue.elf.dir/src/UI/Display.cpp.obj
                0x00407b6c                StaticTextField::PrintText() const
 .text._ZNK10TextButton9PrintTextEj
                0x00407b88       0x1c CMakeFiles/paneldue.elf.dir/src/UI/Display.cpp.obj
                0x00407b88                TextButton::PrintText(unsigned int) const
 .text._ZNK13IntegerButton9PrintTextEj
                0x00407ba4       0x40 CMakeFiles/paneldue.elf.dir/src/UI/Display.cpp.obj
                0x00407ba4                IntegerButton::PrintText(unsigned int) const
 .text._ZL11FillOctagoniii
                0x00407be4       0x68 CMakeFiles/paneldue.elf.dir/src/UI/Display.cpp.obj
 .text._ZN16ModernStopButton7RefreshEbtt
                0x00407c4c       0xec CMakeFiles/paneldue.elf.dir/src/UI/Display.cpp.obj
                0x00407c4c                ModernStopButton::Refresh(bool, unsigned short, unsigned short)
 .text._ZN10ModernCard7RefreshEbtt
                0x00407d38       0xbc CMakeFiles/paneldue.elf.dir/src/UI/Display.cpp.obj
                0x00407d38                ModernCard::Refresh(bool, unsigned short, unsigned short)
 .text._ZN16ModernTextButton7RefreshEbtt
                0x00407df4      0x188 CMakeFiles/paneldue.elf.dir/src/UI/Display.cpp.obj
                0x00407df4                ModernTextButton::Refresh(bool, unsigned short, unsigned short)
 .text._ZN19ModernBedCompButton7RefreshEbtt
                0x00407f7c      0x11c CMakeFiles/paneldue.elf.dir/src/UI/Display.cpp.obj
                0x00407f7c                ModernBedCompButton::Refresh(bool, unsigned short, unsigned short)
 .text._ZN11ProgressBar7RefreshEbtt
                0x00408098      0x154 CMakeFiles/paneldue.elf.dir/src/UI/Display.cpp.obj
                0x00408098                ProgressBar::Refresh(bool, unsigned short, unsigned short)
 .text._ZN19ModernResourceLabel7RefreshEbtt
                0x004081ec      0x258 CMakeFiles/paneldue.elf.dir/src/UI/Display.cpp.obj
                0x004081ec                ModernResourceLabel::Refresh(bool, unsigned short, unsigned short)
 .text._ZN16ModernHomeButton7RefreshEbtt
                0x00408444      0x1e8 CMakeFiles/paneldue.elf.dir/src/UI/Display.cpp.obj
                0x00408444                ModernHomeButton::Refresh(bool, unsigned short, unsigned short)
 .text._ZN13FieldWithText7RefreshEbtt
                0x0040862c      0x198 CMakeFiles/paneldue.elf.dir/src/UI/Display.cpp.obj
                0x0040862c                FieldWithText::Refresh(bool, unsigned short, unsigned short)
 .text._ZN17ModernPowerButton7RefreshEbtt
                0x004087c4      0x11c CMakeFiles/paneldue.elf.dir/src/UI/Display.cpp.obj
                0x004087c4                ModernPowerButton::Refresh(bool, unsigned short, unsigned short)
 .text._ZN20ModernAlertNavButton7RefreshEbtt
                0x004088e0      0x158 CMakeFiles/paneldue.elf.dir/src/UI/Display.cpp.obj
                0x004088e0                ModernAlertNavButton::Refresh(bool, unsigned short, unsigned short)
 .text._ZN21ModernMasterNavButton7RefreshEbtt
                0x00408a38      0x1f8 CMakeFiles/paneldue.elf.dir/src/UI/Display.cpp.obj
                0x00408a38                ModernMasterNavButton::Refresh(bool, unsigned short, unsigned short)
 .text._ZN23ModernTemperatureButton7RefreshEbtt
                0x00408c30      0x1b0 CMakeFiles/paneldue.elf.dir/src/UI/Display.cpp.obj
                0x00408c30                ModernTemperatureButton::Refresh(bool, unsigned short, unsigned short)
 .text._ZN16ModernIconButton7RefreshEbtt
                0x00408de0      0x3c0 CMakeFiles/paneldue.elf.dir/src/UI/Display.cpp.obj
                0x00408de0                ModernIconButton::Refresh(bool, unsigned short, unsigned short)
 .text._ZNK13CharButtonRow9PrintTextEj
                0x004091a0       0x14 CMakeFiles/paneldue.elf.dir/src/UI/Display.cpp.obj
                0x004091a0                CharButtonRow::PrintText(unsigned int) const
 .text._ZNK12DisplayField7GetMaxYEv
                0x004091b4       0x12 CMakeFiles/paneldue.elf.dir/src/UI/Display.cpp.obj
                0x004091b4                DisplayField::GetMaxY() const
 *fill*         0x004091c6        0x2 
 .text._ZN10ButtonBase10CheckEventEttRiR11ButtonPress
                0x004091c8       0x84 CMakeFiles/paneldue.elf.dir/src/UI/Display.cpp.obj
                0x004091c8                ButtonBase::CheckEvent(unsigned short, unsigned short, int&, ButtonPress&)
 .text._ZN13CharButtonRow10CheckEventEttRiR11ButtonPress
                0x0040924c       0xa0 CMakeFiles/paneldue.elf.dir/src/UI/Display.cpp.obj
                0x0040924c                CharButtonRow::CheckEvent(unsigned short, unsigned short, int&, ButtonPress&)
 .text._ZN12DisplayFieldC2Ettt
                0x004092ec       0x38 CMakeFiles/paneldue.elf.dir/src/UI/Display.cpp.obj
                0x004092ec                DisplayField::DisplayField(unsigned short, unsigned short, unsigned short)
                0x004092ec                DisplayField::DisplayField(unsigned short, unsigned short, unsigned short)
 .text._ZN12DisplayField11SetTextRowsEPKc
                0x00409324       0x20 CMakeFiles/paneldue.elf.dir/src/UI/Display.cpp.obj
                0x00409324                DisplayField::SetTextRows(char const*)
 .text._ZN12DisplayField19SetPositionAndWidthEtt
                0x00409344       0x1a CMakeFiles/paneldue.elf.dir/src/UI/Display.cpp.obj
                0x00409344                DisplayField::SetPositionAndWidth(unsigned short, unsigned short)
 .text._ZN12DisplayField11SetPositionEtt
                0x0040935e       0x1a CMakeFiles/paneldue.elf.dir/src/UI/Display.cpp.obj
                0x0040935e                DisplayField::SetPosition(unsigned short, unsigned short)
 .text._ZN12DisplayField17SetDefaultColoursEttttttPKt
                0x00409378       0x48 CMakeFiles/paneldue.elf.dir/src/UI/Display.cpp.obj
                0x00409378                DisplayField::SetDefaultColours(unsigned short, unsigned short, unsigned short, unsigned short, unsigned short, unsigned short, unsigned short const*)
 .text._ZN12DisplayField12GetTextWidthEPKct
                0x004093c0       0x48 CMakeFiles/paneldue.elf.dir/src/UI/Display.cpp.obj
                0x004093c0                DisplayField::GetTextWidth(char const*, unsigned short)
 .text._ZN12DisplayField12GetTextWidthEPKctj
                0x00409408       0x38 CMakeFiles/paneldue.elf.dir/src/UI/Display.cpp.obj
                0x00409408                DisplayField::GetTextWidth(char const*, unsigned short, unsigned int)
 .text._ZN12DisplayField4ShowEb
                0x00409440       0x16 CMakeFiles/paneldue.elf.dir/src/UI/Display.cpp.obj
                0x00409440                DisplayField::Show(bool)
 .text._ZN12DisplayField9FindEventEttPS_
                0x00409456       0x36 CMakeFiles/paneldue.elf.dir/src/UI/Display.cpp.obj
                0x00409456                DisplayField::FindEvent(unsigned short, unsigned short, DisplayField*)
 .text._ZN12DisplayField10SetColoursEtt
                0x0040948c       0x1a CMakeFiles/paneldue.elf.dir/src/UI/Display.cpp.obj
                0x0040948c                DisplayField::SetColours(unsigned short, unsigned short)
 .text._ZN11ButtonPressC2Ev
                0x004094a6        0x8 CMakeFiles/paneldue.elf.dir/src/UI/Display.cpp.obj
                0x004094a6                ButtonPress::ButtonPress()
                0x004094a6                ButtonPress::ButtonPress()
 .text._ZN11ButtonPress5ClearEv
                0x004094ae        0x8 CMakeFiles/paneldue.elf.dir/src/UI/Display.cpp.obj
                0x004094ae                ButtonPress::Clear()
 .text._ZNK11ButtonPress8GetEventEv
                0x004094b6        0x8 CMakeFiles/paneldue.elf.dir/src/UI/Display.cpp.obj
                0x004094b6                ButtonPress::GetEvent() const
 .text._ZNK11ButtonPress9GetIParamEv
                0x004094be        0xc CMakeFiles/paneldue.elf.dir/src/UI/Display.cpp.obj
                0x004094be                ButtonPress::GetIParam() const
 .text._ZNK11ButtonPress9GetSParamEv
                0x004094ca        0xc CMakeFiles/paneldue.elf.dir/src/UI/Display.cpp.obj
                0x004094ca                ButtonPress::GetSParam() const
 .text._ZNK11ButtonPresseqERKS_
                0x004094d6       0x18 CMakeFiles/paneldue.elf.dir/src/UI/Display.cpp.obj
                0x004094d6                ButtonPress::operator==(ButtonPress const&) const
 .text._ZN6Window8AddFieldEP12DisplayField
                0x004094ee        0xa CMakeFiles/paneldue.elf.dir/src/UI/Display.cpp.obj
                0x004094ee                Window::AddField(DisplayField*)
 .text._ZNK6Window15ObscuredByPopupEPK12DisplayField
                0x004094f8       0x6c CMakeFiles/paneldue.elf.dir/src/UI/Display.cpp.obj
                0x004094f8                Window::ObscuredByPopup(DisplayField const*) const
 .text._ZN11PopupWindow7RefreshEb
                0x00409564       0xec CMakeFiles/paneldue.elf.dir/src/UI/Display.cpp.obj
                0x00409564                PopupWindow::Refresh(bool)
 .text._ZNK6Window7VisibleEPK12DisplayField
                0x00409650       0x24 CMakeFiles/paneldue.elf.dir/src/UI/Display.cpp.obj
                0x00409650                Window::Visible(DisplayField const*) const
 .text._ZN10MainWindow7RefreshEb
                0x00409674       0x58 CMakeFiles/paneldue.elf.dir/src/UI/Display.cpp.obj
                0x00409674                MainWindow::Refresh(bool)
 .text._ZN6Window9FindEventEtt
                0x004096cc       0x5c CMakeFiles/paneldue.elf.dir/src/UI/Display.cpp.obj
                0x004096cc                Window::FindEvent(unsigned short, unsigned short)
 .text._ZN6Window21FindEventOutsidePopupEtt
                0x00409728       0x44 CMakeFiles/paneldue.elf.dir/src/UI/Display.cpp.obj
                0x00409728                Window::FindEventOutsidePopup(unsigned short, unsigned short)
 .text._ZN6Window8SetPopupEP11PopupWindowttbtt
                0x0040976c       0x6c CMakeFiles/paneldue.elf.dir/src/UI/Display.cpp.obj
                0x0040976c                Window::SetPopup(PopupWindow*, unsigned short, unsigned short, bool, unsigned short, unsigned short)
 .text._ZN6Window10ClearPopupEbP11PopupWindow
                0x004097d8       0xd4 CMakeFiles/paneldue.elf.dir/src/UI/Display.cpp.obj
                0x004097d8                Window::ClearPopup(bool, PopupWindow*)
 .text._ZN6Window13IsPopupActiveEPK11PopupWindow
                0x004098ac        0xc CMakeFiles/paneldue.elf.dir/src/UI/Display.cpp.obj
                0x004098ac                Window::IsPopupActive(PopupWindow const*)
 .text._ZN6Window6RedrawEP12DisplayField
                0x004098b8       0xcc CMakeFiles/paneldue.elf.dir/src/UI/Display.cpp.obj
                0x004098b8                Window::Redraw(DisplayField*)
 .text._ZN6Window4ShowEP12DisplayFieldb
                0x00409984       0xd0 CMakeFiles/paneldue.elf.dir/src/UI/Display.cpp.obj
                0x00409984                Window::Show(DisplayField*, bool)
 .text._ZN6Window5PressE11ButtonPressb
                0x00409a54       0x38 CMakeFiles/paneldue.elf.dir/src/UI/Display.cpp.obj
                0x00409a54                Window::Press(ButtonPress, bool)
 .text._ZN10MainWindowC2Ev
                0x00409a8c       0x14 CMakeFiles/paneldue.elf.dir/src/UI/Display.cpp.obj
                0x00409a8c                MainWindow::MainWindow()
                0x00409a8c                MainWindow::MainWindow()
 .text._ZN10MainWindow4InitEt
                0x00409aa0        0x4 CMakeFiles/paneldue.elf.dir/src/UI/Display.cpp.obj
                0x00409aa0                MainWindow::Init(unsigned short)